onednn_verbose,v1,info,oneDNN v3.12.0 (commit 80afa71049cd69a3df32adcccb623b12cd7baa22)
onednn_verbose,v1,info,cpu,runtime:OpenMP,nthr:1
onednn_verbose,v1,info,cpu,isa:Intel AVX10.1 and Intel AMX with bfloat16 and 8-bit integer support
onednn_verbose,v1,info,gpu,runtime:none
onednn_verbose,v1,info,graph,backend,0:dnnl_backend
onednn_verbose,v1,primitive,info,template:operation,engine,primitive,implementation,prop_kind,memory_descriptors,attributes,auxiliary,problem_desc,exec_time
onednn_verbose,v1,graph,info,template:operation,engine,partition_id,partition_kind,op_names,data_formats,logical_tensors,fpmath_mode,implementation,backend,exec_time
onednn_verbose,v1,primitive,exec,cpu,reorder,jit:uni,undef,src:f32::blocked:abcd::f0 dst:f32::blocked:Acdb16a::f0,attr-scratchpad:user,,64x3x7x7,0.0090332
onednn_verbose,v1,primitive,exec,cpu,convolution,jit:avx512_core,forward_training,src:f32:a:blocked:abcd::f0 wei:f32:a:blocked:Acdb16a::f0 bia:undef::undef::: dst:f32:a:blocked:aBcd16b::f0,attr-scratchpad:user,alg:convolution_direct,mb1_ic3oc64_ih224oh112kh7sh2dh0ph3_iw224ow112kw7sw2dw0pw3,1.82593
onednn_verbose,v1,primitive,exec,cpu,reorder,jit:blk,undef,src:f32::blocked:aBcd16b::f0 dst:f32::blocked:abcd::f0,attr-scratchpad:user,,1x64x112x112,0.358154
MKL_VERBOSE oneMKL 2024.0 Update 2 Product build 20240605 for Intel(R) 64 architecture Intel(R) Advanced Vector Extensions 512 (Intel(R) AVX-512) with support for INT8, BF16, FP16 (limited) instructions, and Intel(R) Advanced Matrix Extensions (Intel(R) AMX) with INT8 and BF16, Lnx 0.80GHz lp64 gnu_thread
MKL_VERBOSE SGEMM(N,N,3136,64,64,0x7ffc0c4f90b0,0x1ee69a80,3136,0x1fded740,64,0x7ffc0c4f90d0,0x1ef2dac0,3136) 292.90us CNR:OFF Dyn:0 FastMM:1 TID:0  NThr:1
onednn_verbose,v1,primitive,exec,cpu,reorder,jit:blk,undef,src:f32::blocked:abcd::f0 dst:f32::blocked:aBcd16b::f0,attr-scratchpad:user,,1x64x56x56,0.0668945
onednn_verbose,v1,primitive,exec,cpu,reorder,jit:uni,undef,src:f32::blocked:abcd::f0 dst:f32::blocked:ABcd16b16a::f0,attr-scratchpad:user,,64x64x3x3,0.0239258
onednn_verbose,v1,primitive,exec,cpu,convolution,jit:avx512_core,forward_training,src:f32:a:blocked:aBcd16b::f0 wei:f32:a:blocked:ABcd16b16a::f0 bia:undef::undef::: dst:f32:a:blocked:aBcd16b::f0,attr-scratchpad:user,alg:convolution_direct,mb1_ic64oc64_ih56oh56kh3sh1dh0ph1_iw56ow56kw3sw1dw0pw1,1.75195
onednn_verbose,v1,primitive,exec,cpu,reorder,jit:blk,undef,src:f32::blocked:aBcd16b::f0 dst:f32::blocked:abcd::f0,attr-scratchpad:user,,1x64x56x56,0.0681152
MKL_VERBOSE SGEMM(N,N,3136,256,64,0x7ffc0c4f90b0,0x1f0b5b40,3136,0x1fe174c0,64,0x7ffc0c4f90d0,0x1f179b80,3136) 881.23us CNR:OFF Dyn:0 FastMM:1 TID:0  NThr:1
MKL_VERBOSE SGEMM(N,N,3136,256,64,0x7ffc0c4f8980,0x1ee69a80,3136,0x1fddbc80,64,0x7ffc0c4f89a0,0x1ef2dac0,3136) 861.62us CNR:OFF Dyn:0 FastMM:1 TID:0  NThr:1
MKL_VERBOSE SGEMM(N,N,3136,64,256,0x7ffc0c4f90b0,0x1fa385c0,3136,0x1fe28f80,256,0x7ffc0c4f90d0,0x1ef2dac0,3136) 785.94us CNR:OFF Dyn:0 FastMM:1 TID:0  NThr:1
onednn_verbose,v1,primitive,exec,cpu,reorder,jit:blk,undef,src:f32::blocked:abcd::f0 dst:f32::blocked:aBcd16b::f0,attr-scratchpad:user,,1x64x56x56,0.0581055
onednn_verbose,v1,primitive,exec,cpu,reorder,jit:uni,undef,src:f32::blocked:abcd::f0 dst:f32::blocked:ABcd16b16a::f0,attr-scratchpad:user,,64x64x3x3,0.0219727
onednn_verbose,v1,primitive,exec,cpu,convolution,jit:avx512_core,forward_training,src:f32:a:blocked:aBcd16b::f0 wei:f32:a:blocked:ABcd16b16a::f0 bia:undef::undef::: dst:f32:a:blocked:aBcd16b::f0,attr-scratchpad:user,alg:convolution_direct,mb1_ic64oc64_ih56oh56kh3sh1dh0ph1_iw56ow56kw3sw1dw0pw1,1.74487
onednn_verbose,v1,primitive,exec,cpu,reorder,jit:blk,undef,src:f32::blocked:aBcd16b::f0 dst:f32::blocked:abcd::f0,attr-scratchpad:user,,1x64x56x56,0.0649414
MKL_VERBOSE SGEMM(N,N,3136,256,64,0x7ffc0c4f90b0,0x1f301c00,3136,0x1fe5ed00,64,0x7ffc0c4f90d0,0x1ef2dac0,3136) 834.24us CNR:OFF Dyn:0 FastMM:1 TID:0  NThr:1
MKL_VERBOSE SGEMM(N,N,3136,64,256,0x7ffc0c4f90b0,0x20f6c800,3136,0x1fe707c0,256,0x7ffc0c4f90d0,0x1fa385c0,3136) 782.96us CNR:OFF Dyn:0 FastMM:1 TID:0  NThr:1
onednn_verbose,v1,primitive,exec,cpu,reorder,jit:blk,undef,src:f32::blocked:abcd::f0 dst:f32::blocked:aBcd16b::f0,attr-scratchpad:user,,1x64x56x56,0.0571289
onednn_verbose,v1,primitive,exec,cpu,reorder,jit:uni,undef,src:f32::blocked:abcd::f0 dst:f32::blocked:ABcd16b16a::f0,attr-scratchpad:user,,64x64x3x3,0.0219727
onednn_verbose,v1,primitive,exec,cpu,convolution,jit:avx512_core,forward_training,src:f32:a:blocked:aBcd16b::f0 wei:f32:a:blocked:ABcd16b16a::f0 bia:undef::undef::: dst:f32:a:blocked:aBcd16b::f0,attr-scratchpad:user,alg:convolution_direct,mb1_ic64oc64_ih56oh56kh3sh1dh0ph1_iw56ow56kw3sw1dw0pw1,1.73901
onednn_verbose,v1,primitive,exec,cpu,reorder,jit:blk,undef,src:f32::blocked:aBcd16b::f0 dst:f32::blocked:abcd::f0,attr-scratchpad:user,,1x64x56x56,0.0661621
MKL_VERBOSE SGEMM(N,N,3136,256,64,0x7ffc0c4f90b0,0x1fbc0640,3136,0x1fea6540,64,0x7ffc0c4f90d0,0x1ef2dac0,3136) 832.62us CNR:OFF Dyn:0 FastMM:1 TID:0  NThr:1
MKL_VERBOSE SGEMM(N,N,3136,128,256,0x7ffc0c4f90b0,0x2127c840,3136,0x1ff3aac0,256,0x7ffc0c4f90d0,0x20f6c800,3136) 1.64ms CNR:OFF Dyn:0 FastMM:1 TID:0  NThr:1
onednn_verbose,v1,primitive,exec,cpu,reorder,jit:blk,undef,src:f32::blocked:abcd::f0 dst:f32::blocked:aBcd16b::f0,attr-scratchpad:user,,1x128x56x56,0.146973
onednn_verbose,v1,primitive,exec,cpu,reorder,jit:uni,undef,src:f32::blocked:abcd::f0 dst:f32::blocked:ABcd16b16a::f0,attr-scratchpad:user,,128x128x3x3,0.0788574
onednn_verbose,v1,primitive,exec,cpu,convolution,jit:avx512_core,forward_training,src:f32:a:blocked:aBcd16b::f0 wei:f32:a:blocked:ABcd16b16a::f0 bia:undef::undef::: dst:f32:a:blocked:aBcd16b::f0,attr-scratchpad:user,alg:convolution_direct,mb1_ic128oc128_ih56oh28kh3sh2dh0ph1_iw56ow28kw3sw2dw0pw1,1.83301
onednn_verbose,v1,primitive,exec,cpu,reorder,jit:blk,undef,src:f32::blocked:aBcd16b::f0 dst:f32::blocked:abcd::f0,attr-scratchpad:user,,1x128x28x28,0.0410156
MKL_VERBOSE SGEMM(N,N,784,512,128,0x7ffc0c4f90b0,0x1ed3f600,784,0x1ffed040,128,0x7ffc0c4f90d0,0x20f6c800,784) 834.98us CNR:OFF Dyn:0 FastMM:1 TID:0  NThr:1
onednn_verbose,v1,primitive,exec,cpu,reorder,jit:blk,undef,src:f32::blocked:abcd::f0 dst:f32::blocked:aBcd16b::f0,attr-scratchpad:user,,1x256x56x56,0.300781
onednn_verbose,v1,primitive,exec,cpu,reorder,jit:blk,undef,src:f32::blocked:abcd::f0 dst:f32::blocked:ABcd16b16a::f0,attr-scratchpad:user,,512x256x1x1,0.0629883
onednn_verbose,v1,primitive,exec,cpu,convolution,jit_1x1:avx512_core,forward_training,src:f32:a:blocked:aBcd16b::f0 wei:f32:a:blocked:ABcd16b16a::f0 bia:undef::undef::: dst:f32:a:blocked:aBcd16b::f0,attr-scratchpad:user,alg:convolution_direct,mb1_ic256oc512_ih56oh28kh1sh2dh0ph0_iw56ow28kw1sw2dw0pw0,1.69678
onednn_verbose,v1,primitive,exec,cpu,reorder,jit:blk,undef,src:f32::blocked:aBcd16b::f0 dst:f32::blocked:abcd::f0,attr-scratchpad:user,,1x512x28x28,0.131104
MKL_VERBOSE SGEMM(N,N,784,128,512,0x7ffc0c4f90b0,0x1fa385c0,784,0x2002fb00,512,0x7ffc0c4f90d0,0x1edd9380,784) 824.21us CNR:OFF Dyn:0 FastMM:1 TID:0  NThr:1
onednn_verbose,v1,primitive,exec,cpu,reorder,jit:blk,undef,src:f32::blocked:abcd::f0 dst:f32::blocked:aBcd16b::f0,attr-scratchpad:user,,1x128x28x28,0.0249023
onednn_verbose,v1,primitive,exec,cpu,reorder,jit:uni,undef,src:f32::blocked:abcd::f0 dst:f32::blocked:ABcd16b16a::f0,attr-scratchpad:user,,128x128x3x3,0.0769043
onednn_verbose,v1,primitive,exec,cpu,convolution,jit:avx512_core,forward_training,src:f32:a:blocked:aBcd16b::f0 wei:f32:a:blocked:ABcd16b16a::f0 bia:undef::undef::: dst:f32:a:blocked:aBcd16b::f0,attr-scratchpad:user,alg:convolution_direct,mb1_ic128oc128_ih28oh28kh3sh1dh0ph1_iw28ow28kw3sw1dw0pw1,1.70801
onednn_verbose,v1,primitive,exec,cpu,reorder,jit:blk,undef,src:f32::blocked:aBcd16b::f0 dst:f32::blocked:abcd::f0,attr-scratchpad:user,,1x128x28x28,0.0200195
MKL_VERBOSE SGEMM(N,N,784,512,128,0x7ffc0c4f90b0,0x1fbc0600,784,0x20102080,128,0x7ffc0c4f90d0,0x1fc22640,784) 834.62us CNR:OFF Dyn:0 FastMM:1 TID:0  NThr:1
MKL_VERBOSE SGEMM(N,N,784,128,512,0x7ffc0c4f90b0,0x20f6c800,784,0x20144b40,512,0x7ffc0c4f90d0,0x1edd9380,784) 795.19us CNR:OFF Dyn:0 FastMM:1 TID:0  NThr:1
onednn_verbose,v1,primitive,exec,cpu,reorder,jit:blk,undef,src:f32::blocked:abcd::f0 dst:f32::blocked:aBcd16b::f0,attr-scratchpad:user,,1x128x28x28,0.0212402
onednn_verbose,v1,primitive,exec,cpu,reorder,jit:uni,undef,src:f32::blocked:abcd::f0 dst:f32::blocked:ABcd16b16a::f0,attr-scratchpad:user,,128x128x3x3,0.0749512
onednn_verbose,v1,primitive,exec,cpu,convolution,jit:avx512_core,forward_training,src:f32:a:blocked:aBcd16b::f0 wei:f32:a:blocked:ABcd16b16a::f0 bia:undef::undef::: dst:f32:a:blocked:aBcd16b::f0,attr-scratchpad:user,alg:convolution_direct,mb1_ic128oc128_ih28oh28kh3sh1dh0ph1_iw28ow28kw3sw1dw0pw1,1.70996
onednn_verbose,v1,primitive,exec,cpu,reorder,jit:blk,undef,src:f32::blocked:aBcd16b::f0 dst:f32::blocked:abcd::f0,attr-scratchpad:user,,1x128x28x28,0.0229492
MKL_VERBOSE SGEMM(N,N,784,512,128,0x7ffc0c4f90b0,0x210f4840,784,0x202170c0,128,0x7ffc0c4f90d0,0x1fa385c0,784) 825.23us CNR:OFF Dyn:0 FastMM:1 TID:0  NThr:1
MKL_VERBOSE SGEMM(N,N,784,128,512,0x7ffc0c4f90b0,0x1fbc0600,784,0x20259b80,512,0x7ffc0c4f90d0,0x1edd9380,784) 800.02us CNR:OFF Dyn:0 FastMM:1 TID:0  NThr:1
onednn_verbose,v1,primitive,exec,cpu,reorder,jit:blk,undef,src:f32::blocked:abcd::f0 dst:f32::blocked:aBcd16b::f0,attr-scratchpad:user,,1x128x28x28,0.0209961
onednn_verbose,v1,primitive,exec,cpu,reorder,jit:uni,undef,src:f32::blocked:abcd::f0 dst:f32::blocked:ABcd16b16a::f0,attr-scratchpad:user,,128x128x3x3,0.0749512
onednn_verbose,v1,primitive,exec,cpu,convolution,jit:avx512_core,forward_training,src:f32:a:blocked:aBcd16b::f0 wei:f32:a:blocked:ABcd16b16a::f0 bia:undef::undef::: dst:f32:a:blocked:aBcd16b::f0,attr-scratchpad:user,alg:convolution_direct,mb1_ic128oc128_ih28oh28kh3sh1dh0ph1_iw28ow28kw3sw1dw0pw1,1.72095
onednn_verbose,v1,primitive,exec,cpu,reorder,jit:blk,undef,src:f32::blocked:aBcd16b::f0 dst:f32::blocked:abcd::f0,attr-scratchpad:user,,1x128x28x28,0.019043
MKL_VERBOSE SGEMM(N,N,784,512,128,0x7ffc0c4f90b0,0x1ed3f600,784,0x2032c100,128,0x7ffc0c4f90d0,0x20f6c800,784) 831.52us CNR:OFF Dyn:0 FastMM:1 TID:0  NThr:1
MKL_VERBOSE SGEMM(N,N,784,256,512,0x7ffc0c4f90b0,0x1ef2dac0,784,0x20373640,512,0x7ffc0c4f90d0,0x1fa385c0,784) 1.73ms CNR:OFF Dyn:0 FastMM:1 TID:0  NThr:1
onednn_verbose,v1,primitive,exec,cpu,reorder,jit:blk,undef,src:f32::blocked:abcd::f0 dst:f32::blocked:aBcd16b::f0,attr-scratchpad:user,,1x256x28x28,0.0610352
onednn_verbose,v1,primitive,exec,cpu,reorder,jit:uni,undef,src:f32::blocked:abcd::f0 dst:f32::blocked:ABcd16b16a::f0,attr-scratchpad:user,,256x256x3x3,0.291016
onednn_verbose,v1,primitive,exec,cpu,convolution,jit:avx512_core,forward_training,src:f32:a:blocked:aBcd16b::f0 wei:f32:a:blocked:ABcd16b16a::f0 bia:undef::undef::: dst:f32:a:blocked:aBcd16b::f0,attr-scratchpad:user,alg:convolution_direct,mb1_ic256oc256_ih28oh14kh3sh2dh0ph1_iw28ow14kw3sw2dw0pw1,1.74512
onednn_verbose,v1,primitive,exec,cpu,reorder,jit:blk,undef,src:f32::blocked:aBcd16b::f0 dst:f32::blocked:abcd::f0,attr-scratchpad:user,,1x256x14x14,0.0229492
MKL_VERBOSE SGEMM(N,N,196,1024,256,0x7ffc0c4f90b0,0x1ed3f600,196,0x203f6b80,256,0x7ffc0c4f90d0,0x1fa385c0,196) 957.62us CNR:OFF Dyn:0 FastMM:1 TID:0  NThr:1
onednn_verbose,v1,primitive,exec,cpu,reorder,jit:blk,undef,src:f32::blocked:abcd::f0 dst:f32::blocked:aBcd16b::f0,attr-scratchpad:user,,1x512x28x28,0.156006
onednn_verbose,v1,primitive,exec,cpu,reorder,jit:blk,undef,src:f32::blocked:abcd::f0 dst:f32::blocked:ABcd16b16a::f0,attr-scratchpad:user,,1024x512x1x1,0.2229
onednn_verbose,v1,primitive,exec,cpu,convolution,jit_1x1:avx512_core,forward_training,src:f32:a:blocked:aBcd16b::f0 wei:f32:a:blocked:ABcd16b16a::f0 bia:undef::undef::: dst:f32:a:blocked:aBcd16b::f0,attr-scratchpad:user,alg:convolution_direct,mb1_ic512oc1024_ih28oh14kh1sh2dh0ph0_iw28ow14kw1sw2dw0pw0,1.65405
onednn_verbose,v1,primitive,exec,cpu,reorder,jit:blk,undef,src:f32::blocked:aBcd16b::f0 dst:f32::blocked:abcd::f0,attr-scratchpad:user,,1x1024x14x14,0.092041
MKL_VERBOSE SGEMM(N,N,196,256,1024,0x7ffc0c4f90b0,0x1fafc600,196,0x204fb640,1024,0x7ffc0c4f90d0,0x1edd9380,196) 1.01ms CNR:OFF Dyn:0 FastMM:1 TID:0  NThr:1
onednn_verbose,v1,primitive,exec,cpu,reorder,jit:blk,undef,src:f32::blocked:abcd::f0 dst:f32::blocked:aBcd16b::f0,attr-scratchpad:user,,1x256x14x14,0.0151367
onednn_verbose,v1,primitive,exec,cpu,reorder,jit:uni,undef,src:f32::blocked:abcd::f0 dst:f32::blocked:ABcd16b16a::f0,attr-scratchpad:user,,256x256x3x3,0.290039
onednn_verbose,v1,primitive,exec,cpu,convolution,jit:avx512_core,forward_training,src:f32:a:blocked:aBcd16b::f0 wei:f32:a:blocked:ABcd16b16a::f0 bia:undef::undef::: dst:f32:a:blocked:aBcd16b::f0,attr-scratchpad:user,alg:convolution_direct,mb1_ic256oc256_ih14oh14kh3sh1dh0ph1_iw14ow14kw3sw1dw0pw1,1.62988
onednn_verbose,v1,primitive,exec,cpu,reorder,jit:blk,undef,src:f32::blocked:aBcd16b::f0 dst:f32::blocked:abcd::f0,attr-scratchpad:user,,1x256x14x14,0.0219727
MKL_VERBOSE SGEMM(N,N,196,1024,256,0x7ffc0c4f90b0,0x1ed3f600,196,0x205feb80,256,0x7ffc0c4f90d0,0x1fbc0640,196) 954.19us CNR:OFF Dyn:0 FastMM:1 TID:0  NThr:1
MKL_VERBOSE SGEMM(N,N,196,256,1024,0x7ffc0c4f90b0,0x1fc84680,196,0x20703640,1024,0x7ffc0c4f90d0,0x1ede3700,196) 1.00ms CNR:OFF Dyn:0 FastMM:1 TID:0  NThr:1
onednn_verbose,v1,primitive,exec,cpu,reorder,jit:blk,undef,src:f32::blocked:abcd::f0 dst:f32::blocked:aBcd16b::f0,attr-scratchpad:user,,1x256x14x14,0.0148926
onednn_verbose,v1,primitive,exec,cpu,reorder,jit:uni,undef,src:f32::blocked:abcd::f0 dst:f32::blocked:ABcd16b16a::f0,attr-scratchpad:user,,256x256x3x3,0.285889
onednn_verbose,v1,primitive,exec,cpu,convolution,jit:avx512_core,forward_training,src:f32:a:blocked:aBcd16b::f0 wei:f32:a:blocked:ABcd16b16a::f0 bia:undef::undef::: dst:f32:a:blocked:aBcd16b::f0,attr-scratchpad:user,alg:convolution_direct,mb1_ic256oc256_ih14oh14kh3sh1dh0ph1_iw14ow14kw3sw1dw0pw1,1.63306
onednn_verbose,v1,primitive,exec,cpu,reorder,jit:blk,undef,src:f32::blocked:aBcd16b::f0 dst:f32::blocked:abcd::f0,attr-scratchpad:user,,1x256x14x14,0.0151367
MKL_VERBOSE SGEMM(N,N,196,1024,256,0x7ffc0c4f90b0,0x1ede3700,196,0x20806b80,256,0x7ffc0c4f90d0,0x1fa385c0,196) 955.06us CNR:OFF Dyn:0 FastMM:1 TID:0  NThr:1
MKL_VERBOSE SGEMM(N,N,196,256,1024,0x7ffc0c4f90b0,0x1fafc600,196,0x2090b640,1024,0x7ffc0c4f90d0,0x1ede3700,196) 989.18us CNR:OFF Dyn:0 FastMM:1 TID:0  NThr:1
onednn_verbose,v1,primitive,exec,cpu,reorder,jit:blk,undef,src:f32::blocked:abcd::f0 dst:f32::blocked:aBcd16b::f0,attr-scratchpad:user,,1x256x14x14,0.0100098
onednn_verbose,v1,primitive,exec,cpu,reorder,jit:uni,undef,src:f32::blocked:abcd::f0 dst:f32::blocked:ABcd16b16a::f0,attr-scratchpad:user,,256x256x3x3,0.294922
onednn_verbose,v1,primitive,exec,cpu,convolution,jit:avx512_core,forward_training,src:f32:a:blocked:aBcd16b::f0 wei:f32:a:blocked:ABcd16b16a::f0 bia:undef::undef::: dst:f32:a:blocked:aBcd16b::f0,attr-scratchpad:user,alg:convolution_direct,mb1_ic256oc256_ih14oh14kh3sh1dh0ph1_iw14ow14kw3sw1dw0pw1,1.63086
onednn_verbose,v1,primitive,exec,cpu,reorder,jit:blk,undef,src:f32::blocked:aBcd16b::f0 dst:f32::blocked:abcd::f0,attr-scratchpad:user,,1x256x14x14,0.0148926
MKL_VERBOSE SGEMM(N,N,196,1024,256,0x7ffc0c4f90b0,0x1ed70640,196,0x20a0ec80,256,0x7ffc0c4f90d0,0x1fbc0640,196) 952.42us CNR:OFF Dyn:0 FastMM:1 TID:0  NThr:1
MKL_VERBOSE SGEMM(N,N,196,256,1024,0x7ffc0c4f90b0,0x1fc84680,196,0x20b13800,1024,0x7ffc0c4f90d0,0x1ede3700,196) 992.00us CNR:OFF Dyn:0 FastMM:1 TID:0  NThr:1
onednn_verbose,v1,primitive,exec,cpu,reorder,jit:blk,undef,src:f32::blocked:abcd::f0 dst:f32::blocked:aBcd16b::f0,attr-scratchpad:user,,1x256x14x14,0.0100098
onednn_verbose,v1,primitive,exec,cpu,reorder,jit:uni,undef,src:f32::blocked:abcd::f0 dst:f32::blocked:ABcd16b16a::f0,attr-scratchpad:user,,256x256x3x3,0.283936
onednn_verbose,v1,primitive,exec,cpu,convolution,jit:avx512_core,forward_training,src:f32:a:blocked:aBcd16b::f0 wei:f32:a:blocked:ABcd16b16a::f0 bia:undef::undef::: dst:f32:a:blocked:aBcd16b::f0,attr-scratchpad:user,alg:convolution_direct,mb1_ic256oc256_ih14oh14kh3sh1dh0ph1_iw14ow14kw3sw1dw0pw1,1.63501
onednn_verbose,v1,primitive,exec,cpu,reorder,jit:blk,undef,src:f32::blocked:aBcd16b::f0 dst:f32::blocked:abcd::f0,attr-scratchpad:user,,1x256x14x14,0.0219727
MKL_VERBOSE SGEMM(N,N,196,1024,256,0x7ffc0c4f90b0,0x1ede3700,196,0x20c16e80,256,0x7ffc0c4f90d0,0x1fa385c0,196) 953.11us CNR:OFF Dyn:0 FastMM:1 TID:0  NThr:1
MKL_VERBOSE SGEMM(N,N,196,256,1024,0x7ffc0c4f90b0,0x1fafc600,196,0x20d1ba00,1024,0x7ffc0c4f90d0,0x1ede3700,196) 983.19us CNR:OFF Dyn:0 FastMM:1 TID:0  NThr:1
onednn_verbose,v1,primitive,exec,cpu,reorder,jit:blk,undef,src:f32::blocked:abcd::f0 dst:f32::blocked:aBcd16b::f0,attr-scratchpad:user,,1x256x14x14,0.0109863
onednn_verbose,v1,primitive,exec,cpu,reorder,jit:uni,undef,src:f32::blocked:abcd::f0 dst:f32::blocked:ABcd16b16a::f0,attr-scratchpad:user,,256x256x3x3,0.289062
onednn_verbose,v1,primitive,exec,cpu,convolution,jit:avx512_core,forward_training,src:f32:a:blocked:aBcd16b::f0 wei:f32:a:blocked:ABcd16b16a::f0 bia:undef::undef::: dst:f32:a:blocked:aBcd16b::f0,attr-scratchpad:user,alg:convolution_direct,mb1_ic256oc256_ih14oh14kh3sh1dh0ph1_iw14ow14kw3sw1dw0pw1,1.6311
onednn_verbose,v1,primitive,exec,cpu,reorder,jit:blk,undef,src:f32::blocked:aBcd16b::f0 dst:f32::blocked:abcd::f0,attr-scratchpad:user,,1x256x14x14,0.0148926
MKL_VERBOSE SGEMM(N,N,196,1024,256,0x7ffc0c4f90b0,0x1ed70640,196,0x20e1f080,256,0x7ffc0c4f90d0,0x1fbc0640,196) 952.76us CNR:OFF Dyn:0 FastMM:1 TID:0  NThr:1
MKL_VERBOSE SGEMM(N,N,196,512,1024,0x7ffc0c4f90b0,0x1fc84680,196,0x7e3538949040,1024,0x7ffc0c4f90d0,0x1fd486c0,196) 1.94ms CNR:OFF Dyn:0 FastMM:1 TID:0  NThr:1
onednn_verbose,v1,primitive,exec,cpu,reorder,jit:blk,undef,src:f32::blocked:abcd::f0 dst:f32::blocked:aBcd16b::f0,attr-scratchpad:user,,1x512x14x14,0.0229492
onednn_verbose,v1,primitive,exec,cpu,reorder,jit:uni,undef,src:f32::blocked:abcd::f0 dst:f32::blocked:ABcd16b16a::f0,attr-scratchpad:user,,512x512x3x3,2.32397
onednn_verbose,v1,primitive,exec,cpu,convolution,jit:avx512_core,forward_training,src:f32:a:blocked:aBcd16b::f0 wei:f32:a:blocked:ABcd16b16a::f0 bia:undef::undef::: dst:f32:a:blocked:aBcd16b::f0,attr-scratchpad:user,alg:convolution_direct,mb1_ic512oc512_ih14oh7kh3sh2dh0ph1_iw14ow7kw3sw2dw0pw1,2.3501
onednn_verbose,v1,primitive,exec,cpu,reorder,jit:blk,undef,src:f32::blocked:aBcd16b::f0 dst:f32::blocked:abcd::f0,attr-scratchpad:user,,1x512x7x7,0.0129395
MKL_VERBOSE SGEMM(N,N,49,2048,512,0x7ffc0c4f90b0,0x1ede3700,49,0x7e3537c47040,512,0x7ffc0c4f90d0,0x1fd486c0,49) 1.30ms CNR:OFF Dyn:0 FastMM:1 TID:0  NThr:1
onednn_verbose,v1,primitive,exec,cpu,reorder,jit:blk,undef,src:f32::blocked:abcd::f0 dst:f32::blocked:aBcd16b::f0,attr-scratchpad:user,,1x1024x14x14,0.0749512
onednn_verbose,v1,primitive,exec,cpu,reorder,jit:blk,undef,src:f32::blocked:abcd::f0 dst:f32::blocked:ABcd16b16a::f0,attr-scratchpad:user,,2048x1024x1x1,0.927002
onednn_verbose,v1,primitive,exec,cpu,convolution,jit_1x1:avx512_core,forward_training,src:f32:a:blocked:aBcd16b::f0 wei:f32:a:blocked:ABcd16b16a::f0 bia:undef::undef::: dst:f32:a:blocked:aBcd16b::f0,attr-scratchpad:user,alg:convolution_direct,mb1_ic1024oc2048_ih14oh7kh1sh2dh0ph0_iw14ow7kw1sw2dw0pw0,1.82007
onednn_verbose,v1,primitive,exec,cpu,reorder,jit:blk,undef,src:f32::blocked:aBcd16b::f0 dst:f32::blocked:abcd::f0,attr-scratchpad:user,,1x2048x7x7,0.0439453
MKL_VERBOSE SGEMM(N,N,49,512,2048,0x7ffc0c4f90b0,0x1ed47980,49,0x7e3537846040,2048,0x7ffc0c4f90d0,0x1eda99c0,49) 1.24ms CNR:OFF Dyn:0 FastMM:1 TID:0  NThr:1
onednn_verbose,v1,primitive,exec,cpu,reorder,jit:blk,undef,src:f32::blocked:abcd::f0 dst:f32::blocked:aBcd16b::f0,attr-scratchpad:user,,1x512x7x7,0.00683594
onednn_verbose,v1,primitive,exec,cpu,reorder,jit:uni,undef,src:f32::blocked:abcd::f0 dst:f32::blocked:ABcd16b16a::f0,attr-scratchpad:user,,512x512x3x3,1.11084
onednn_verbose,v1,primitive,exec,cpu,convolution,jit:avx512_core,forward_training,src:f32:a:blocked:aBcd16b::f0 wei:f32:a:blocked:ABcd16b16a::f0 bia:undef::undef::: dst:f32:a:blocked:aBcd16b::f0,attr-scratchpad:user,alg:convolution_direct,mb1_ic512oc512_ih7oh7kh3sh1dh0ph1_iw7ow7kw3sw1dw0pw1,2.02808
onednn_verbose,v1,primitive,exec,cpu,reorder,jit:blk,undef,src:f32::blocked:aBcd16b::f0 dst:f32::blocked:abcd::f0,attr-scratchpad:user,,1x512x7x7,0.00878906
MKL_VERBOSE SGEMM(N,N,49,2048,512,0x7ffc0c4f90b0,0x1edfbf40,49,0x7e3536b44040,512,0x7ffc0c4f90d0,0x1fa385c0,49) 1.29ms CNR:OFF Dyn:0 FastMM:1 TID:0  NThr:1
MKL_VERBOSE SGEMM(N,N,49,512,2048,0x7ffc0c4f90b0,0x1fa9a600,49,0x7e3536743040,2048,0x7ffc0c4f90d0,0x1edacec0,49) 1.22ms CNR:OFF Dyn:0 FastMM:1 TID:0  NThr:1
onednn_verbose,v1,primitive,exec,cpu,reorder,jit:blk,undef,src:f32::blocked:abcd::f0 dst:f32::blocked:aBcd16b::f0,attr-scratchpad:user,,1x512x7x7,0.00708008
onednn_verbose,v1,primitive,exec,cpu,reorder,jit:uni,undef,src:f32::blocked:abcd::f0 dst:f32::blocked:ABcd16b16a::f0,attr-scratchpad:user,,512x512x3x3,1.11816
onednn_verbose,v1,primitive,exec,cpu,convolution,jit:avx512_core,forward_training,src:f32:a:blocked:aBcd16b::f0 wei:f32:a:blocked:ABcd16b16a::f0 bia:undef::undef::: dst:f32:a:blocked:aBcd16b::f0,attr-scratchpad:user,alg:convolution_direct,mb1_ic512oc512_ih7oh7kh3sh1dh0ph1_iw7ow7kw3sw1dw0pw1,2.01611
onednn_verbose,v1,primitive,exec,cpu,reorder,jit:blk,undef,src:f32::blocked:aBcd16b::f0 dst:f32::blocked:abcd::f0,attr-scratchpad:user,,1x512x7x7,0.0100098
MKL_VERBOSE SGEMM(N,N,49,2048,512,0x7ffc0c4f90b0,0x1ee14780,49,0x7e3535a41040,512,0x7ffc0c4f90d0,0x1fafc640,49) 1.29ms CNR:OFF Dyn:0 FastMM:1 TID:0  NThr:1
MKL_VERBOSE SGEMM(T,N,1000,1,2048,0x7ffc0c4fb2f0,0x7e3535270040,2048,0x1edcaac0,2048,0x7ffc0c4fb310,0x1ee4b680,1000) 471.20us CNR:OFF Dyn:0 FastMM:1 TID:0  NThr:1
onednn_verbose,v1,primitive,exec,cpu,reorder,jit:uni,undef,src:f32::blocked:abcd::f0 dst:f32::blocked:Acdb16a::f0,attr-scratchpad:user,,64x3x7x7,0.00805664
onednn_verbose,v1,primitive,exec,cpu,convolution,jit:avx512_core,forward_training,src:f32:a:blocked:abcd::f0 wei:f32:a:blocked:Acdb16a::f0 bia:undef::undef::: dst:f32:a:blocked:aBcd16b::f0,attr-scratchpad:user,alg:convolution_direct,mb1_ic3oc64_ih224oh112kh7sh2dh0ph3_iw224ow112kw7sw2dw0pw3,1.76294
onednn_verbose,v1,primitive,exec,cpu,reorder,jit:blk,undef,src:f32::blocked:aBcd16b::f0 dst:f32::blocked:abcd::f0,attr-scratchpad:user,,1x64x112x112,0.302979
MKL_VERBOSE SGEMM(N,N,3136,64,64,0x7ffc0c4f90b0,0x1ee69a80,3136,0x1fded740,64,0x7ffc0c4f90d0,0x1fa385c0,3136) 236.01us CNR:OFF Dyn:0 FastMM:1 TID:0  NThr:1
onednn_verbose,v1,primitive,exec,cpu,reorder,jit:blk,undef,src:f32::blocked:abcd::f0 dst:f32::blocked:aBcd16b::f0,attr-scratchpad:user,,1x64x56x56,0.059082
onednn_verbose,v1,primitive,exec,cpu,reorder,jit:uni,undef,src:f32::blocked:abcd::f0 dst:f32::blocked:ABcd16b16a::f0,attr-scratchpad:user,,64x64x3x3,0.0219727
onednn_verbose,v1,primitive,exec,cpu,convolution,jit:avx512_core,forward_training,src:f32:a:blocked:aBcd16b::f0 wei:f32:a:blocked:ABcd16b16a::f0 bia:undef::undef::: dst:f32:a:blocked:aBcd16b::f0,attr-scratchpad:user,alg:convolution_direct,mb1_ic64oc64_ih56oh56kh3sh1dh0ph1_iw56ow56kw3sw1dw0pw1,1.73901
onednn_verbose,v1,primitive,exec,cpu,reorder,jit:blk,undef,src:f32::blocked:aBcd16b::f0 dst:f32::blocked:abcd::f0,attr-scratchpad:user,,1x64x56x56,0.0639648
MKL_VERBOSE SGEMM(N,N,3136,256,64,0x7ffc0c4f90b0,0x1fbc0640,3136,0x1fe174c0,64,0x7ffc0c4f90d0,0x1ef2dac0,3136) 832.03us CNR:OFF Dyn:0 FastMM:1 TID:0  NThr:1
MKL_VERBOSE SGEMM(N,N,3136,256,64,0x7ffc0c4f8980,0x1ee69a80,3136,0x1fddbc80,64,0x7ffc0c4f89a0,0x1fa385c0,3136) 849.02us CNR:OFF Dyn:0 FastMM:1 TID:0  NThr:1
MKL_VERBOSE SGEMM(N,N,3136,64,256,0x7ffc0c4f90b0,0x20f6c800,3136,0x1fe28f80,256,0x7ffc0c4f90d0,0x1fa385c0,3136) 788.40us CNR:OFF Dyn:0 FastMM:1 TID:0  NThr:1
onednn_verbose,v1,primitive,exec,cpu,reorder,jit:blk,undef,src:f32::blocked:abcd::f0 dst:f32::blocked:aBcd16b::f0,attr-scratchpad:user,,1x64x56x56,0.0568848
onednn_verbose,v1,primitive,exec,cpu,reorder,jit:uni,undef,src:f32::blocked:abcd::f0 dst:f32::blocked:ABcd16b16a::f0,attr-scratchpad:user,,64x64x3x3,0.0209961
onednn_verbose,v1,primitive,exec,cpu,convolution,jit:avx512_core,forward_training,src:f32:a:blocked:aBcd16b::f0 wei:f32:a:blocked:ABcd16b16a::f0 bia:undef::undef::: dst:f32:a:blocked:aBcd16b::f0,attr-scratchpad:user,alg:convolution_direct,mb1_ic64oc64_ih56oh56kh3sh1dh0ph1_iw56ow56kw3sw1dw0pw1,1.74121
onednn_verbose,v1,primitive,exec,cpu,reorder,jit:blk,undef,src:f32::blocked:aBcd16b::f0 dst:f32::blocked:abcd::f0,attr-scratchpad:user,,1x64x56x56,0.0639648
MKL_VERBOSE SGEMM(N,N,3136,256,64,0x7ffc0c4f90b0,0x1fbc0640,3136,0x1fe5ed00,64,0x7ffc0c4f90d0,0x1ef2dac0,3136) 829.41us CNR:OFF Dyn:0 FastMM:1 TID:0  NThr:1
MKL_VERBOSE SGEMM(N,N,3136,64,256,0x7ffc0c4f90b0,0x2127c840,3136,0x1fe707c0,256,0x7ffc0c4f90d0,0x20f6c800,3136) 818.50us CNR:OFF Dyn:0 FastMM:1 TID:0  NThr:1
onednn_verbose,v1,primitive,exec,cpu,reorder,jit:blk,undef,src:f32::blocked:abcd::f0 dst:f32::blocked:aBcd16b::f0,attr-scratchpad:user,,1x64x56x56,0.0568848
onednn_verbose,v1,primitive,exec,cpu,reorder,jit:uni,undef,src:f32::blocked:abcd::f0 dst:f32::blocked:ABcd16b16a::f0,attr-scratchpad:user,,64x64x3x3,0.0209961
onednn_verbose,v1,primitive,exec,cpu,convolution,jit:avx512_core,forward_training,src:f32:a:blocked:aBcd16b::f0 wei:f32:a:blocked:ABcd16b16a::f0 bia:undef::undef::: dst:f32:a:blocked:aBcd16b::f0,attr-scratchpad:user,alg:convolution_direct,mb1_ic64oc64_ih56oh56kh3sh1dh0ph1_iw56ow56kw3sw1dw0pw1,1.74194
onednn_verbose,v1,primitive,exec,cpu,reorder,jit:blk,undef,src:f32::blocked:aBcd16b::f0 dst:f32::blocked:abcd::f0,attr-scratchpad:user,,1x64x56x56,0.0490723
MKL_VERBOSE SGEMM(N,N,3136,256,64,0x7ffc0c4f90b0,0x1fa385c0,3136,0x1fea6540,64,0x7ffc0c4f90d0,0x1ef2dac0,3136) 831.25us CNR:OFF Dyn:0 FastMM:1 TID:0  NThr:1
MKL_VERBOSE SGEMM(N,N,3136,128,256,0x7ffc0c4f90b0,0x2158c880,3136,0x1ff3aac0,256,0x7ffc0c4f90d0,0x1fa385c0,3136) 1.57ms CNR:OFF Dyn:0 FastMM:1 TID:0  NThr:1
onednn_verbose,v1,primitive,exec,cpu,reorder,jit:blk,undef,src:f32::blocked:abcd::f0 dst:f32::blocked:aBcd16b::f0,attr-scratchpad:user,,1x128x56x56,0.138184
onednn_verbose,v1,primitive,exec,cpu,reorder,jit:uni,undef,src:f32::blocked:abcd::f0 dst:f32::blocked:ABcd16b16a::f0,attr-scratchpad:user,,128x128x3x3,0.0749512
onednn_verbose,v1,primitive,exec,cpu,convolution,jit:avx512_core,forward_training,src:f32:a:blocked:aBcd16b::f0 wei:f32:a:blocked:ABcd16b16a::f0 bia:undef::undef::: dst:f32:a:blocked:aBcd16b::f0,attr-scratchpad:user,alg:convolution_direct,mb1_ic128oc128_ih56oh28kh3sh2dh0ph1_iw56ow28kw3sw2dw0pw1,1.78418
onednn_verbose,v1,primitive,exec,cpu,reorder,jit:blk,undef,src:f32::blocked:aBcd16b::f0 dst:f32::blocked:abcd::f0,attr-scratchpad:user,,1x128x28x28,0.0341797
MKL_VERBOSE SGEMM(N,N,784,512,128,0x7ffc0c4f90b0,0x1fa9a600,784,0x1ffed040,128,0x7ffc0c4f90d0,0x1fafc640,784) 830.62us CNR:OFF Dyn:0 FastMM:1 TID:0  NThr:1
onednn_verbose,v1,primitive,exec,cpu,reorder,jit:blk,undef,src:f32::blocked:abcd::f0 dst:f32::blocked:aBcd16b::f0,attr-scratchpad:user,,1x256x56x56,0.303955
onednn_verbose,v1,primitive,exec,cpu,reorder,jit:blk,undef,src:f32::blocked:abcd::f0 dst:f32::blocked:ABcd16b16a::f0,attr-scratchpad:user,,512x256x1x1,0.0578613
onednn_verbose,v1,primitive,exec,cpu,convolution,jit_1x1:avx512_core,forward_training,src:f32:a:blocked:aBcd16b::f0 wei:f32:a:blocked:ABcd16b16a::f0 bia:undef::undef::: dst:f32:a:blocked:aBcd16b::f0,attr-scratchpad:user,alg:convolution_direct,mb1_ic256oc512_ih56oh28kh1sh2dh0ph0_iw56ow28kw1sw2dw0pw0,1.71899
onednn_verbose,v1,primitive,exec,cpu,reorder,jit:blk,undef,src:f32::blocked:aBcd16b::f0 dst:f32::blocked:abcd::f0,attr-scratchpad:user,,1x512x28x28,0.146973
MKL_VERBOSE SGEMM(N,N,784,128,512,0x7ffc0c4f90b0,0x1ef2dac0,784,0x2002fb00,512,0x7ffc0c4f90d0,0x1fa385c0,784) 799.77us CNR:OFF Dyn:0 FastMM:1 TID:0  NThr:1
onednn_verbose,v1,primitive,exec,cpu,reorder,jit:blk,undef,src:f32::blocked:abcd::f0 dst:f32::blocked:aBcd16b::f0,attr-scratchpad:user,,1x128x28x28,0.0280762
onednn_verbose,v1,primitive,exec,cpu,reorder,jit:uni,undef,src:f32::blocked:abcd::f0 dst:f32::blocked:ABcd16b16a::f0,attr-scratchpad:user,,128x128x3x3,0.0749512
onednn_verbose,v1,primitive,exec,cpu,convolution,jit:avx512_core,forward_training,src:f32:a:blocked:aBcd16b::f0 wei:f32:a:blocked:ABcd16b16a::f0 bia:undef::undef::: dst:f32:a:blocked:aBcd16b::f0,attr-scratchpad:user,alg:convolution_direct,mb1_ic128oc128_ih28oh28kh3sh1dh0ph1_iw28ow28kw3sw1dw0pw1,1.70483
onednn_verbose,v1,primitive,exec,cpu,reorder,jit:blk,undef,src:f32::blocked:aBcd16b::f0 dst:f32::blocked:abcd::f0,attr-scratchpad:user,,1x128x28x28,0.0231934
MKL_VERBOSE SGEMM(N,N,784,512,128,0x7ffc0c4f90b0,0x1fbc06c0,784,0x20102080,128,0x7ffc0c4f90d0,0x1fa385c0,784) 829.92us CNR:OFF Dyn:0 FastMM:1 TID:0  NThr:1
MKL_VERBOSE SGEMM(N,N,784,128,512,0x7ffc0c4f90b0,0x1f0b5b00,784,0x20144b40,512,0x7ffc0c4f90d0,0x1ef2dac0,784) 795.67us CNR:OFF Dyn:0 FastMM:1 TID:0  NThr:1
onednn_verbose,v1,primitive,exec,cpu,reorder,jit:blk,undef,src:f32::blocked:abcd::f0 dst:f32::blocked:aBcd16b::f0,attr-scratchpad:user,,1x128x28x28,0.0280762
onednn_verbose,v1,primitive,exec,cpu,reorder,jit:uni,undef,src:f32::blocked:abcd::f0 dst:f32::blocked:ABcd16b16a::f0,attr-scratchpad:user,,128x128x3x3,0.0739746
onednn_verbose,v1,primitive,exec,cpu,convolution,jit:avx512_core,forward_training,src:f32:a:blocked:aBcd16b::f0 wei:f32:a:blocked:ABcd16b16a::f0 bia:undef::undef::: dst:f32:a:blocked:aBcd16b::f0,attr-scratchpad:user,alg:convolution_direct,mb1_ic128oc128_ih28oh28kh3sh1dh0ph1_iw28ow28kw3sw1dw0pw1,1.70703
onednn_verbose,v1,primitive,exec,cpu,reorder,jit:blk,undef,src:f32::blocked:aBcd16b::f0 dst:f32::blocked:abcd::f0,attr-scratchpad:user,,1x128x28x28,0.0231934
MKL_VERBOSE SGEMM(N,N,784,512,128,0x7ffc0c4f90b0,0x1eff1b40,784,0x202170c0,128,0x7ffc0c4f90d0,0x1f23db40,784) 829.94us CNR:OFF Dyn:0 FastMM:1 TID:0  NThr:1
MKL_VERBOSE SGEMM(N,N,784,128,512,0x7ffc0c4f90b0,0x1fa385c0,784,0x20259b80,512,0x7ffc0c4f90d0,0x1fbc0600,784) 807.53us CNR:OFF Dyn:0 FastMM:1 TID:0  NThr:1
onednn_verbose,v1,primitive,exec,cpu,reorder,jit:blk,undef,src:f32::blocked:abcd::f0 dst:f32::blocked:aBcd16b::f0,attr-scratchpad:user,,1x128x28x28,0.0280762
onednn_verbose,v1,primitive,exec,cpu,reorder,jit:uni,undef,src:f32::blocked:abcd::f0 dst:f32::blocked:ABcd16b16a::f0,attr-scratchpad:user,,128x128x3x3,0.0739746
onednn_verbose,v1,primitive,exec,cpu,convolution,jit:avx512_core,forward_training,src:f32:a:blocked:aBcd16b::f0 wei:f32:a:blocked:ABcd16b16a::f0 bia:undef::undef::: dst:f32:a:blocked:aBcd16b::f0,attr-scratchpad:user,alg:convolution_direct,mb1_ic128oc128_ih28oh28kh3sh1dh0ph1_iw28ow28kw3sw1dw0pw1,1.70581
onednn_verbose,v1,primitive,exec,cpu,reorder,jit:blk,undef,src:f32::blocked:aBcd16b::f0 dst:f32::blocked:abcd::f0,attr-scratchpad:user,,1x128x28x28,0.0200195
MKL_VERBOSE SGEMM(N,N,784,512,128,0x7ffc0c4f90b0,0x1fce66c0,784,0x2032c100,128,0x7ffc0c4f90d0,0x1ef2dac0,784) 829.42us CNR:OFF Dyn:0 FastMM:1 TID:0  NThr:1
MKL_VERBOSE SGEMM(N,N,784,256,512,0x7ffc0c4f90b0,0x1f0b5b00,784,0x20373640,512,0x7ffc0c4f90d0,0x1ef2dac0,784) 1.71ms CNR:OFF Dyn:0 FastMM:1 TID:0  NThr:1
onednn_verbose,v1,primitive,exec,cpu,reorder,jit:blk,undef,src:f32::blocked:abcd::f0 dst:f32::blocked:aBcd16b::f0,attr-scratchpad:user,,1x256x28x28,0.0510254
onednn_verbose,v1,primitive,exec,cpu,reorder,jit:uni,undef,src:f32::blocked:abcd::f0 dst:f32::blocked:ABcd16b16a::f0,attr-scratchpad:user,,256x256x3x3,0.286133
onednn_verbose,v1,primitive,exec,cpu,convolution,jit:avx512_core,forward_training,src:f32:a:blocked:aBcd16b::f0 wei:f32:a:blocked:ABcd16b16a::f0 bia:undef::undef::: dst:f32:a:blocked:aBcd16b::f0,attr-scratchpad:user,alg:convolution_direct,mb1_ic256oc256_ih28oh14kh3sh2dh0ph1_iw28ow14kw3sw2dw0pw1,1.73022
onednn_verbose,v1,primitive,exec,cpu,reorder,jit:blk,undef,src:f32::blocked:aBcd16b::f0 dst:f32::blocked:abcd::f0,attr-scratchpad:user,,1x256x14x14,0.0219727
MKL_VERBOSE SGEMM(N,N,196,1024,256,0x7ffc0c4f90b0,0x1ede3700,196,0x203f6b80,256,0x7ffc0c4f90d0,0x1ef2dac0,196) 952.29us CNR:OFF Dyn:0 FastMM:1 TID:0  NThr:1
onednn_verbose,v1,primitive,exec,cpu,reorder,jit:blk,undef,src:f32::blocked:abcd::f0 dst:f32::blocked:aBcd16b::f0,attr-scratchpad:user,,1x512x28x28,0.149902
onednn_verbose,v1,primitive,exec,cpu,reorder,jit:blk,undef,src:f32::blocked:abcd::f0 dst:f32::blocked:ABcd16b16a::f0,attr-scratchpad:user,,1024x512x1x1,0.2229
onednn_verbose,v1,primitive,exec,cpu,convolution,jit_1x1:avx512_core,forward_training,src:f32:a:blocked:aBcd16b::f0 wei:f32:a:blocked:ABcd16b16a::f0 bia:undef::undef::: dst:f32:a:blocked:aBcd16b::f0,attr-scratchpad:user,alg:convolution_direct,mb1_ic512oc1024_ih28oh14kh1sh2dh0ph0_iw28ow14kw1sw2dw0pw0,1.65894
onednn_verbose,v1,primitive,exec,cpu,reorder,jit:blk,undef,src:f32::blocked:aBcd16b::f0 dst:f32::blocked:abcd::f0,attr-scratchpad:user,,1x1024x14x14,0.0908203
MKL_VERBOSE SGEMM(N,N,196,256,1024,0x7ffc0c4f90b0,0x1f23db40,196,0x204fb640,1024,0x7ffc0c4f90d0,0x1ede3700,196) 1.00ms CNR:OFF Dyn:0 FastMM:1 TID:0  NThr:1
onednn_verbose,v1,primitive,exec,cpu,reorder,jit:blk,undef,src:f32::blocked:abcd::f0 dst:f32::blocked:aBcd16b::f0,attr-scratchpad:user,,1x256x14x14,0.0109863
onednn_verbose,v1,primitive,exec,cpu,reorder,jit:uni,undef,src:f32::blocked:abcd::f0 dst:f32::blocked:ABcd16b16a::f0,attr-scratchpad:user,,256x256x3x3,0.286865
onednn_verbose,v1,primitive,exec,cpu,convolution,jit:avx512_core,forward_training,src:f32:a:blocked:aBcd16b::f0 wei:f32:a:blocked:ABcd16b16a::f0 bia:undef::undef::: dst:f32:a:blocked:aBcd16b::f0,attr-scratchpad:user,alg:convolution_direct,mb1_ic256oc256_ih14oh14kh3sh1dh0ph1_iw14ow14kw3sw1dw0pw1,1.625
onednn_verbose,v1,primitive,exec,cpu,reorder,jit:blk,undef,src:f32::blocked:aBcd16b::f0 dst:f32::blocked:abcd::f0,attr-scratchpad:user,,1x256x14x14,0.0148926
MKL_VERBOSE SGEMM(N,N,196,1024,256,0x7ffc0c4f90b0,0x1f301b80,196,0x205feb80,256,0x7ffc0c4f90d0,0x1f332bc0,196) 945.77us CNR:OFF Dyn:0 FastMM:1 TID:0  NThr:1
MKL_VERBOSE SGEMM(N,N,196,256,1024,0x7ffc0c4f90b0,0x1ef2dac0,196,0x20703640,1024,0x7ffc0c4f90d0,0x1ede3700,196) 993.29us CNR:OFF Dyn:0 FastMM:1 TID:0  NThr:1
onednn_verbose,v1,primitive,exec,cpu,reorder,jit:blk,undef,src:f32::blocked:abcd::f0 dst:f32::blocked:aBcd16b::f0,attr-scratchpad:user,,1x256x14x14,0.0100098
onednn_verbose,v1,primitive,exec,cpu,reorder,jit:uni,undef,src:f32::blocked:abcd::f0 dst:f32::blocked:ABcd16b16a::f0,attr-scratchpad:user,,256x256x3x3,0.28418
onednn_verbose,v1,primitive,exec,cpu,convolution,jit:avx512_core,forward_training,src:f32:a:blocked:aBcd16b::f0 wei:f32:a:blocked:ABcd16b16a::f0 bia:undef::undef::: dst:f32:a:blocked:aBcd16b::f0,attr-scratchpad:user,alg:convolution_direct,mb1_ic256oc256_ih14oh14kh3sh1dh0ph1_iw14ow14kw3sw1dw0pw1,1.63208
onednn_verbose,v1,primitive,exec,cpu,reorder,jit:blk,undef,src:f32::blocked:aBcd16b::f0 dst:f32::blocked:abcd::f0,attr-scratchpad:user,,1x256x14x14,0.0148926
MKL_VERBOSE SGEMM(N,N,196,1024,256,0x7ffc0c4f90b0,0x1eff1b00,196,0x20806b80,256,0x7ffc0c4f90d0,0x1f23db40,196) 953.47us CNR:OFF Dyn:0 FastMM:1 TID:0  NThr:1
MKL_VERBOSE SGEMM(N,N,196,256,1024,0x7ffc0c4f90b0,0x1f301b80,196,0x2090b640,1024,0x7ffc0c4f90d0,0x1ede3700,196) 989.85us CNR:OFF Dyn:0 FastMM:1 TID:0  NThr:1
onednn_verbose,v1,primitive,exec,cpu,reorder,jit:blk,undef,src:f32::blocked:abcd::f0 dst:f32::blocked:aBcd16b::f0,attr-scratchpad:user,,1x256x14x14,0.0112305
onednn_verbose,v1,primitive,exec,cpu,reorder,jit:uni,undef,src:f32::blocked:abcd::f0 dst:f32::blocked:ABcd16b16a::f0,attr-scratchpad:user,,256x256x3x3,0.289062
onednn_verbose,v1,primitive,exec,cpu,convolution,jit:avx512_core,forward_training,src:f32:a:blocked:aBcd16b::f0 wei:f32:a:blocked:ABcd16b16a::f0 bia:undef::undef::: dst:f32:a:blocked:aBcd16b::f0,attr-scratchpad:user,alg:convolution_direct,mb1_ic256oc256_ih14oh14kh3sh1dh0ph1_iw14ow14kw3sw1dw0pw1,1.63208
onednn_verbose,v1,primitive,exec,cpu,reorder,jit:blk,undef,src:f32::blocked:aBcd16b::f0 dst:f32::blocked:abcd::f0,attr-scratchpad:user,,1x256x14x14,0.013916
MKL_VERBOSE SGEMM(N,N,196,1024,256,0x7ffc0c4f90b0,0x1f3c5bc0,196,0x20a0ec80,256,0x7ffc0c4f90d0,0x1ef2dac0,196) 949.54us CNR:OFF Dyn:0 FastMM:1 TID:0  NThr:1
MKL_VERBOSE SGEMM(N,N,196,256,1024,0x7ffc0c4f90b0,0x1fa385c0,196,0x20b13800,1024,0x7ffc0c4f90d0,0x1ede3700,196) 1.00ms CNR:OFF Dyn:0 FastMM:1 TID:0  NThr:1
onednn_verbose,v1,primitive,exec,cpu,reorder,jit:blk,undef,src:f32::blocked:abcd::f0 dst:f32::blocked:aBcd16b::f0,attr-scratchpad:user,,1x256x14x14,0.0109863
onednn_verbose,v1,primitive,exec,cpu,reorder,jit:uni,undef,src:f32::blocked:abcd::f0 dst:f32::blocked:ABcd16b16a::f0,attr-scratchpad:user,,256x256x3x3,0.285889
onednn_verbose,v1,primitive,exec,cpu,convolution,jit:avx512_core,forward_training,src:f32:a:blocked:aBcd16b::f0 wei:f32:a:blocked:ABcd16b16a::f0 bia:undef::undef::: dst:f32:a:blocked:aBcd16b::f0,attr-scratchpad:user,alg:convolution_direct,mb1_ic256oc256_ih14oh14kh3sh1dh0ph1_iw14ow14kw3sw1dw0pw1,1.62598
onednn_verbose,v1,primitive,exec,cpu,reorder,jit:blk,undef,src:f32::blocked:aBcd16b::f0 dst:f32::blocked:abcd::f0,attr-scratchpad:user,,1x256x14x14,0.0158691
MKL_VERBOSE SGEMM(N,N,196,1024,256,0x7ffc0c4f90b0,0x1ef2dac0,196,0x20c16e80,256,0x7ffc0c4f90d0,0x1ef5eb00,196) 947.74us CNR:OFF Dyn:0 FastMM:1 TID:0  NThr:1
MKL_VERBOSE SGEMM(N,N,196,256,1024,0x7ffc0c4f90b0,0x1f23db40,196,0x20d1ba00,1024,0x7ffc0c4f90d0,0x1ede3700,196) 997.49us CNR:OFF Dyn:0 FastMM:1 TID:0  NThr:1
onednn_verbose,v1,primitive,exec,cpu,reorder,jit:blk,undef,src:f32::blocked:abcd::f0 dst:f32::blocked:aBcd16b::f0,attr-scratchpad:user,,1x256x14x14,0.0100098
onednn_verbose,v1,primitive,exec,cpu,reorder,jit:uni,undef,src:f32::blocked:abcd::f0 dst:f32::blocked:ABcd16b16a::f0,attr-scratchpad:user,,256x256x3x3,0.286865
onednn_verbose,v1,primitive,exec,cpu,convolution,jit:avx512_core,forward_training,src:f32:a:blocked:aBcd16b::f0 wei:f32:a:blocked:ABcd16b16a::f0 bia:undef::undef::: dst:f32:a:blocked:aBcd16b::f0,attr-scratchpad:user,alg:convolution_direct,mb1_ic256oc256_ih14oh14kh3sh1dh0ph1_iw14ow14kw3sw1dw0pw1,1.65015
onednn_verbose,v1,primitive,exec,cpu,reorder,jit:blk,undef,src:f32::blocked:aBcd16b::f0 dst:f32::blocked:abcd::f0,attr-scratchpad:user,,1x256x14x14,0.0151367
MKL_VERBOSE SGEMM(N,N,196,1024,256,0x7ffc0c4f90b0,0x1f301b80,196,0x20e1f080,256,0x7ffc0c4f90d0,0x1f332bc0,196) 949.64us CNR:OFF Dyn:0 FastMM:1 TID:0  NThr:1
MKL_VERBOSE SGEMM(N,N,196,512,1024,0x7ffc0c4f90b0,0x1ef2dac0,196,0x7e3538949040,1024,0x7ffc0c4f90d0,0x1fa385c0,196) 1.95ms CNR:OFF Dyn:0 FastMM:1 TID:0  NThr:1
onednn_verbose,v1,primitive,exec,cpu,reorder,jit:blk,undef,src:f32::blocked:abcd::f0 dst:f32::blocked:aBcd16b::f0,attr-scratchpad:user,,1x512x14x14,0.0290527
onednn_verbose,v1,primitive,exec,cpu,reorder,jit:uni,undef,src:f32::blocked:abcd::f0 dst:f32::blocked:ABcd16b16a::f0,attr-scratchpad:user,,512x512x3x3,1.1001
onednn_verbose,v1,primitive,exec,cpu,convolution,jit:avx512_core,forward_training,src:f32:a:blocked:aBcd16b::f0 wei:f32:a:blocked:ABcd16b16a::f0 bia:undef::undef::: dst:f32:a:blocked:aBcd16b::f0,attr-scratchpad:user,alg:convolution_direct,mb1_ic512oc512_ih14oh7kh3sh2dh0ph1_iw14ow7kw3sw2dw0pw1,2.21899
onednn_verbose,v1,primitive,exec,cpu,reorder,jit:blk,undef,src:f32::blocked:aBcd16b::f0 dst:f32::blocked:abcd::f0,attr-scratchpad:user,,1x512x7x7,0.0131836
MKL_VERBOSE SGEMM(N,N,49,2048,512,0x7ffc0c4f90b0,0x1edacec0,49,0x7e3537c47040,512,0x7ffc0c4f90d0,0x1fa385c0,49) 1.26ms CNR:OFF Dyn:0 FastMM:1 TID:0  NThr:1
onednn_verbose,v1,primitive,exec,cpu,reorder,jit:blk,undef,src:f32::blocked:abcd::f0 dst:f32::blocked:aBcd16b::f0,attr-scratchpad:user,,1x1024x14x14,0.0751953
onednn_verbose,v1,primitive,exec,cpu,reorder,jit:blk,undef,src:f32::blocked:abcd::f0 dst:f32::blocked:ABcd16b16a::f0,attr-scratchpad:user,,2048x1024x1x1,0.901855
onednn_verbose,v1,primitive,exec,cpu,convolution,jit_1x1:avx512_core,forward_training,src:f32:a:blocked:aBcd16b::f0 wei:f32:a:blocked:ABcd16b16a::f0 bia:undef::undef::: dst:f32:a:blocked:aBcd16b::f0,attr-scratchpad:user,alg:convolution_direct,mb1_ic1024oc2048_ih14oh7kh1sh2dh0ph0_iw14ow7kw1sw2dw0pw0,1.78589
onednn_verbose,v1,primitive,exec,cpu,reorder,jit:blk,undef,src:f32::blocked:aBcd16b::f0 dst:f32::blocked:abcd::f0,attr-scratchpad:user,,1x2048x7x7,0.0441895
MKL_VERBOSE SGEMM(N,N,49,512,2048,0x7ffc0c4f90b0,0x1fa9a600,49,0x7e3537846040,2048,0x7ffc0c4f90d0,0x1edacec0,49) 1.22ms CNR:OFF Dyn:0 FastMM:1 TID:0  NThr:1
onednn_verbose,v1,primitive,exec,cpu,reorder,jit:blk,undef,src:f32::blocked:abcd::f0 dst:f32::blocked:aBcd16b::f0,attr-scratchpad:user,,1x512x7x7,0.00585938
onednn_verbose,v1,primitive,exec,cpu,reorder,jit:uni,undef,src:f32::blocked:abcd::f0 dst:f32::blocked:ABcd16b16a::f0,attr-scratchpad:user,,512x512x3x3,1.09497
onednn_verbose,v1,primitive,exec,cpu,convolution,jit:avx512_core,forward_training,src:f32:a:blocked:aBcd16b::f0 wei:f32:a:blocked:ABcd16b16a::f0 bia:undef::undef::: dst:f32:a:blocked:aBcd16b::f0,attr-scratchpad:user,alg:convolution_direct,mb1_ic512oc512_ih7oh7kh3sh1dh0ph1_iw7ow7kw3sw1dw0pw1,1.96509
onednn_verbose,v1,primitive,exec,cpu,reorder,jit:blk,undef,src:f32::blocked:aBcd16b::f0 dst:f32::blocked:abcd::f0,attr-scratchpad:user,,1x512x7x7,0.0100098
MKL_VERBOSE SGEMM(N,N,49,2048,512,0x7ffc0c4f90b0,0x1edfbf40,49,0x7e3536b44040,512,0x7ffc0c4f90d0,0x1fafc640,49) 1.25ms CNR:OFF Dyn:0 FastMM:1 TID:0  NThr:1
MKL_VERBOSE SGEMM(N,N,49,512,2048,0x7ffc0c4f90b0,0x1fb5e680,49,0x7e3536743040,2048,0x7ffc0c4f90d0,0x1edacec0,49) 1.22ms CNR:OFF Dyn:0 FastMM:1 TID:0  NThr:1
onednn_verbose,v1,primitive,exec,cpu,reorder,jit:blk,undef,src:f32::blocked:abcd::f0 dst:f32::blocked:aBcd16b::f0,attr-scratchpad:user,,1x512x7x7,0.00683594
onednn_verbose,v1,primitive,exec,cpu,reorder,jit:uni,undef,src:f32::blocked:abcd::f0 dst:f32::blocked:ABcd16b16a::f0,attr-scratchpad:user,,512x512x3x3,1.09692
onednn_verbose,v1,primitive,exec,cpu,convolution,jit:avx512_core,forward_training,src:f32:a:blocked:aBcd16b::f0 wei:f32:a:blocked:ABcd16b16a::f0 bia:undef::undef::: dst:f32:a:blocked:aBcd16b::f0,attr-scratchpad:user,alg:convolution_direct,mb1_ic512oc512_ih7oh7kh3sh1dh0ph1_iw7ow7kw3sw1dw0pw1,1.98779
onednn_verbose,v1,primitive,exec,cpu,reorder,jit:blk,undef,src:f32::blocked:aBcd16b::f0 dst:f32::blocked:abcd::f0,attr-scratchpad:user,,1x512x7x7,0.0100098
MKL_VERBOSE SGEMM(N,N,49,2048,512,0x7ffc0c4f90b0,0x1ee14780,49,0x7e3535a41040,512,0x7ffc0c4f90d0,0x1fa385c0,49) 1.25ms CNR:OFF Dyn:0 FastMM:1 TID:0  NThr:1
MKL_VERBOSE SGEMM(T,N,1000,1,2048,0x7ffc0c4fb2f0,0x7e3535270040,2048,0x1edcaac0,2048,0x7ffc0c4fb310,0x1ee4b680,1000) 468.12us CNR:OFF Dyn:0 FastMM:1 TID:0  NThr:1
onednn_verbose,v1,primitive,exec,cpu,reorder,jit:uni,undef,src:f32::blocked:abcd::f0 dst:f32::blocked:Acdb16a::f0,attr-scratchpad:user,,64x3x7x7,0.00805664
onednn_verbose,v1,primitive,exec,cpu,convolution,jit:avx512_core,forward_training,src:f32:a:blocked:abcd::f0 wei:f32:a:blocked:Acdb16a::f0 bia:undef::undef::: dst:f32:a:blocked:aBcd16b::f0,attr-scratchpad:user,alg:convolution_direct,mb1_ic3oc64_ih224oh112kh7sh2dh0ph3_iw224ow112kw7sw2dw0pw3,1.76489
onednn_verbose,v1,primitive,exec,cpu,reorder,jit:blk,undef,src:f32::blocked:aBcd16b::f0 dst:f32::blocked:abcd::f0,attr-scratchpad:user,,1x64x112x112,0.299072
MKL_VERBOSE SGEMM(N,N,3136,64,64,0x7ffc0c4f90b0,0x1ee69a80,3136,0x1fded740,64,0x7ffc0c4f90d0,0x1fa385c0,3136) 235.73us CNR:OFF Dyn:0 FastMM:1 TID:0  NThr:1
onednn_verbose,v1,primitive,exec,cpu,reorder,jit:blk,undef,src:f32::blocked:abcd::f0 dst:f32::blocked:aBcd16b::f0,attr-scratchpad:user,,1x64x56x56,0.0571289
onednn_verbose,v1,primitive,exec,cpu,reorder,jit:uni,undef,src:f32::blocked:abcd::f0 dst:f32::blocked:ABcd16b16a::f0,attr-scratchpad:user,,64x64x3x3,0.0209961
onednn_verbose,v1,primitive,exec,cpu,convolution,jit:avx512_core,forward_training,src:f32:a:blocked:aBcd16b::f0 wei:f32:a:blocked:ABcd16b16a::f0 bia:undef::undef::: dst:f32:a:blocked:aBcd16b::f0,attr-scratchpad:user,alg:convolution_direct,mb1_ic64oc64_ih56oh56kh3sh1dh0ph1_iw56ow56kw3sw1dw0pw1,1.73706
onednn_verbose,v1,primitive,exec,cpu,reorder,jit:blk,undef,src:f32::blocked:aBcd16b::f0 dst:f32::blocked:abcd::f0,attr-scratchpad:user,,1x64x56x56,0.0671387
MKL_VERBOSE SGEMM(N,N,3136,256,64,0x7ffc0c4f90b0,0x1fbc0640,3136,0x1fe174c0,64,0x7ffc0c4f90d0,0x1ef2dac0,3136) 833.29us CNR:OFF Dyn:0 FastMM:1 TID:0  NThr:1
MKL_VERBOSE SGEMM(N,N,3136,256,64,0x7ffc0c4f8980,0x1ee69a80,3136,0x1fddbc80,64,0x7ffc0c4f89a0,0x1fa385c0,3136) 847.30us CNR:OFF Dyn:0 FastMM:1 TID:0  NThr:1
MKL_VERBOSE SGEMM(N,N,3136,64,256,0x7ffc0c4f90b0,0x20f6c800,3136,0x1fe28f80,256,0x7ffc0c4f90d0,0x1fa385c0,3136) 783.89us CNR:OFF Dyn:0 FastMM:1 TID:0  NThr:1
onednn_verbose,v1,primitive,exec,cpu,reorder,jit:blk,undef,src:f32::blocked:abcd::f0 dst:f32::blocked:aBcd16b::f0,attr-scratchpad:user,,1x64x56x56,0.0568848
onednn_verbose,v1,primitive,exec,cpu,reorder,jit:uni,undef,src:f32::blocked:abcd::f0 dst:f32::blocked:ABcd16b16a::f0,attr-scratchpad:user,,64x64x3x3,0.0209961
onednn_verbose,v1,primitive,exec,cpu,convolution,jit:avx512_core,forward_training,src:f32:a:blocked:aBcd16b::f0 wei:f32:a:blocked:ABcd16b16a::f0 bia:undef::undef::: dst:f32:a:blocked:aBcd16b::f0,attr-scratchpad:user,alg:convolution_direct,mb1_ic64oc64_ih56oh56kh3sh1dh0ph1_iw56ow56kw3sw1dw0pw1,1.73706
onednn_verbose,v1,primitive,exec,cpu,reorder,jit:blk,undef,src:f32::blocked:aBcd16b::f0 dst:f32::blocked:abcd::f0,attr-scratchpad:user,,1x64x56x56,0.0651855
MKL_VERBOSE SGEMM(N,N,3136,256,64,0x7ffc0c4f90b0,0x1fbc0640,3136,0x1fe5ed00,64,0x7ffc0c4f90d0,0x1ef2dac0,3136) 829.93us CNR:OFF Dyn:0 FastMM:1 TID:0  NThr:1
MKL_VERBOSE SGEMM(N,N,3136,64,256,0x7ffc0c4f90b0,0x2127c840,3136,0x1fe707c0,256,0x7ffc0c4f90d0,0x20f6c800,3136) 789.26us CNR:OFF Dyn:0 FastMM:1 TID:0  NThr:1
onednn_verbose,v1,primitive,exec,cpu,reorder,jit:blk,undef,src:f32::blocked:abcd::f0 dst:f32::blocked:aBcd16b::f0,attr-scratchpad:user,,1x64x56x56,0.0571289
onednn_verbose,v1,primitive,exec,cpu,reorder,jit:uni,undef,src:f32::blocked:abcd::f0 dst:f32::blocked:ABcd16b16a::f0,attr-scratchpad:user,,64x64x3x3,0.0209961
onednn_verbose,v1,primitive,exec,cpu,convolution,jit:avx512_core,forward_training,src:f32:a:blocked:aBcd16b::f0 wei:f32:a:blocked:ABcd16b16a::f0 bia:undef::undef::: dst:f32:a:blocked:aBcd16b::f0,attr-scratchpad:user,alg:convolution_direct,mb1_ic64oc64_ih56oh56kh3sh1dh0ph1_iw56ow56kw3sw1dw0pw1,1.73389
onednn_verbose,v1,primitive,exec,cpu,reorder,jit:blk,undef,src:f32::blocked:aBcd16b::f0 dst:f32::blocked:abcd::f0,attr-scratchpad:user,,1x64x56x56,0.0480957
MKL_VERBOSE SGEMM(N,N,3136,256,64,0x7ffc0c4f90b0,0x1fa385c0,3136,0x1fea6540,64,0x7ffc0c4f90d0,0x1ef2dac0,3136) 830.08us CNR:OFF Dyn:0 FastMM:1 TID:0  NThr:1
MKL_VERBOSE SGEMM(N,N,3136,128,256,0x7ffc0c4f90b0,0x2158c880,3136,0x1ff3aac0,256,0x7ffc0c4f90d0,0x1fa385c0,3136) 1.57ms CNR:OFF Dyn:0 FastMM:1 TID:0  NThr:1
onednn_verbose,v1,primitive,exec,cpu,reorder,jit:blk,undef,src:f32::blocked:abcd::f0 dst:f32::blocked:aBcd16b::f0,attr-scratchpad:user,,1x128x56x56,0.137939
onednn_verbose,v1,primitive,exec,cpu,reorder,jit:uni,undef,src:f32::blocked:abcd::f0 dst:f32::blocked:ABcd16b16a::f0,attr-scratchpad:user,,128x128x3x3,0.0739746
onednn_verbose,v1,primitive,exec,cpu,convolution,jit:avx512_core,forward_training,src:f32:a:blocked:aBcd16b::f0 wei:f32:a:blocked:ABcd16b16a::f0 bia:undef::undef::: dst:f32:a:blocked:aBcd16b::f0,attr-scratchpad:user,alg:convolution_direct,mb1_ic128oc128_ih56oh28kh3sh2dh0ph1_iw56ow28kw3sw2dw0pw1,1.78687
onednn_verbose,v1,primitive,exec,cpu,reorder,jit:blk,undef,src:f32::blocked:aBcd16b::f0 dst:f32::blocked:abcd::f0,attr-scratchpad:user,,1x128x28x28,0.0349121
MKL_VERBOSE SGEMM(N,N,784,512,128,0x7ffc0c4f90b0,0x1fd48640,784,0x1ffed040,128,0x7ffc0c4f90d0,0x1fa385c0,784) 831.07us CNR:OFF Dyn:0 FastMM:1 TID:0  NThr:1
onednn_verbose,v1,primitive,exec,cpu,reorder,jit:blk,undef,src:f32::blocked:abcd::f0 dst:f32::blocked:aBcd16b::f0,attr-scratchpad:user,,1x256x56x56,0.305908
onednn_verbose,v1,primitive,exec,cpu,reorder,jit:blk,undef,src:f32::blocked:abcd::f0 dst:f32::blocked:ABcd16b16a::f0,attr-scratchpad:user,,512x256x1x1,0.0568848
onednn_verbose,v1,primitive,exec,cpu,convolution,jit_1x1:avx512_core,forward_training,src:f32:a:blocked:aBcd16b::f0 wei:f32:a:blocked:ABcd16b16a::f0 bia:undef::undef::: dst:f32:a:blocked:aBcd16b::f0,attr-scratchpad:user,alg:convolution_direct,mb1_ic256oc512_ih56oh28kh1sh2dh0ph0_iw56ow28kw1sw2dw0pw0,1.68408
onednn_verbose,v1,primitive,exec,cpu,reorder,jit:blk,undef,src:f32::blocked:aBcd16b::f0 dst:f32::blocked:abcd::f0,attr-scratchpad:user,,1x512x28x28,0.146973
MKL_VERBOSE SGEMM(N,N,784,128,512,0x7ffc0c4f90b0,0x1ef2dac0,784,0x2002fb00,512,0x7ffc0c4f90d0,0x1fa385c0,784) 801.25us CNR:OFF Dyn:0 FastMM:1 TID:0  NThr:1
onednn_verbose,v1,primitive,exec,cpu,reorder,jit:blk,undef,src:f32::blocked:abcd::f0 dst:f32::blocked:aBcd16b::f0,attr-scratchpad:user,,1x128x28x28,0.027832
onednn_verbose,v1,primitive,exec,cpu,reorder,jit:uni,undef,src:f32::blocked:abcd::f0 dst:f32::blocked:ABcd16b16a::f0,attr-scratchpad:user,,128x128x3x3,0.0749512
onednn_verbose,v1,primitive,exec,cpu,convolution,jit:avx512_core,forward_training,src:f32:a:blocked:aBcd16b::f0 wei:f32:a:blocked:ABcd16b16a::f0 bia:undef::undef::: dst:f32:a:blocked:aBcd16b::f0,attr-scratchpad:user,alg:convolution_direct,mb1_ic128oc128_ih28oh28kh3sh1dh0ph1_iw28ow28kw3sw1dw0pw1,1.70898
onednn_verbose,v1,primitive,exec,cpu,reorder,jit:blk,undef,src:f32::blocked:aBcd16b::f0 dst:f32::blocked:abcd::f0,attr-scratchpad:user,,1x128x28x28,0.0229492
MKL_VERBOSE SGEMM(N,N,784,512,128,0x7ffc0c4f90b0,0x1fbc06c0,784,0x20102080,128,0x7ffc0c4f90d0,0x1fa385c0,784) 830.51us CNR:OFF Dyn:0 FastMM:1 TID:0  NThr:1
MKL_VERBOSE SGEMM(N,N,784,128,512,0x7ffc0c4f90b0,0x1f0b5b00,784,0x20144b40,512,0x7ffc0c4f90d0,0x1ef2dac0,784) 795.81us CNR:OFF Dyn:0 FastMM:1 TID:0  NThr:1
onednn_verbose,v1,primitive,exec,cpu,reorder,jit:blk,undef,src:f32::blocked:abcd::f0 dst:f32::blocked:aBcd16b::f0,attr-scratchpad:user,,1x128x28x28,0.0280762
onednn_verbose,v1,primitive,exec,cpu,reorder,jit:uni,undef,src:f32::blocked:abcd::f0 dst:f32::blocked:ABcd16b16a::f0,attr-scratchpad:user,,128x128x3x3,0.0739746
onednn_verbose,v1,primitive,exec,cpu,convolution,jit:avx512_core,forward_training,src:f32:a:blocked:aBcd16b::f0 wei:f32:a:blocked:ABcd16b16a::f0 bia:undef::undef::: dst:f32:a:blocked:aBcd16b::f0,attr-scratchpad:user,alg:convolution_direct,mb1_ic128oc128_ih28oh28kh3sh1dh0ph1_iw28ow28kw3sw1dw0pw1,1.70483
onednn_verbose,v1,primitive,exec,cpu,reorder,jit:blk,undef,src:f32::blocked:aBcd16b::f0 dst:f32::blocked:abcd::f0,attr-scratchpad:user,,1x128x28x28,0.0231934
MKL_VERBOSE SGEMM(N,N,784,512,128,0x7ffc0c4f90b0,0x1eff1b40,784,0x202170c0,128,0x7ffc0c4f90d0,0x1f23db40,784) 837.41us CNR:OFF Dyn:0 FastMM:1 TID:0  NThr:1
MKL_VERBOSE SGEMM(N,N,784,128,512,0x7ffc0c4f90b0,0x1fa385c0,784,0x20259b80,512,0x7ffc0c4f90d0,0x1fbc0600,784) 792.22us CNR:OFF Dyn:0 FastMM:1 TID:0  NThr:1
onednn_verbose,v1,primitive,exec,cpu,reorder,jit:blk,undef,src:f32::blocked:abcd::f0 dst:f32::blocked:aBcd16b::f0,attr-scratchpad:user,,1x128x28x28,0.027832
onednn_verbose,v1,primitive,exec,cpu,reorder,jit:uni,undef,src:f32::blocked:abcd::f0 dst:f32::blocked:ABcd16b16a::f0,attr-scratchpad:user,,128x128x3x3,0.0739746
onednn_verbose,v1,primitive,exec,cpu,convolution,jit:avx512_core,forward_training,src:f32:a:blocked:aBcd16b::f0 wei:f32:a:blocked:ABcd16b16a::f0 bia:undef::undef::: dst:f32:a:blocked:aBcd16b::f0,attr-scratchpad:user,alg:convolution_direct,mb1_ic128oc128_ih28oh28kh3sh1dh0ph1_iw28ow28kw3sw1dw0pw1,1.70386
onednn_verbose,v1,primitive,exec,cpu,reorder,jit:blk,undef,src:f32::blocked:aBcd16b::f0 dst:f32::blocked:abcd::f0,attr-scratchpad:user,,1x128x28x28,0.0219727
MKL_VERBOSE SGEMM(N,N,784,512,128,0x7ffc0c4f90b0,0x1ef2dac0,784,0x2032c100,128,0x7ffc0c4f90d0,0x1fbc0600,784) 824.58us CNR:OFF Dyn:0 FastMM:1 TID:0  NThr:1
MKL_VERBOSE SGEMM(N,N,784,256,512,0x7ffc0c4f90b0,0x1ef8fb00,784,0x20373640,512,0x7ffc0c4f90d0,0x1f117b40,784) 1.71ms CNR:OFF Dyn:0 FastMM:1 TID:0  NThr:1
onednn_verbose,v1,primitive,exec,cpu,reorder,jit:blk,undef,src:f32::blocked:abcd::f0 dst:f32::blocked:aBcd16b::f0,attr-scratchpad:user,,1x256x28x28,0.0559082
onednn_verbose,v1,primitive,exec,cpu,reorder,jit:uni,undef,src:f32::blocked:abcd::f0 dst:f32::blocked:ABcd16b16a::f0,attr-scratchpad:user,,256x256x3x3,0.287109
onednn_verbose,v1,primitive,exec,cpu,convolution,jit:avx512_core,forward_training,src:f32:a:blocked:aBcd16b::f0 wei:f32:a:blocked:ABcd16b16a::f0 bia:undef::undef::: dst:f32:a:blocked:aBcd16b::f0,attr-scratchpad:user,alg:convolution_direct,mb1_ic256oc256_ih28oh14kh3sh2dh0ph1_iw28ow14kw3sw2dw0pw1,1.73486
onednn_verbose,v1,primitive,exec,cpu,reorder,jit:blk,undef,src:f32::blocked:aBcd16b::f0 dst:f32::blocked:abcd::f0,attr-scratchpad:user,,1x256x14x14,0.0239258
MKL_VERBOSE SGEMM(N,N,196,1024,256,0x7ffc0c4f90b0,0x1ede3700,196,0x203f6b80,256,0x7ffc0c4f90d0,0x1f117b40,196) 957.05us CNR:OFF Dyn:0 FastMM:1 TID:0  NThr:1
onednn_verbose,v1,primitive,exec,cpu,reorder,jit:blk,undef,src:f32::blocked:abcd::f0 dst:f32::blocked:aBcd16b::f0,attr-scratchpad:user,,1x512x28x28,0.151855
onednn_verbose,v1,primitive,exec,cpu,reorder,jit:blk,undef,src:f32::blocked:abcd::f0 dst:f32::blocked:ABcd16b16a::f0,attr-scratchpad:user,,1024x512x1x1,0.226074
onednn_verbose,v1,primitive,exec,cpu,convolution,jit_1x1:avx512_core,forward_training,src:f32:a:blocked:aBcd16b::f0 wei:f32:a:blocked:ABcd16b16a::f0 bia:undef::undef::: dst:f32:a:blocked:aBcd16b::f0,attr-scratchpad:user,alg:convolution_direct,mb1_ic512oc1024_ih28oh14kh1sh2dh0ph0_iw28ow14kw1sw2dw0pw0,1.646
onednn_verbose,v1,primitive,exec,cpu,reorder,jit:blk,undef,src:f32::blocked:aBcd16b::f0 dst:f32::blocked:abcd::f0,attr-scratchpad:user,,1x1024x14x14,0.0888672
MKL_VERBOSE SGEMM(N,N,196,256,1024,0x7ffc0c4f90b0,0x1f1dbb80,196,0x204fb640,1024,0x7ffc0c4f90d0,0x1ede3700,196) 1.00ms CNR:OFF Dyn:0 FastMM:1 TID:0  NThr:1
onednn_verbose,v1,primitive,exec,cpu,reorder,jit:blk,undef,src:f32::blocked:abcd::f0 dst:f32::blocked:aBcd16b::f0,attr-scratchpad:user,,1x256x14x14,0.0109863
onednn_verbose,v1,primitive,exec,cpu,reorder,jit:uni,undef,src:f32::blocked:abcd::f0 dst:f32::blocked:ABcd16b16a::f0,attr-scratchpad:user,,256x256x3x3,0.286133
onednn_verbose,v1,primitive,exec,cpu,convolution,jit:avx512_core,forward_training,src:f32:a:blocked:aBcd16b::f0 wei:f32:a:blocked:ABcd16b16a::f0 bia:undef::undef::: dst:f32:a:blocked:aBcd16b::f0,attr-scratchpad:user,alg:convolution_direct,mb1_ic256oc256_ih14oh14kh3sh1dh0ph1_iw14ow14kw3sw1dw0pw1,1.63013
onednn_verbose,v1,primitive,exec,cpu,reorder,jit:blk,undef,src:f32::blocked:aBcd16b::f0 dst:f32::blocked:abcd::f0,attr-scratchpad:user,,1x256x14x14,0.0161133
MKL_VERBOSE SGEMM(N,N,196,1024,256,0x7ffc0c4f90b0,0x1ef2dac0,196,0x205feb80,256,0x7ffc0c4f90d0,0x1f29fbc0,196) 960.83us CNR:OFF Dyn:0 FastMM:1 TID:0  NThr:1
MKL_VERBOSE SGEMM(N,N,196,256,1024,0x7ffc0c4f90b0,0x1f363c00,196,0x20703640,1024,0x7ffc0c4f90d0,0x1ede3700,196) 995.36us CNR:OFF Dyn:0 FastMM:1 TID:0  NThr:1
onednn_verbose,v1,primitive,exec,cpu,reorder,jit:blk,undef,src:f32::blocked:abcd::f0 dst:f32::blocked:aBcd16b::f0,attr-scratchpad:user,,1x256x14x14,0.0109863
onednn_verbose,v1,primitive,exec,cpu,reorder,jit:uni,undef,src:f32::blocked:abcd::f0 dst:f32::blocked:ABcd16b16a::f0,attr-scratchpad:user,,256x256x3x3,0.282227
onednn_verbose,v1,primitive,exec,cpu,convolution,jit:avx512_core,forward_training,src:f32:a:blocked:aBcd16b::f0 wei:f32:a:blocked:ABcd16b16a::f0 bia:undef::undef::: dst:f32:a:blocked:aBcd16b::f0,attr-scratchpad:user,alg:convolution_direct,mb1_ic256oc256_ih14oh14kh3sh1dh0ph1_iw14ow14kw3sw1dw0pw1,1.64795
onednn_verbose,v1,primitive,exec,cpu,reorder,jit:blk,undef,src:f32::blocked:aBcd16b::f0 dst:f32::blocked:abcd::f0,attr-scratchpad:user,,1x256x14x14,0.0148926
MKL_VERBOSE SGEMM(N,N,196,1024,256,0x7ffc0c4f90b0,0x1ed47980,196,0x20806b80,256,0x7ffc0c4f90d0,0x1f117b40,196) 949.08us CNR:OFF Dyn:0 FastMM:1 TID:0  NThr:1
MKL_VERBOSE SGEMM(N,N,196,256,1024,0x7ffc0c4f90b0,0x1f1dbb80,196,0x2090b640,1024,0x7ffc0c4f90d0,0x1ede3700,196) 992.06us CNR:OFF Dyn:0 FastMM:1 TID:0  NThr:1
onednn_verbose,v1,primitive,exec,cpu,reorder,jit:blk,undef,src:f32::blocked:abcd::f0 dst:f32::blocked:aBcd16b::f0,attr-scratchpad:user,,1x256x14x14,0.0109863
onednn_verbose,v1,primitive,exec,cpu,reorder,jit:uni,undef,src:f32::blocked:abcd::f0 dst:f32::blocked:ABcd16b16a::f0,attr-scratchpad:user,,256x256x3x3,0.284912
onednn_verbose,v1,primitive,exec,cpu,convolution,jit:avx512_core,forward_training,src:f32:a:blocked:aBcd16b::f0 wei:f32:a:blocked:ABcd16b16a::f0 bia:undef::undef::: dst:f32:a:blocked:aBcd16b::f0,attr-scratchpad:user,alg:convolution_direct,mb1_ic256oc256_ih14oh14kh3sh1dh0ph1_iw14ow14kw3sw1dw0pw1,1.63403
onednn_verbose,v1,primitive,exec,cpu,reorder,jit:blk,undef,src:f32::blocked:aBcd16b::f0 dst:f32::blocked:abcd::f0,attr-scratchpad:user,,1x256x14x14,0.0151367
MKL_VERBOSE SGEMM(N,N,196,1024,256,0x7ffc0c4f90b0,0x1ed47980,196,0x20a0ec80,256,0x7ffc0c4f90d0,0x1f29fbc0,196) 952.74us CNR:OFF Dyn:0 FastMM:1 TID:0  NThr:1
MKL_VERBOSE SGEMM(N,N,196,256,1024,0x7ffc0c4f90b0,0x1f363c00,196,0x20b13800,1024,0x7ffc0c4f90d0,0x1ede3700,196) 1.00ms CNR:OFF Dyn:0 FastMM:1 TID:0  NThr:1
onednn_verbose,v1,primitive,exec,cpu,reorder,jit:blk,undef,src:f32::blocked:abcd::f0 dst:f32::blocked:aBcd16b::f0,attr-scratchpad:user,,1x256x14x14,0.0109863
onednn_verbose,v1,primitive,exec,cpu,reorder,jit:uni,undef,src:f32::blocked:abcd::f0 dst:f32::blocked:ABcd16b16a::f0,attr-scratchpad:user,,256x256x3x3,0.286133
onednn_verbose,v1,primitive,exec,cpu,convolution,jit:avx512_core,forward_training,src:f32:a:blocked:aBcd16b::f0 wei:f32:a:blocked:ABcd16b16a::f0 bia:undef::undef::: dst:f32:a:blocked:aBcd16b::f0,attr-scratchpad:user,alg:convolution_direct,mb1_ic256oc256_ih14oh14kh3sh1dh0ph1_iw14ow14kw3sw1dw0pw1,1.62695
onednn_verbose,v1,primitive,exec,cpu,reorder,jit:blk,undef,src:f32::blocked:aBcd16b::f0 dst:f32::blocked:abcd::f0,attr-scratchpad:user,,1x256x14x14,0.0148926
MKL_VERBOSE SGEMM(N,N,196,1024,256,0x7ffc0c4f90b0,0x1ed47980,196,0x20c16e80,256,0x7ffc0c4f90d0,0x1f117b40,196) 958.20us CNR:OFF Dyn:0 FastMM:1 TID:0  NThr:1
MKL_VERBOSE SGEMM(N,N,196,256,1024,0x7ffc0c4f90b0,0x1f1dbb80,196,0x20d1ba00,1024,0x7ffc0c4f90d0,0x1ede3700,196) 992.62us CNR:OFF Dyn:0 FastMM:1 TID:0  NThr:1
onednn_verbose,v1,primitive,exec,cpu,reorder,jit:blk,undef,src:f32::blocked:abcd::f0 dst:f32::blocked:aBcd16b::f0,attr-scratchpad:user,,1x256x14x14,0.0100098
onednn_verbose,v1,primitive,exec,cpu,reorder,jit:uni,undef,src:f32::blocked:abcd::f0 dst:f32::blocked:ABcd16b16a::f0,attr-scratchpad:user,,256x256x3x3,0.291016
onednn_verbose,v1,primitive,exec,cpu,convolution,jit:avx512_core,forward_training,src:f32:a:blocked:aBcd16b::f0 wei:f32:a:blocked:ABcd16b16a::f0 bia:undef::undef::: dst:f32:a:blocked:aBcd16b::f0,attr-scratchpad:user,alg:convolution_direct,mb1_ic256oc256_ih14oh14kh3sh1dh0ph1_iw14ow14kw3sw1dw0pw1,1.62915
onednn_verbose,v1,primitive,exec,cpu,reorder,jit:blk,undef,src:f32::blocked:aBcd16b::f0 dst:f32::blocked:abcd::f0,attr-scratchpad:user,,1x256x14x14,0.0148926
MKL_VERBOSE SGEMM(N,N,196,1024,256,0x7ffc0c4f90b0,0x1ef2dac0,196,0x20e1f080,256,0x7ffc0c4f90d0,0x1f29fbc0,196) 947.99us CNR:OFF Dyn:0 FastMM:1 TID:0  NThr:1
MKL_VERBOSE SGEMM(N,N,196,512,1024,0x7ffc0c4f90b0,0x1f363c00,196,0x7e3538949040,1024,0x7ffc0c4f90d0,0x1fa385c0,196) 1.96ms CNR:OFF Dyn:0 FastMM:1 TID:0  NThr:1
onednn_verbose,v1,primitive,exec,cpu,reorder,jit:blk,undef,src:f32::blocked:abcd::f0 dst:f32::blocked:aBcd16b::f0,attr-scratchpad:user,,1x512x14x14,0.0290527
onednn_verbose,v1,primitive,exec,cpu,reorder,jit:uni,undef,src:f32::blocked:abcd::f0 dst:f32::blocked:ABcd16b16a::f0,attr-scratchpad:user,,512x512x3x3,1.11987
onednn_verbose,v1,primitive,exec,cpu,convolution,jit:avx512_core,forward_training,src:f32:a:blocked:aBcd16b::f0 wei:f32:a:blocked:ABcd16b16a::f0 bia:undef::undef::: dst:f32:a:blocked:aBcd16b::f0,attr-scratchpad:user,alg:convolution_direct,mb1_ic512oc512_ih14oh7kh3sh2dh0ph1_iw14ow7kw3sw2dw0pw1,2.32788
onednn_verbose,v1,primitive,exec,cpu,reorder,jit:blk,undef,src:f32::blocked:aBcd16b::f0 dst:f32::blocked:abcd::f0,attr-scratchpad:user,,1x512x7x7,0.0129395
MKL_VERBOSE SGEMM(N,N,49,2048,512,0x7ffc0c4f90b0,0x1edacec0,49,0x7e3537c47040,512,0x7ffc0c4f90d0,0x1fa385c0,49) 1.29ms CNR:OFF Dyn:0 FastMM:1 TID:0  NThr:1
onednn_verbose,v1,primitive,exec,cpu,reorder,jit:blk,undef,src:f32::blocked:abcd::f0 dst:f32::blocked:aBcd16b::f0,attr-scratchpad:user,,1x1024x14x14,0.0749512
onednn_verbose,v1,primitive,exec,cpu,reorder,jit:blk,undef,src:f32::blocked:abcd::f0 dst:f32::blocked:ABcd16b16a::f0,attr-scratchpad:user,,2048x1024x1x1,0.928955
onednn_verbose,v1,primitive,exec,cpu,convolution,jit_1x1:avx512_core,forward_training,src:f32:a:blocked:aBcd16b::f0 wei:f32:a:blocked:ABcd16b16a::f0 bia:undef::undef::: dst:f32:a:blocked:aBcd16b::f0,attr-scratchpad:user,alg:convolution_direct,mb1_ic1024oc2048_ih14oh7kh1sh2dh0ph0_iw14ow7kw1sw2dw0pw0,1.82007
onednn_verbose,v1,primitive,exec,cpu,reorder,jit:blk,undef,src:f32::blocked:aBcd16b::f0 dst:f32::blocked:abcd::f0,attr-scratchpad:user,,1x2048x7x7,0.0441895
MKL_VERBOSE SGEMM(N,N,49,512,2048,0x7ffc0c4f90b0,0x1fa9a600,49,0x7e3537846040,2048,0x7ffc0c4f90d0,0x1edacec0,49) 1.22ms CNR:OFF Dyn:0 FastMM:1 TID:0  NThr:1
onednn_verbose,v1,primitive,exec,cpu,reorder,jit:blk,undef,src:f32::blocked:abcd::f0 dst:f32::blocked:aBcd16b::f0,attr-scratchpad:user,,1x512x7x7,0.00708008
onednn_verbose,v1,primitive,exec,cpu,reorder,jit:uni,undef,src:f32::blocked:abcd::f0 dst:f32::blocked:ABcd16b16a::f0,attr-scratchpad:user,,512x512x3x3,1.09985
onednn_verbose,v1,primitive,exec,cpu,convolution,jit:avx512_core,forward_training,src:f32:a:blocked:aBcd16b::f0 wei:f32:a:blocked:ABcd16b16a::f0 bia:undef::undef::: dst:f32:a:blocked:aBcd16b::f0,attr-scratchpad:user,alg:convolution_direct,mb1_ic512oc512_ih7oh7kh3sh1dh0ph1_iw7ow7kw3sw1dw0pw1,1.9729
onednn_verbose,v1,primitive,exec,cpu,reorder,jit:blk,undef,src:f32::blocked:aBcd16b::f0 dst:f32::blocked:abcd::f0,attr-scratchpad:user,,1x512x7x7,0.0090332
MKL_VERBOSE SGEMM(N,N,49,2048,512,0x7ffc0c4f90b0,0x1edfbf40,49,0x7e3536b44040,512,0x7ffc0c4f90d0,0x1fafc640,49) 1.28ms CNR:OFF Dyn:0 FastMM:1 TID:0  NThr:1
MKL_VERBOSE SGEMM(N,N,49,512,2048,0x7ffc0c4f90b0,0x1fb5e680,49,0x7e3536743040,2048,0x7ffc0c4f90d0,0x1edacec0,49) 1.22ms CNR:OFF Dyn:0 FastMM:1 TID:0  NThr:1
onednn_verbose,v1,primitive,exec,cpu,reorder,jit:blk,undef,src:f32::blocked:abcd::f0 dst:f32::blocked:aBcd16b::f0,attr-scratchpad:user,,1x512x7x7,0.00585938
onednn_verbose,v1,primitive,exec,cpu,reorder,jit:uni,undef,src:f32::blocked:abcd::f0 dst:f32::blocked:ABcd16b16a::f0,attr-scratchpad:user,,512x512x3x3,1.09595
onednn_verbose,v1,primitive,exec,cpu,convolution,jit:avx512_core,forward_training,src:f32:a:blocked:aBcd16b::f0 wei:f32:a:blocked:ABcd16b16a::f0 bia:undef::undef::: dst:f32:a:blocked:aBcd16b::f0,attr-scratchpad:user,alg:convolution_direct,mb1_ic512oc512_ih7oh7kh3sh1dh0ph1_iw7ow7kw3sw1dw0pw1,1.96997
onednn_verbose,v1,primitive,exec,cpu,reorder,jit:blk,undef,src:f32::blocked:aBcd16b::f0 dst:f32::blocked:abcd::f0,attr-scratchpad:user,,1x512x7x7,0.0100098
MKL_VERBOSE SGEMM(N,N,49,2048,512,0x7ffc0c4f90b0,0x1edfbf40,49,0x7e3535a41040,512,0x7ffc0c4f90d0,0x1fa385c0,49) 1.28ms CNR:OFF Dyn:0 FastMM:1 TID:0  NThr:1
MKL_VERBOSE SGEMM(T,N,1000,1,2048,0x7ffc0c4fb2f0,0x7e3535270040,2048,0x1edcaac0,2048,0x7ffc0c4fb310,0x1fdbda00,1000) 473.32us CNR:OFF Dyn:0 FastMM:1 TID:0  NThr:1
@@INFERENCE_BEGIN
@@LEAF_BEGIN conv1
onednn_verbose,v1,primitive,exec,cpu,reorder,jit:uni,undef,src:f32::blocked:abcd::f0 dst:f32::blocked:Acdb16a::f0,attr-scratchpad:user,,64x3x7x7,0.00805664
onednn_verbose,v1,primitive,exec,cpu,convolution,jit:avx512_core,forward_training,src:f32:a:blocked:abcd::f0 wei:f32:a:blocked:Acdb16a::f0 bia:undef::undef::: dst:f32:a:blocked:aBcd16b::f0,attr-scratchpad:user,alg:convolution_direct,mb1_ic3oc64_ih224oh112kh7sh2dh0ph3_iw224ow112kw7sw2dw0pw3,1.76807
onednn_verbose,v1,primitive,exec,cpu,reorder,jit:blk,undef,src:f32::blocked:aBcd16b::f0 dst:f32::blocked:abcd::f0,attr-scratchpad:user,,1x64x112x112,0.307861
@@LEAF_END conv1
@@LEAF_BEGIN bn1
@@LEAF_END bn1
@@LEAF_BEGIN relu
@@LEAF_END relu
@@LEAF_BEGIN maxpool
@@LEAF_END maxpool
@@LEAF_BEGIN layer1.0.conv1
MKL_VERBOSE SGEMM(N,N,3136,64,64,0x7ffc0c4f90b0,0x1ee69a80,3136,0x1fded740,64,0x7ffc0c4f90d0,0x1fa385c0,3136) 240.45us CNR:OFF Dyn:0 FastMM:1 TID:0  NThr:1
@@LEAF_END layer1.0.conv1
@@LEAF_BEGIN layer1.0.bn1
@@LEAF_END layer1.0.bn1
@@LEAF_BEGIN layer1.0.relu1
@@LEAF_END layer1.0.relu1
@@LEAF_BEGIN layer1.0.conv2
onednn_verbose,v1,primitive,exec,cpu,reorder,jit:blk,undef,src:f32::blocked:abcd::f0 dst:f32::blocked:aBcd16b::f0,attr-scratchpad:user,,1x64x56x56,0.059082
onednn_verbose,v1,primitive,exec,cpu,reorder,jit:uni,undef,src:f32::blocked:abcd::f0 dst:f32::blocked:ABcd16b16a::f0,attr-scratchpad:user,,64x64x3x3,0.0219727
onednn_verbose,v1,primitive,exec,cpu,convolution,jit:avx512_core,forward_training,src:f32:a:blocked:aBcd16b::f0 wei:f32:a:blocked:ABcd16b16a::f0 bia:undef::undef::: dst:f32:a:blocked:aBcd16b::f0,attr-scratchpad:user,alg:convolution_direct,mb1_ic64oc64_ih56oh56kh3sh1dh0ph1_iw56ow56kw3sw1dw0pw1,1.74414
onednn_verbose,v1,primitive,exec,cpu,reorder,jit:blk,undef,src:f32::blocked:aBcd16b::f0 dst:f32::blocked:abcd::f0,attr-scratchpad:user,,1x64x56x56,0.0639648
@@LEAF_END layer1.0.conv2
@@LEAF_BEGIN layer1.0.bn2
@@LEAF_END layer1.0.bn2
@@LEAF_BEGIN layer1.0.relu2
@@LEAF_END layer1.0.relu2
@@LEAF_BEGIN layer1.0.conv3
MKL_VERBOSE SGEMM(N,N,3136,256,64,0x7ffc0c4f90b0,0x1fbc0640,3136,0x1fe174c0,64,0x7ffc0c4f90d0,0x1ef2dac0,3136) 835.85us CNR:OFF Dyn:0 FastMM:1 TID:0  NThr:1
@@LEAF_END layer1.0.conv3
@@LEAF_BEGIN layer1.0.bn3
@@LEAF_END layer1.0.bn3
@@LEAF_BEGIN layer1.0.downsample.0
MKL_VERBOSE SGEMM(N,N,3136,256,64,0x7ffc0c4f8980,0x1ee69a80,3136,0x1fddbc80,64,0x7ffc0c4f89a0,0x1fa385c0,3136) 844.94us CNR:OFF Dyn:0 FastMM:1 TID:0  NThr:1
@@LEAF_END layer1.0.downsample.0
@@LEAF_BEGIN layer1.0.downsample.1
@@LEAF_END layer1.0.downsample.1
@@LEAF_BEGIN layer1.0.add
@@LEAF_END layer1.0.add
@@LEAF_BEGIN layer1.0.relu3
@@LEAF_END layer1.0.relu3
@@LEAF_BEGIN layer1.1.conv1
MKL_VERBOSE SGEMM(N,N,3136,64,256,0x7ffc0c4f90b0,0x20f6c800,3136,0x1fe28f80,256,0x7ffc0c4f90d0,0x1fa385c0,3136) 790.22us CNR:OFF Dyn:0 FastMM:1 TID:0  NThr:1
@@LEAF_END layer1.1.conv1
@@LEAF_BEGIN layer1.1.bn1
@@LEAF_END layer1.1.bn1
@@LEAF_BEGIN layer1.1.relu1
@@LEAF_END layer1.1.relu1
@@LEAF_BEGIN layer1.1.conv2
onednn_verbose,v1,primitive,exec,cpu,reorder,jit:blk,undef,src:f32::blocked:abcd::f0 dst:f32::blocked:aBcd16b::f0,attr-scratchpad:user,,1x64x56x56,0.0578613
onednn_verbose,v1,primitive,exec,cpu,reorder,jit:uni,undef,src:f32::blocked:abcd::f0 dst:f32::blocked:ABcd16b16a::f0,attr-scratchpad:user,,64x64x3x3,0.0209961
onednn_verbose,v1,primitive,exec,cpu,convolution,jit:avx512_core,forward_training,src:f32:a:blocked:aBcd16b::f0 wei:f32:a:blocked:ABcd16b16a::f0 bia:undef::undef::: dst:f32:a:blocked:aBcd16b::f0,attr-scratchpad:user,alg:convolution_direct,mb1_ic64oc64_ih56oh56kh3sh1dh0ph1_iw56ow56kw3sw1dw0pw1,1.73901
onednn_verbose,v1,primitive,exec,cpu,reorder,jit:blk,undef,src:f32::blocked:aBcd16b::f0 dst:f32::blocked:abcd::f0,attr-scratchpad:user,,1x64x56x56,0.0668945
@@LEAF_END layer1.1.conv2
@@LEAF_BEGIN layer1.1.bn2
@@LEAF_END layer1.1.bn2
@@LEAF_BEGIN layer1.1.relu2
@@LEAF_END layer1.1.relu2
@@LEAF_BEGIN layer1.1.conv3
MKL_VERBOSE SGEMM(N,N,3136,256,64,0x7ffc0c4f90b0,0x1fbc0640,3136,0x1fe5ed00,64,0x7ffc0c4f90d0,0x1ef2dac0,3136) 861.72us CNR:OFF Dyn:0 FastMM:1 TID:0  NThr:1
@@LEAF_END layer1.1.conv3
@@LEAF_BEGIN layer1.1.bn3
@@LEAF_END layer1.1.bn3
@@LEAF_BEGIN layer1.1.add
@@LEAF_END layer1.1.add
@@LEAF_BEGIN layer1.1.relu3
@@LEAF_END layer1.1.relu3
@@LEAF_BEGIN layer1.2.conv1
MKL_VERBOSE SGEMM(N,N,3136,64,256,0x7ffc0c4f90b0,0x2127c840,3136,0x1fe707c0,256,0x7ffc0c4f90d0,0x20f6c800,3136) 782.94us CNR:OFF Dyn:0 FastMM:1 TID:0  NThr:1
@@LEAF_END layer1.2.conv1
@@LEAF_BEGIN layer1.2.bn1
@@LEAF_END layer1.2.bn1
@@LEAF_BEGIN layer1.2.relu1
@@LEAF_END layer1.2.relu1
@@LEAF_BEGIN layer1.2.conv2
onednn_verbose,v1,primitive,exec,cpu,reorder,jit:blk,undef,src:f32::blocked:abcd::f0 dst:f32::blocked:aBcd16b::f0,attr-scratchpad:user,,1x64x56x56,0.059082
onednn_verbose,v1,primitive,exec,cpu,reorder,jit:uni,undef,src:f32::blocked:abcd::f0 dst:f32::blocked:ABcd16b16a::f0,attr-scratchpad:user,,64x64x3x3,0.0219727
onednn_verbose,v1,primitive,exec,cpu,convolution,jit:avx512_core,forward_training,src:f32:a:blocked:aBcd16b::f0 wei:f32:a:blocked:ABcd16b16a::f0 bia:undef::undef::: dst:f32:a:blocked:aBcd16b::f0,attr-scratchpad:user,alg:convolution_direct,mb1_ic64oc64_ih56oh56kh3sh1dh0ph1_iw56ow56kw3sw1dw0pw1,1.74097
onednn_verbose,v1,primitive,exec,cpu,reorder,jit:blk,undef,src:f32::blocked:aBcd16b::f0 dst:f32::blocked:abcd::f0,attr-scratchpad:user,,1x64x56x56,0.0480957
@@LEAF_END layer1.2.conv2
@@LEAF_BEGIN layer1.2.bn2
@@LEAF_END layer1.2.bn2
@@LEAF_BEGIN layer1.2.relu2
@@LEAF_END layer1.2.relu2
@@LEAF_BEGIN layer1.2.conv3
MKL_VERBOSE SGEMM(N,N,3136,256,64,0x7ffc0c4f90b0,0x1fa385c0,3136,0x1fea6540,64,0x7ffc0c4f90d0,0x1ef2dac0,3136) 832.03us CNR:OFF Dyn:0 FastMM:1 TID:0  NThr:1
@@LEAF_END layer1.2.conv3
@@LEAF_BEGIN layer1.2.bn3
@@LEAF_END layer1.2.bn3
@@LEAF_BEGIN layer1.2.add
@@LEAF_END layer1.2.add
@@LEAF_BEGIN layer1.2.relu3
@@LEAF_END layer1.2.relu3
@@LEAF_BEGIN layer2.0.conv1
MKL_VERBOSE SGEMM(N,N,3136,128,256,0x7ffc0c4f90b0,0x2158c880,3136,0x1ff3aac0,256,0x7ffc0c4f90d0,0x1fa385c0,3136) 1.59ms CNR:OFF Dyn:0 FastMM:1 TID:0  NThr:1
@@LEAF_END layer2.0.conv1
@@LEAF_BEGIN layer2.0.bn1
@@LEAF_END layer2.0.bn1
@@LEAF_BEGIN layer2.0.relu1
@@LEAF_END layer2.0.relu1
@@LEAF_BEGIN layer2.0.conv2
onednn_verbose,v1,primitive,exec,cpu,reorder,jit:blk,undef,src:f32::blocked:abcd::f0 dst:f32::blocked:aBcd16b::f0,attr-scratchpad:user,,1x128x56x56,0.139893
onednn_verbose,v1,primitive,exec,cpu,reorder,jit:uni,undef,src:f32::blocked:abcd::f0 dst:f32::blocked:ABcd16b16a::f0,attr-scratchpad:user,,128x128x3x3,0.0749512
onednn_verbose,v1,primitive,exec,cpu,convolution,jit:avx512_core,forward_training,src:f32:a:blocked:aBcd16b::f0 wei:f32:a:blocked:ABcd16b16a::f0 bia:undef::undef::: dst:f32:a:blocked:aBcd16b::f0,attr-scratchpad:user,alg:convolution_direct,mb1_ic128oc128_ih56oh28kh3sh2dh0ph1_iw56ow28kw3sw2dw0pw1,1.78198
onednn_verbose,v1,primitive,exec,cpu,reorder,jit:blk,undef,src:f32::blocked:aBcd16b::f0 dst:f32::blocked:abcd::f0,attr-scratchpad:user,,1x128x28x28,0.0361328
@@LEAF_END layer2.0.conv2
@@LEAF_BEGIN layer2.0.bn2
@@LEAF_END layer2.0.bn2
@@LEAF_BEGIN layer2.0.relu2
@@LEAF_END layer2.0.relu2
@@LEAF_BEGIN layer2.0.conv3
MKL_VERBOSE SGEMM(N,N,784,512,128,0x7ffc0c4f90b0,0x1fa9a600,784,0x1ffed040,128,0x7ffc0c4f90d0,0x1fafc640,784) 832.77us CNR:OFF Dyn:0 FastMM:1 TID:0  NThr:1
@@LEAF_END layer2.0.conv3
@@LEAF_BEGIN layer2.0.bn3
@@LEAF_END layer2.0.bn3
@@LEAF_BEGIN layer2.0.downsample.0
onednn_verbose,v1,primitive,exec,cpu,reorder,jit:blk,undef,src:f32::blocked:abcd::f0 dst:f32::blocked:aBcd16b::f0,attr-scratchpad:user,,1x256x56x56,0.302979
onednn_verbose,v1,primitive,exec,cpu,reorder,jit:blk,undef,src:f32::blocked:abcd::f0 dst:f32::blocked:ABcd16b16a::f0,attr-scratchpad:user,,512x256x1x1,0.0620117
onednn_verbose,v1,primitive,exec,cpu,convolution,jit_1x1:avx512_core,forward_training,src:f32:a:blocked:aBcd16b::f0 wei:f32:a:blocked:ABcd16b16a::f0 bia:undef::undef::: dst:f32:a:blocked:aBcd16b::f0,attr-scratchpad:user,alg:convolution_direct,mb1_ic256oc512_ih56oh28kh1sh2dh0ph0_iw56ow28kw1sw2dw0pw0,1.68799
onednn_verbose,v1,primitive,exec,cpu,reorder,jit:blk,undef,src:f32::blocked:aBcd16b::f0 dst:f32::blocked:abcd::f0,attr-scratchpad:user,,1x512x28x28,0.147949
@@LEAF_END layer2.0.downsample.0
@@LEAF_BEGIN layer2.0.downsample.1
@@LEAF_END layer2.0.downsample.1
@@LEAF_BEGIN layer2.0.add
@@LEAF_END layer2.0.add
@@LEAF_BEGIN layer2.0.relu3
@@LEAF_END layer2.0.relu3
@@LEAF_BEGIN layer2.1.conv1
MKL_VERBOSE SGEMM(N,N,784,128,512,0x7ffc0c4f90b0,0x1ef2dac0,784,0x2002fb00,512,0x7ffc0c4f90d0,0x1fa385c0,784) 810.27us CNR:OFF Dyn:0 FastMM:1 TID:0  NThr:1
@@LEAF_END layer2.1.conv1
@@LEAF_BEGIN layer2.1.bn1
@@LEAF_END layer2.1.bn1
@@LEAF_BEGIN layer2.1.relu1
@@LEAF_END layer2.1.relu1
@@LEAF_BEGIN layer2.1.conv2
onednn_verbose,v1,primitive,exec,cpu,reorder,jit:blk,undef,src:f32::blocked:abcd::f0 dst:f32::blocked:aBcd16b::f0,attr-scratchpad:user,,1x128x28x28,0.027832
onednn_verbose,v1,primitive,exec,cpu,reorder,jit:uni,undef,src:f32::blocked:abcd::f0 dst:f32::blocked:ABcd16b16a::f0,attr-scratchpad:user,,128x128x3x3,0.0749512
onednn_verbose,v1,primitive,exec,cpu,convolution,jit:avx512_core,forward_training,src:f32:a:blocked:aBcd16b::f0 wei:f32:a:blocked:ABcd16b16a::f0 bia:undef::undef::: dst:f32:a:blocked:aBcd16b::f0,attr-scratchpad:user,alg:convolution_direct,mb1_ic128oc128_ih28oh28kh3sh1dh0ph1_iw28ow28kw3sw1dw0pw1,1.72388
onednn_verbose,v1,primitive,exec,cpu,reorder,jit:blk,undef,src:f32::blocked:aBcd16b::f0 dst:f32::blocked:abcd::f0,attr-scratchpad:user,,1x128x28x28,0.0241699
@@LEAF_END layer2.1.conv2
@@LEAF_BEGIN layer2.1.bn2
@@LEAF_END layer2.1.bn2
@@LEAF_BEGIN layer2.1.relu2
@@LEAF_END layer2.1.relu2
@@LEAF_BEGIN layer2.1.conv3
MKL_VERBOSE SGEMM(N,N,784,512,128,0x7ffc0c4f90b0,0x1fbc06c0,784,0x20102080,128,0x7ffc0c4f90d0,0x1fa385c0,784) 832.46us CNR:OFF Dyn:0 FastMM:1 TID:0  NThr:1
@@LEAF_END layer2.1.conv3
@@LEAF_BEGIN layer2.1.bn3
@@LEAF_END layer2.1.bn3
@@LEAF_BEGIN layer2.1.add
@@LEAF_END layer2.1.add
@@LEAF_BEGIN layer2.1.relu3
@@LEAF_END layer2.1.relu3
@@LEAF_BEGIN layer2.2.conv1
MKL_VERBOSE SGEMM(N,N,784,128,512,0x7ffc0c4f90b0,0x1f0b5b00,784,0x20144b40,512,0x7ffc0c4f90d0,0x1ef2dac0,784) 795.91us CNR:OFF Dyn:0 FastMM:1 TID:0  NThr:1
@@LEAF_END layer2.2.conv1
@@LEAF_BEGIN layer2.2.bn1
@@LEAF_END layer2.2.bn1
@@LEAF_BEGIN layer2.2.relu1
@@LEAF_END layer2.2.relu1
@@LEAF_BEGIN layer2.2.conv2
onednn_verbose,v1,primitive,exec,cpu,reorder,jit:blk,undef,src:f32::blocked:abcd::f0 dst:f32::blocked:aBcd16b::f0,attr-scratchpad:user,,1x128x28x28,0.027832
onednn_verbose,v1,primitive,exec,cpu,reorder,jit:uni,undef,src:f32::blocked:abcd::f0 dst:f32::blocked:ABcd16b16a::f0,attr-scratchpad:user,,128x128x3x3,0.0739746
onednn_verbose,v1,primitive,exec,cpu,convolution,jit:avx512_core,forward_training,src:f32:a:blocked:aBcd16b::f0 wei:f32:a:blocked:ABcd16b16a::f0 bia:undef::undef::: dst:f32:a:blocked:aBcd16b::f0,attr-scratchpad:user,alg:convolution_direct,mb1_ic128oc128_ih28oh28kh3sh1dh0ph1_iw28ow28kw3sw1dw0pw1,1.73193
onednn_verbose,v1,primitive,exec,cpu,reorder,jit:blk,undef,src:f32::blocked:aBcd16b::f0 dst:f32::blocked:abcd::f0,attr-scratchpad:user,,1x128x28x28,0.0239258
@@LEAF_END layer2.2.conv2
@@LEAF_BEGIN layer2.2.bn2
@@LEAF_END layer2.2.bn2
@@LEAF_BEGIN layer2.2.relu2
@@LEAF_END layer2.2.relu2
@@LEAF_BEGIN layer2.2.conv3
MKL_VERBOSE SGEMM(N,N,784,512,128,0x7ffc0c4f90b0,0x1eff1b40,784,0x202170c0,128,0x7ffc0c4f90d0,0x1f23db40,784) 824.57us CNR:OFF Dyn:0 FastMM:1 TID:0  NThr:1
@@LEAF_END layer2.2.conv3
@@LEAF_BEGIN layer2.2.bn3
@@LEAF_END layer2.2.bn3
@@LEAF_BEGIN layer2.2.add
@@LEAF_END layer2.2.add
@@LEAF_BEGIN layer2.2.relu3
@@LEAF_END layer2.2.relu3
@@LEAF_BEGIN layer2.3.conv1
MKL_VERBOSE SGEMM(N,N,784,128,512,0x7ffc0c4f90b0,0x1fa385c0,784,0x20259b80,512,0x7ffc0c4f90d0,0x1fbc0600,784) 800.53us CNR:OFF Dyn:0 FastMM:1 TID:0  NThr:1
@@LEAF_END layer2.3.conv1
@@LEAF_BEGIN layer2.3.bn1
@@LEAF_END layer2.3.bn1
@@LEAF_BEGIN layer2.3.relu1
@@LEAF_END layer2.3.relu1
@@LEAF_BEGIN layer2.3.conv2
onednn_verbose,v1,primitive,exec,cpu,reorder,jit:blk,undef,src:f32::blocked:abcd::f0 dst:f32::blocked:aBcd16b::f0,attr-scratchpad:user,,1x128x28x28,0.0280762
onednn_verbose,v1,primitive,exec,cpu,reorder,jit:uni,undef,src:f32::blocked:abcd::f0 dst:f32::blocked:ABcd16b16a::f0,attr-scratchpad:user,,128x128x3x3,0.0761719
onednn_verbose,v1,primitive,exec,cpu,convolution,jit:avx512_core,forward_training,src:f32:a:blocked:aBcd16b::f0 wei:f32:a:blocked:ABcd16b16a::f0 bia:undef::undef::: dst:f32:a:blocked:aBcd16b::f0,attr-scratchpad:user,alg:convolution_direct,mb1_ic128oc128_ih28oh28kh3sh1dh0ph1_iw28ow28kw3sw1dw0pw1,1.72314
onednn_verbose,v1,primitive,exec,cpu,reorder,jit:blk,undef,src:f32::blocked:aBcd16b::f0 dst:f32::blocked:abcd::f0,attr-scratchpad:user,,1x128x28x28,0.0219727
@@LEAF_END layer2.3.conv2
@@LEAF_BEGIN layer2.3.bn2
@@LEAF_END layer2.3.bn2
@@LEAF_BEGIN layer2.3.relu2
@@LEAF_END layer2.3.relu2
@@LEAF_BEGIN layer2.3.conv3
MKL_VERBOSE SGEMM(N,N,784,512,128,0x7ffc0c4f90b0,0x1ef2dac0,784,0x2032c100,128,0x7ffc0c4f90d0,0x1fbc0600,784) 829.18us CNR:OFF Dyn:0 FastMM:1 TID:0  NThr:1
@@LEAF_END layer2.3.conv3
@@LEAF_BEGIN layer2.3.bn3
@@LEAF_END layer2.3.bn3
@@LEAF_BEGIN layer2.3.add
@@LEAF_END layer2.3.add
@@LEAF_BEGIN layer2.3.relu3
@@LEAF_END layer2.3.relu3
@@LEAF_BEGIN layer3.0.conv1
MKL_VERBOSE SGEMM(N,N,784,256,512,0x7ffc0c4f90b0,0x1ef8fb00,784,0x20373640,512,0x7ffc0c4f90d0,0x1f117b40,784) 1.76ms CNR:OFF Dyn:0 FastMM:1 TID:0  NThr:1
@@LEAF_END layer3.0.conv1
@@LEAF_BEGIN layer3.0.bn1
@@LEAF_END layer3.0.bn1
@@LEAF_BEGIN layer3.0.relu1
@@LEAF_END layer3.0.relu1
@@LEAF_BEGIN layer3.0.conv2
onednn_verbose,v1,primitive,exec,cpu,reorder,jit:blk,undef,src:f32::blocked:abcd::f0 dst:f32::blocked:aBcd16b::f0,attr-scratchpad:user,,1x256x28x28,0.0568848
onednn_verbose,v1,primitive,exec,cpu,reorder,jit:uni,undef,src:f32::blocked:abcd::f0 dst:f32::blocked:ABcd16b16a::f0,attr-scratchpad:user,,256x256x3x3,0.286865
onednn_verbose,v1,primitive,exec,cpu,convolution,jit:avx512_core,forward_training,src:f32:a:blocked:aBcd16b::f0 wei:f32:a:blocked:ABcd16b16a::f0 bia:undef::undef::: dst:f32:a:blocked:aBcd16b::f0,attr-scratchpad:user,alg:convolution_direct,mb1_ic256oc256_ih28oh14kh3sh2dh0ph1_iw28ow14kw3sw2dw0pw1,1.73804
onednn_verbose,v1,primitive,exec,cpu,reorder,jit:blk,undef,src:f32::blocked:aBcd16b::f0 dst:f32::blocked:abcd::f0,attr-scratchpad:user,,1x256x14x14,0.0249023
@@LEAF_END layer3.0.conv2
@@LEAF_BEGIN layer3.0.bn2
@@LEAF_END layer3.0.bn2
@@LEAF_BEGIN layer3.0.relu2
@@LEAF_END layer3.0.relu2
@@LEAF_BEGIN layer3.0.conv3
MKL_VERBOSE SGEMM(N,N,196,1024,256,0x7ffc0c4f90b0,0x1ede3700,196,0x203f6b80,256,0x7ffc0c4f90d0,0x1f117b40,196) 957.87us CNR:OFF Dyn:0 FastMM:1 TID:0  NThr:1
@@LEAF_END layer3.0.conv3
@@LEAF_BEGIN layer3.0.bn3
@@LEAF_END layer3.0.bn3
@@LEAF_BEGIN layer3.0.downsample.0
onednn_verbose,v1,primitive,exec,cpu,reorder,jit:blk,undef,src:f32::blocked:abcd::f0 dst:f32::blocked:aBcd16b::f0,attr-scratchpad:user,,1x512x28x28,0.151123
onednn_verbose,v1,primitive,exec,cpu,reorder,jit:blk,undef,src:f32::blocked:abcd::f0 dst:f32::blocked:ABcd16b16a::f0,attr-scratchpad:user,,1024x512x1x1,0.221924
onednn_verbose,v1,primitive,exec,cpu,convolution,jit_1x1:avx512_core,forward_training,src:f32:a:blocked:aBcd16b::f0 wei:f32:a:blocked:ABcd16b16a::f0 bia:undef::undef::: dst:f32:a:blocked:aBcd16b::f0,attr-scratchpad:user,alg:convolution_direct,mb1_ic512oc1024_ih28oh14kh1sh2dh0ph0_iw28ow14kw1sw2dw0pw0,1.65088
onednn_verbose,v1,primitive,exec,cpu,reorder,jit:blk,undef,src:f32::blocked:aBcd16b::f0 dst:f32::blocked:abcd::f0,attr-scratchpad:user,,1x1024x14x14,0.0900879
@@LEAF_END layer3.0.downsample.0
@@LEAF_BEGIN layer3.0.downsample.1
@@LEAF_END layer3.0.downsample.1
@@LEAF_BEGIN layer3.0.add
@@LEAF_END layer3.0.add
@@LEAF_BEGIN layer3.0.relu3
@@LEAF_END layer3.0.relu3
@@LEAF_BEGIN layer3.1.conv1
MKL_VERBOSE SGEMM(N,N,196,256,1024,0x7ffc0c4f90b0,0x1f1dbb80,196,0x204fb640,1024,0x7ffc0c4f90d0,0x1ede3700,196) 1.01ms CNR:OFF Dyn:0 FastMM:1 TID:0  NThr:1
@@LEAF_END layer3.1.conv1
@@LEAF_BEGIN layer3.1.bn1
@@LEAF_END layer3.1.bn1
@@LEAF_BEGIN layer3.1.relu1
@@LEAF_END layer3.1.relu1
@@LEAF_BEGIN layer3.1.conv2
onednn_verbose,v1,primitive,exec,cpu,reorder,jit:blk,undef,src:f32::blocked:abcd::f0 dst:f32::blocked:aBcd16b::f0,attr-scratchpad:user,,1x256x14x14,0.0109863
onednn_verbose,v1,primitive,exec,cpu,reorder,jit:uni,undef,src:f32::blocked:abcd::f0 dst:f32::blocked:ABcd16b16a::f0,attr-scratchpad:user,,256x256x3x3,0.286865
onednn_verbose,v1,primitive,exec,cpu,convolution,jit:avx512_core,forward_training,src:f32:a:blocked:aBcd16b::f0 wei:f32:a:blocked:ABcd16b16a::f0 bia:undef::undef::: dst:f32:a:blocked:aBcd16b::f0,attr-scratchpad:user,alg:convolution_direct,mb1_ic256oc256_ih14oh14kh3sh1dh0ph1_iw14ow14kw3sw1dw0pw1,1.67017
onednn_verbose,v1,primitive,exec,cpu,reorder,jit:blk,undef,src:f32::blocked:aBcd16b::f0 dst:f32::blocked:abcd::f0,attr-scratchpad:user,,1x256x14x14,0.0151367
@@LEAF_END layer3.1.conv2
@@LEAF_BEGIN layer3.1.bn2
@@LEAF_END layer3.1.bn2
@@LEAF_BEGIN layer3.1.relu2
@@LEAF_END layer3.1.relu2
@@LEAF_BEGIN layer3.1.conv3
MKL_VERBOSE SGEMM(N,N,196,1024,256,0x7ffc0c4f90b0,0x1ef2dac0,196,0x205feb80,256,0x7ffc0c4f90d0,0x1f29fbc0,196) 954.67us CNR:OFF Dyn:0 FastMM:1 TID:0  NThr:1
@@LEAF_END layer3.1.conv3
@@LEAF_BEGIN layer3.1.bn3
@@LEAF_END layer3.1.bn3
@@LEAF_BEGIN layer3.1.add
@@LEAF_END layer3.1.add
@@LEAF_BEGIN layer3.1.relu3
@@LEAF_END layer3.1.relu3
@@LEAF_BEGIN layer3.2.conv1
MKL_VERBOSE SGEMM(N,N,196,256,1024,0x7ffc0c4f90b0,0x1f363c00,196,0x20703640,1024,0x7ffc0c4f90d0,0x1ede3700,196) 994.68us CNR:OFF Dyn:0 FastMM:1 TID:0  NThr:1
@@LEAF_END layer3.2.conv1
@@LEAF_BEGIN layer3.2.bn1
@@LEAF_END layer3.2.bn1
@@LEAF_BEGIN layer3.2.relu1
@@LEAF_END layer3.2.relu1
@@LEAF_BEGIN layer3.2.conv2
onednn_verbose,v1,primitive,exec,cpu,reorder,jit:blk,undef,src:f32::blocked:abcd::f0 dst:f32::blocked:aBcd16b::f0,attr-scratchpad:user,,1x256x14x14,0.0100098
onednn_verbose,v1,primitive,exec,cpu,reorder,jit:uni,undef,src:f32::blocked:abcd::f0 dst:f32::blocked:ABcd16b16a::f0,attr-scratchpad:user,,256x256x3x3,0.290039
onednn_verbose,v1,primitive,exec,cpu,convolution,jit:avx512_core,forward_training,src:f32:a:blocked:aBcd16b::f0 wei:f32:a:blocked:ABcd16b16a::f0 bia:undef::undef::: dst:f32:a:blocked:aBcd16b::f0,attr-scratchpad:user,alg:convolution_direct,mb1_ic256oc256_ih14oh14kh3sh1dh0ph1_iw14ow14kw3sw1dw0pw1,1.62793
onednn_verbose,v1,primitive,exec,cpu,reorder,jit:blk,undef,src:f32::blocked:aBcd16b::f0 dst:f32::blocked:abcd::f0,attr-scratchpad:user,,1x256x14x14,0.0151367
@@LEAF_END layer3.2.conv2
@@LEAF_BEGIN layer3.2.bn2
@@LEAF_END layer3.2.bn2
@@LEAF_BEGIN layer3.2.relu2
@@LEAF_END layer3.2.relu2
@@LEAF_BEGIN layer3.2.conv3
MKL_VERBOSE SGEMM(N,N,196,1024,256,0x7ffc0c4f90b0,0x1ed47980,196,0x20806b80,256,0x7ffc0c4f90d0,0x1f117b40,196) 952.49us CNR:OFF Dyn:0 FastMM:1 TID:0  NThr:1
@@LEAF_END layer3.2.conv3
@@LEAF_BEGIN layer3.2.bn3
@@LEAF_END layer3.2.bn3
@@LEAF_BEGIN layer3.2.add
@@LEAF_END layer3.2.add
@@LEAF_BEGIN layer3.2.relu3
@@LEAF_END layer3.2.relu3
@@LEAF_BEGIN layer3.3.conv1
MKL_VERBOSE SGEMM(N,N,196,256,1024,0x7ffc0c4f90b0,0x1f1dbb80,196,0x2090b640,1024,0x7ffc0c4f90d0,0x1ede3700,196) 1.01ms CNR:OFF Dyn:0 FastMM:1 TID:0  NThr:1
@@LEAF_END layer3.3.conv1
@@LEAF_BEGIN layer3.3.bn1
@@LEAF_END layer3.3.bn1
@@LEAF_BEGIN layer3.3.relu1
@@LEAF_END layer3.3.relu1
@@LEAF_BEGIN layer3.3.conv2
onednn_verbose,v1,primitive,exec,cpu,reorder,jit:blk,undef,src:f32::blocked:abcd::f0 dst:f32::blocked:aBcd16b::f0,attr-scratchpad:user,,1x256x14x14,0.0100098
onednn_verbose,v1,primitive,exec,cpu,reorder,jit:uni,undef,src:f32::blocked:abcd::f0 dst:f32::blocked:ABcd16b16a::f0,attr-scratchpad:user,,256x256x3x3,0.282959
onednn_verbose,v1,primitive,exec,cpu,convolution,jit:avx512_core,forward_training,src:f32:a:blocked:aBcd16b::f0 wei:f32:a:blocked:ABcd16b16a::f0 bia:undef::undef::: dst:f32:a:blocked:aBcd16b::f0,attr-scratchpad:user,alg:convolution_direct,mb1_ic256oc256_ih14oh14kh3sh1dh0ph1_iw14ow14kw3sw1dw0pw1,1.63086
onednn_verbose,v1,primitive,exec,cpu,reorder,jit:blk,undef,src:f32::blocked:aBcd16b::f0 dst:f32::blocked:abcd::f0,attr-scratchpad:user,,1x256x14x14,0.0148926
@@LEAF_END layer3.3.conv2
@@LEAF_BEGIN layer3.3.bn2
@@LEAF_END layer3.3.bn2
@@LEAF_BEGIN layer3.3.relu2
@@LEAF_END layer3.3.relu2
@@LEAF_BEGIN layer3.3.conv3
MKL_VERBOSE SGEMM(N,N,196,1024,256,0x7ffc0c4f90b0,0x1ed47980,196,0x20a0ec80,256,0x7ffc0c4f90d0,0x1f29fbc0,196) 950.62us CNR:OFF Dyn:0 FastMM:1 TID:0  NThr:1
@@LEAF_END layer3.3.conv3
@@LEAF_BEGIN layer3.3.bn3
@@LEAF_END layer3.3.bn3
@@LEAF_BEGIN layer3.3.add
@@LEAF_END layer3.3.add
@@LEAF_BEGIN layer3.3.relu3
@@LEAF_END layer3.3.relu3
@@LEAF_BEGIN layer3.4.conv1
MKL_VERBOSE SGEMM(N,N,196,256,1024,0x7ffc0c4f90b0,0x1f363c00,196,0x20b13800,1024,0x7ffc0c4f90d0,0x1ede3700,196) 996.64us CNR:OFF Dyn:0 FastMM:1 TID:0  NThr:1
@@LEAF_END layer3.4.conv1
@@LEAF_BEGIN layer3.4.bn1
@@LEAF_END layer3.4.bn1
@@LEAF_BEGIN layer3.4.relu1
@@LEAF_END layer3.4.relu1
@@LEAF_BEGIN layer3.4.conv2
onednn_verbose,v1,primitive,exec,cpu,reorder,jit:blk,undef,src:f32::blocked:abcd::f0 dst:f32::blocked:aBcd16b::f0,attr-scratchpad:user,,1x256x14x14,0.0100098
onednn_verbose,v1,primitive,exec,cpu,reorder,jit:uni,undef,src:f32::blocked:abcd::f0 dst:f32::blocked:ABcd16b16a::f0,attr-scratchpad:user,,256x256x3x3,0.286133
onednn_verbose,v1,primitive,exec,cpu,convolution,jit:avx512_core,forward_training,src:f32:a:blocked:aBcd16b::f0 wei:f32:a:blocked:ABcd16b16a::f0 bia:undef::undef::: dst:f32:a:blocked:aBcd16b::f0,attr-scratchpad:user,alg:convolution_direct,mb1_ic256oc256_ih14oh14kh3sh1dh0ph1_iw14ow14kw3sw1dw0pw1,1.63086
onednn_verbose,v1,primitive,exec,cpu,reorder,jit:blk,undef,src:f32::blocked:aBcd16b::f0 dst:f32::blocked:abcd::f0,attr-scratchpad:user,,1x256x14x14,0.0148926
@@LEAF_END layer3.4.conv2
@@LEAF_BEGIN layer3.4.bn2
@@LEAF_END layer3.4.bn2
@@LEAF_BEGIN layer3.4.relu2
@@LEAF_END layer3.4.relu2
@@LEAF_BEGIN layer3.4.conv3
MKL_VERBOSE SGEMM(N,N,196,1024,256,0x7ffc0c4f90b0,0x1ed47980,196,0x20c16e80,256,0x7ffc0c4f90d0,0x1f117b40,196) 949.92us CNR:OFF Dyn:0 FastMM:1 TID:0  NThr:1
@@LEAF_END layer3.4.conv3
@@LEAF_BEGIN layer3.4.bn3
@@LEAF_END layer3.4.bn3
@@LEAF_BEGIN layer3.4.add
@@LEAF_END layer3.4.add
@@LEAF_BEGIN layer3.4.relu3
@@LEAF_END layer3.4.relu3
@@LEAF_BEGIN layer3.5.conv1
MKL_VERBOSE SGEMM(N,N,196,256,1024,0x7ffc0c4f90b0,0x1f1dbb80,196,0x20d1ba00,1024,0x7ffc0c4f90d0,0x1ede3700,196) 983.83us CNR:OFF Dyn:0 FastMM:1 TID:0  NThr:1
@@LEAF_END layer3.5.conv1
@@LEAF_BEGIN layer3.5.bn1
@@LEAF_END layer3.5.bn1
@@LEAF_BEGIN layer3.5.relu1
@@LEAF_END layer3.5.relu1
@@LEAF_BEGIN layer3.5.conv2
onednn_verbose,v1,primitive,exec,cpu,reorder,jit:blk,undef,src:f32::blocked:abcd::f0 dst:f32::blocked:aBcd16b::f0,attr-scratchpad:user,,1x256x14x14,0.0109863
onednn_verbose,v1,primitive,exec,cpu,reorder,jit:uni,undef,src:f32::blocked:abcd::f0 dst:f32::blocked:ABcd16b16a::f0,attr-scratchpad:user,,256x256x3x3,0.290039
onednn_verbose,v1,primitive,exec,cpu,convolution,jit:avx512_core,forward_training,src:f32:a:blocked:aBcd16b::f0 wei:f32:a:blocked:ABcd16b16a::f0 bia:undef::undef::: dst:f32:a:blocked:aBcd16b::f0,attr-scratchpad:user,alg:convolution_direct,mb1_ic256oc256_ih14oh14kh3sh1dh0ph1_iw14ow14kw3sw1dw0pw1,1.63013
onednn_verbose,v1,primitive,exec,cpu,reorder,jit:blk,undef,src:f32::blocked:aBcd16b::f0 dst:f32::blocked:abcd::f0,attr-scratchpad:user,,1x256x14x14,0.0151367
@@LEAF_END layer3.5.conv2
@@LEAF_BEGIN layer3.5.bn2
@@LEAF_END layer3.5.bn2
@@LEAF_BEGIN layer3.5.relu2
@@LEAF_END layer3.5.relu2
@@LEAF_BEGIN layer3.5.conv3
MKL_VERBOSE SGEMM(N,N,196,1024,256,0x7ffc0c4f90b0,0x1ed47980,196,0x20e1f080,256,0x7ffc0c4f90d0,0x1f29fbc0,196) 951.50us CNR:OFF Dyn:0 FastMM:1 TID:0  NThr:1
@@LEAF_END layer3.5.conv3
@@LEAF_BEGIN layer3.5.bn3
@@LEAF_END layer3.5.bn3
@@LEAF_BEGIN layer3.5.add
@@LEAF_END layer3.5.add
@@LEAF_BEGIN layer3.5.relu3
@@LEAF_END layer3.5.relu3
@@LEAF_BEGIN layer4.0.conv1
MKL_VERBOSE SGEMM(N,N,196,512,1024,0x7ffc0c4f90b0,0x1f363c00,196,0x7e3538949040,1024,0x7ffc0c4f90d0,0x1fa385c0,196) 1.97ms CNR:OFF Dyn:0 FastMM:1 TID:0  NThr:1
@@LEAF_END layer4.0.conv1
@@LEAF_BEGIN layer4.0.bn1
@@LEAF_END layer4.0.bn1
@@LEAF_BEGIN layer4.0.relu1
@@LEAF_END layer4.0.relu1
@@LEAF_BEGIN layer4.0.conv2
onednn_verbose,v1,primitive,exec,cpu,reorder,jit:blk,undef,src:f32::blocked:abcd::f0 dst:f32::blocked:aBcd16b::f0,attr-scratchpad:user,,1x512x14x14,0.0290527
onednn_verbose,v1,primitive,exec,cpu,reorder,jit:uni,undef,src:f32::blocked:abcd::f0 dst:f32::blocked:ABcd16b16a::f0,attr-scratchpad:user,,512x512x3x3,1.13892
onednn_verbose,v1,primitive,exec,cpu,convolution,jit:avx512_core,forward_training,src:f32:a:blocked:aBcd16b::f0 wei:f32:a:blocked:ABcd16b16a::f0 bia:undef::undef::: dst:f32:a:blocked:aBcd16b::f0,attr-scratchpad:user,alg:convolution_direct,mb1_ic512oc512_ih14oh7kh3sh2dh0ph1_iw14ow7kw3sw2dw0pw1,2.37402
onednn_verbose,v1,primitive,exec,cpu,reorder,jit:blk,undef,src:f32::blocked:aBcd16b::f0 dst:f32::blocked:abcd::f0,attr-scratchpad:user,,1x512x7x7,0.0129395
@@LEAF_END layer4.0.conv2
@@LEAF_BEGIN layer4.0.bn2
@@LEAF_END layer4.0.bn2
@@LEAF_BEGIN layer4.0.relu2
@@LEAF_END layer4.0.relu2
@@LEAF_BEGIN layer4.0.conv3
MKL_VERBOSE SGEMM(N,N,49,2048,512,0x7ffc0c4f90b0,0x1edacec0,49,0x7e3537c47040,512,0x7ffc0c4f90d0,0x1fa385c0,49) 1.29ms CNR:OFF Dyn:0 FastMM:1 TID:0  NThr:1
@@LEAF_END layer4.0.conv3
@@LEAF_BEGIN layer4.0.bn3
@@LEAF_END layer4.0.bn3
@@LEAF_BEGIN layer4.0.downsample.0
onednn_verbose,v1,primitive,exec,cpu,reorder,jit:blk,undef,src:f32::blocked:abcd::f0 dst:f32::blocked:aBcd16b::f0,attr-scratchpad:user,,1x1024x14x14,0.0749512
onednn_verbose,v1,primitive,exec,cpu,reorder,jit:blk,undef,src:f32::blocked:abcd::f0 dst:f32::blocked:ABcd16b16a::f0,attr-scratchpad:user,,2048x1024x1x1,0.944824
onednn_verbose,v1,primitive,exec,cpu,convolution,jit_1x1:avx512_core,forward_training,src:f32:a:blocked:aBcd16b::f0 wei:f32:a:blocked:ABcd16b16a::f0 bia:undef::undef::: dst:f32:a:blocked:aBcd16b::f0,attr-scratchpad:user,alg:convolution_direct,mb1_ic1024oc2048_ih14oh7kh1sh2dh0ph0_iw14ow7kw1sw2dw0pw0,1.85107
onednn_verbose,v1,primitive,exec,cpu,reorder,jit:blk,undef,src:f32::blocked:aBcd16b::f0 dst:f32::blocked:abcd::f0,attr-scratchpad:user,,1x2048x7x7,0.0449219
@@LEAF_END layer4.0.downsample.0
@@LEAF_BEGIN layer4.0.downsample.1
@@LEAF_END layer4.0.downsample.1
@@LEAF_BEGIN layer4.0.add
@@LEAF_END layer4.0.add
@@LEAF_BEGIN layer4.0.relu3
@@LEAF_END layer4.0.relu3
@@LEAF_BEGIN layer4.1.conv1
MKL_VERBOSE SGEMM(N,N,49,512,2048,0x7ffc0c4f90b0,0x1fa9a600,49,0x7e3537846040,2048,0x7ffc0c4f90d0,0x1edacec0,49) 1.23ms CNR:OFF Dyn:0 FastMM:1 TID:0  NThr:1
@@LEAF_END layer4.1.conv1
@@LEAF_BEGIN layer4.1.bn1
@@LEAF_END layer4.1.bn1
@@LEAF_BEGIN layer4.1.relu1
@@LEAF_END layer4.1.relu1
@@LEAF_BEGIN layer4.1.conv2
onednn_verbose,v1,primitive,exec,cpu,reorder,jit:blk,undef,src:f32::blocked:abcd::f0 dst:f32::blocked:aBcd16b::f0,attr-scratchpad:user,,1x512x7x7,0.00610352
onednn_verbose,v1,primitive,exec,cpu,reorder,jit:uni,undef,src:f32::blocked:abcd::f0 dst:f32::blocked:ABcd16b16a::f0,attr-scratchpad:user,,512x512x3x3,1.11206
onednn_verbose,v1,primitive,exec,cpu,convolution,jit:avx512_core,forward_training,src:f32:a:blocked:aBcd16b::f0 wei:f32:a:blocked:ABcd16b16a::f0 bia:undef::undef::: dst:f32:a:blocked:aBcd16b::f0,attr-scratchpad:user,alg:convolution_direct,mb1_ic512oc512_ih7oh7kh3sh1dh0ph1_iw7ow7kw3sw1dw0pw1,1.96021
onednn_verbose,v1,primitive,exec,cpu,reorder,jit:blk,undef,src:f32::blocked:aBcd16b::f0 dst:f32::blocked:abcd::f0,attr-scratchpad:user,,1x512x7x7,0.00878906
@@LEAF_END layer4.1.conv2
@@LEAF_BEGIN layer4.1.bn2
@@LEAF_END layer4.1.bn2
@@LEAF_BEGIN layer4.1.relu2
@@LEAF_END layer4.1.relu2
@@LEAF_BEGIN layer4.1.conv3
MKL_VERBOSE SGEMM(N,N,49,2048,512,0x7ffc0c4f90b0,0x1edfbf40,49,0x7e3536b44040,512,0x7ffc0c4f90d0,0x1fafc640,49) 1.31ms CNR:OFF Dyn:0 FastMM:1 TID:0  NThr:1
@@LEAF_END layer4.1.conv3
@@LEAF_BEGIN layer4.1.bn3
@@LEAF_END layer4.1.bn3
@@LEAF_BEGIN layer4.1.add
@@LEAF_END layer4.1.add
@@LEAF_BEGIN layer4.1.relu3
@@LEAF_END layer4.1.relu3
@@LEAF_BEGIN layer4.2.conv1
MKL_VERBOSE SGEMM(N,N,49,512,2048,0x7ffc0c4f90b0,0x1fb5e680,49,0x7e3536743040,2048,0x7ffc0c4f90d0,0x1edacec0,49) 1.23ms CNR:OFF Dyn:0 FastMM:1 TID:0  NThr:1
@@LEAF_END layer4.2.conv1
@@LEAF_BEGIN layer4.2.bn1
@@LEAF_END layer4.2.bn1
@@LEAF_BEGIN layer4.2.relu1
@@LEAF_END layer4.2.relu1
@@LEAF_BEGIN layer4.2.conv2
onednn_verbose,v1,primitive,exec,cpu,reorder,jit:blk,undef,src:f32::blocked:abcd::f0 dst:f32::blocked:aBcd16b::f0,attr-scratchpad:user,,1x512x7x7,0.00683594
onednn_verbose,v1,primitive,exec,cpu,reorder,jit:uni,undef,src:f32::blocked:abcd::f0 dst:f32::blocked:ABcd16b16a::f0,attr-scratchpad:user,,512x512x3x3,1.09106
onednn_verbose,v1,primitive,exec,cpu,convolution,jit:avx512_core,forward_training,src:f32:a:blocked:aBcd16b::f0 wei:f32:a:blocked:ABcd16b16a::f0 bia:undef::undef::: dst:f32:a:blocked:aBcd16b::f0,attr-scratchpad:user,alg:convolution_direct,mb1_ic512oc512_ih7oh7kh3sh1dh0ph1_iw7ow7kw3sw1dw0pw1,1.96484
onednn_verbose,v1,primitive,exec,cpu,reorder,jit:blk,undef,src:f32::blocked:aBcd16b::f0 dst:f32::blocked:abcd::f0,attr-scratchpad:user,,1x512x7x7,0.0109863
@@LEAF_END layer4.2.conv2
@@LEAF_BEGIN layer4.2.bn2
@@LEAF_END layer4.2.bn2
@@LEAF_BEGIN layer4.2.relu2
@@LEAF_END layer4.2.relu2
@@LEAF_BEGIN layer4.2.conv3
MKL_VERBOSE SGEMM(N,N,49,2048,512,0x7ffc0c4f90b0,0x1ee14780,49,0x7e3535a41040,512,0x7ffc0c4f90d0,0x1fa385c0,49) 1.28ms CNR:OFF Dyn:0 FastMM:1 TID:0  NThr:1
@@LEAF_END layer4.2.conv3
@@LEAF_BEGIN layer4.2.bn3
@@LEAF_END layer4.2.bn3
@@LEAF_BEGIN layer4.2.add
@@LEAF_END layer4.2.add
@@LEAF_BEGIN layer4.2.relu3
@@LEAF_END layer4.2.relu3
@@LEAF_BEGIN avgpool
@@LEAF_END avgpool
@@LEAF_BEGIN flatten
@@LEAF_END flatten
@@LEAF_BEGIN fc
MKL_VERBOSE SGEMM(T,N,1000,1,2048,0x7ffc0c4fb2f0,0x7e3535270040,2048,0x1edcaac0,2048,0x7ffc0c4fb310,0x1eddfd80,1000) 474.40us CNR:OFF Dyn:0 FastMM:1 TID:0  NThr:1
@@LEAF_END fc
@@INFERENCE_END
