17:35:37 interop_close_eager_K1_I1 other_after=2%
17:35:49 interop_close_fork_traced_K1_I1 other_after=3%
17:36:01 interop_close_eager_K1_I2 other_after=2%
17:36:13 interop_close_fork_traced_K1_I2 other_after=1%
17:36:24 interop_close_eager_K1_I4 other_after=2%
17:36:36 interop_close_fork_traced_K1_I4 other_after=5%
17:36:46 interop_close_eager_K2_I2 other_after=2%
17:36:57 interop_close_fork_traced_K2_I2 other_after=3%
17:37:05 interop_close_eager_K4_I2 other_after=2%
17:37:13 interop_close_fork_traced_K4_I2 other_after=1%
17:37:25 interop_none_eager_K1_I1 other_after=1%
17:37:37 interop_none_fork_traced_K1_I1 other_after=4%
17:37:48 interop_none_eager_K1_I2 other_after=1%
17:38:00 interop_none_fork_traced_K1_I2 other_after=1%
17:38:11 interop_none_eager_K1_I4 other_after=1%
17:38:23 interop_none_fork_traced_K1_I4 other_after=1%
17:38:32 interop_none_eager_K2_I2 other_after=2%
17:38:41 interop_none_fork_traced_K2_I2 other_after=1%
17:38:49 interop_none_eager_K4_I2 other_after=3%
17:38:57 interop_none_fork_traced_K4_I2 other_after=1%
done: interop rerun
