onednn_verbose,v1,info,oneDNN v3.12.0 (commit 80afa71049cd69a3df32adcccb623b12cd7baa22)
onednn_verbose,v1,info,cpu,runtime:OpenMP,nthr:1
onednn_verbose,v1,info,cpu,isa:Intel AVX10.1 and Intel AMX with bfloat16 and 8-bit integer support
onednn_verbose,v1,info,gpu,runtime:none
onednn_verbose,v1,info,graph,backend,0:dnnl_backend
onednn_verbose,v1,primitive,info,template:operation,engine,primitive,implementation,prop_kind,memory_descriptors,attributes,auxiliary,problem_desc,exec_time
onednn_verbose,v1,graph,info,template:operation,engine,partition_id,partition_kind,op_names,data_formats,logical_tensors,fpmath_mode,implementation,backend,exec_time
onednn_verbose,v1,primitive,exec,cpu,reorder,jit:uni,undef,src:f32::blocked:abcd::f0 dst:f32::blocked:Acdb16a::f0,attr-scratchpad:user,,64x3x7x7,0.0090332
onednn_verbose,v1,primitive,exec,cpu,convolution,jit:avx512_core,forward_training,src:f32:a:blocked:abcd::f0 wei:f32:a:blocked:Acdb16a::f0 bia:undef::undef::: dst:f32:a:blocked:aBcd16b::f0,attr-scratchpad:user,alg:convolution_direct,mb1_ic3oc64_ih224oh112kh7sh2dh0ph3_iw224ow112kw7sw2dw0pw3,1.81592
onednn_verbose,v1,primitive,exec,cpu,reorder,jit:blk,undef,src:f32::blocked:aBcd16b::f0 dst:f32::blocked:abcd::f0,attr-scratchpad:user,,1x64x112x112,0.371094
MKL_VERBOSE oneMKL 2024.0 Update 2 Product build 20240605 for Intel(R) 64 architecture Intel(R) Advanced Vector Extensions 512 (Intel(R) AVX-512) with support for INT8, BF16, FP16 (limited) instructions, and Intel(R) Advanced Matrix Extensions (Intel(R) AMX) with INT8 and BF16, Lnx 2.05GHz lp64 gnu_thread
MKL_VERBOSE SGEMM(N,N,3136,64,64,0x7fffa4eb4ce0,0x275bce00,3136,0x284bf1c0,64,0x7fffa4eb4d00,0x28162bc0,3136) 324.87us CNR:OFF Dyn:0 FastMM:1 TID:0  NThr:1
onednn_verbose,v1,primitive,exec,cpu,reorder,jit:blk,undef,src:f32::blocked:abcd::f0 dst:f32::blocked:aBcd16b::f0,attr-scratchpad:user,,1x64x56x56,0.0761719
onednn_verbose,v1,primitive,exec,cpu,reorder,jit:uni,undef,src:f32::blocked:abcd::f0 dst:f32::blocked:ABcd16b16a::f0,attr-scratchpad:user,,64x64x3x3,0.0241699
onednn_verbose,v1,primitive,exec,cpu,convolution,jit:avx512_core,forward_training,src:f32:a:blocked:aBcd16b::f0 wei:f32:a:blocked:ABcd16b16a::f0 bia:undef::undef::: dst:f32:a:blocked:aBcd16b::f0,attr-scratchpad:user,alg:convolution_direct,mb1_ic64oc64_ih56oh56kh3sh1dh0ph1_iw56ow56kw3sw1dw0pw1,1.75415
onednn_verbose,v1,primitive,exec,cpu,reorder,jit:blk,undef,src:f32::blocked:aBcd16b::f0 dst:f32::blocked:abcd::f0,attr-scratchpad:user,,1x64x56x56,0.0749512
MKL_VERBOSE SGEMM(N,N,3136,256,64,0x7fffa4eb4ce0,0x282eac40,3136,0x284e8f40,64,0x7fffa4eb4d00,0x27680e40,3136) 963.27us CNR:OFF Dyn:0 FastMM:1 TID:0  NThr:1
MKL_VERBOSE SGEMM(N,N,3136,256,64,0x7fffa4eb45b0,0x275bce00,3136,0x284ad700,64,0x7fffa4eb45d0,0x28162bc0,3136) 877.04us CNR:OFF Dyn:0 FastMM:1 TID:0  NThr:1
MKL_VERBOSE SGEMM(N,N,3136,64,256,0x7fffa4eb4ce0,0x2963d500,3136,0x284faa00,256,0x7fffa4eb4d00,0x27f3f880,3136) 866.10us CNR:OFF Dyn:0 FastMM:1 TID:0  NThr:1
onednn_verbose,v1,primitive,exec,cpu,reorder,jit:blk,undef,src:f32::blocked:abcd::f0 dst:f32::blocked:aBcd16b::f0,attr-scratchpad:user,,1x64x56x56,0.0681152
onednn_verbose,v1,primitive,exec,cpu,reorder,jit:uni,undef,src:f32::blocked:abcd::f0 dst:f32::blocked:ABcd16b16a::f0,attr-scratchpad:user,,64x64x3x3,0.0229492
onednn_verbose,v1,primitive,exec,cpu,convolution,jit:avx512_core,forward_training,src:f32:a:blocked:aBcd16b::f0 wei:f32:a:blocked:ABcd16b16a::f0 bia:undef::undef::: dst:f32:a:blocked:aBcd16b::f0,attr-scratchpad:user,alg:convolution_direct,mb1_ic64oc64_ih56oh56kh3sh1dh0ph1_iw56ow56kw3sw1dw0pw1,1.74194
onednn_verbose,v1,primitive,exec,cpu,reorder,jit:blk,undef,src:f32::blocked:aBcd16b::f0 dst:f32::blocked:abcd::f0,attr-scratchpad:user,,1x64x56x56,0.0671387
MKL_VERBOSE SGEMM(N,N,3136,256,64,0x7fffa4eb4ce0,0x27680e40,3136,0x28530780,64,0x7fffa4eb4d00,0x28162bc0,3136) 833.15us CNR:OFF Dyn:0 FastMM:1 TID:0  NThr:1
MKL_VERBOSE SGEMM(N,N,3136,64,256,0x7fffa4eb4ce0,0x2994d540,3136,0x28542240,256,0x7fffa4eb4d00,0x27f3f880,3136) 791.60us CNR:OFF Dyn:0 FastMM:1 TID:0  NThr:1
onednn_verbose,v1,primitive,exec,cpu,reorder,jit:blk,undef,src:f32::blocked:abcd::f0 dst:f32::blocked:aBcd16b::f0,attr-scratchpad:user,,1x64x56x56,0.0568848
onednn_verbose,v1,primitive,exec,cpu,reorder,jit:uni,undef,src:f32::blocked:abcd::f0 dst:f32::blocked:ABcd16b16a::f0,attr-scratchpad:user,,64x64x3x3,0.0219727
onednn_verbose,v1,primitive,exec,cpu,convolution,jit:avx512_core,forward_training,src:f32:a:blocked:aBcd16b::f0 wei:f32:a:blocked:ABcd16b16a::f0 bia:undef::undef::: dst:f32:a:blocked:aBcd16b::f0,attr-scratchpad:user,alg:convolution_direct,mb1_ic64oc64_ih56oh56kh3sh1dh0ph1_iw56ow56kw3sw1dw0pw1,1.73315
onednn_verbose,v1,primitive,exec,cpu,reorder,jit:blk,undef,src:f32::blocked:aBcd16b::f0 dst:f32::blocked:abcd::f0,attr-scratchpad:user,,1x64x56x56,0.0991211
MKL_VERBOSE SGEMM(N,N,3136,256,64,0x7fffa4eb4ce0,0x27680e40,3136,0x28577fc0,64,0x7fffa4eb4d00,0x28162bc0,3136) 911.38us CNR:OFF Dyn:0 FastMM:1 TID:0  NThr:1
MKL_VERBOSE SGEMM(N,N,3136,128,256,0x7fffa4eb4ce0,0x29c5d580,3136,0x2860c540,256,0x7fffa4eb4d00,0x27f3f880,3136) 1.69ms CNR:OFF Dyn:0 FastMM:1 TID:0  NThr:1
onednn_verbose,v1,primitive,exec,cpu,reorder,jit:blk,undef,src:f32::blocked:abcd::f0 dst:f32::blocked:aBcd16b::f0,attr-scratchpad:user,,1x128x56x56,0.155029
onednn_verbose,v1,primitive,exec,cpu,reorder,jit:uni,undef,src:f32::blocked:abcd::f0 dst:f32::blocked:ABcd16b16a::f0,attr-scratchpad:user,,128x128x3x3,0.0800781
onednn_verbose,v1,primitive,exec,cpu,convolution,jit:avx512_core,forward_training,src:f32:a:blocked:aBcd16b::f0 wei:f32:a:blocked:ABcd16b16a::f0 bia:undef::undef::: dst:f32:a:blocked:aBcd16b::f0,attr-scratchpad:user,alg:convolution_direct,mb1_ic128oc128_ih56oh28kh3sh2dh0ph1_iw56ow28kw3sw2dw0pw1,1.83887
onednn_verbose,v1,primitive,exec,cpu,reorder,jit:blk,undef,src:f32::blocked:aBcd16b::f0 dst:f32::blocked:abcd::f0,attr-scratchpad:user,,1x128x28x28,0.0432129
MKL_VERBOSE SGEMM(N,N,784,512,128,0x7fffa4eb4ce0,0x27539cc0,784,0x286beac0,128,0x7fffa4eb4d00,0x27f3f880,784) 845.15us CNR:OFF Dyn:0 FastMM:1 TID:0  NThr:1
onednn_verbose,v1,primitive,exec,cpu,reorder,jit:blk,undef,src:f32::blocked:abcd::f0 dst:f32::blocked:aBcd16b::f0,attr-scratchpad:user,,1x256x56x56,0.312988
onednn_verbose,v1,primitive,exec,cpu,reorder,jit:blk,undef,src:f32::blocked:abcd::f0 dst:f32::blocked:ABcd16b16a::f0,attr-scratchpad:user,,512x256x1x1,0.0620117
onednn_verbose,v1,primitive,exec,cpu,convolution,jit_1x1:avx512_core,forward_training,src:f32:a:blocked:aBcd16b::f0 wei:f32:a:blocked:ABcd16b16a::f0 bia:undef::undef::: dst:f32:a:blocked:aBcd16b::f0,attr-scratchpad:user,alg:convolution_direct,mb1_ic256oc512_ih56oh28kh1sh2dh0ph0_iw56ow28kw1sw2dw0pw0,1.70288
onednn_verbose,v1,primitive,exec,cpu,reorder,jit:blk,undef,src:f32::blocked:aBcd16b::f0 dst:f32::blocked:abcd::f0,attr-scratchpad:user,,1x512x28x28,0.151123
MKL_VERBOSE SGEMM(N,N,784,128,512,0x7fffa4eb4ce0,0x27680e40,784,0x28701580,512,0x7fffa4eb4d00,0x27539cc0,784) 828.87us CNR:OFF Dyn:0 FastMM:1 TID:0  NThr:1
onednn_verbose,v1,primitive,exec,cpu,reorder,jit:blk,undef,src:f32::blocked:abcd::f0 dst:f32::blocked:aBcd16b::f0,attr-scratchpad:user,,1x128x28x28,0.0241699
onednn_verbose,v1,primitive,exec,cpu,reorder,jit:uni,undef,src:f32::blocked:abcd::f0 dst:f32::blocked:ABcd16b16a::f0,attr-scratchpad:user,,128x128x3x3,0.0759277
onednn_verbose,v1,primitive,exec,cpu,convolution,jit:avx512_core,forward_training,src:f32:a:blocked:aBcd16b::f0 wei:f32:a:blocked:ABcd16b16a::f0 bia:undef::undef::: dst:f32:a:blocked:aBcd16b::f0,attr-scratchpad:user,alg:convolution_direct,mb1_ic128oc128_ih28oh28kh3sh1dh0ph1_iw28ow28kw3sw1dw0pw1,1.72021
onednn_verbose,v1,primitive,exec,cpu,reorder,jit:blk,undef,src:f32::blocked:aBcd16b::f0 dst:f32::blocked:abcd::f0,attr-scratchpad:user,,1x128x28x28,0.0222168
MKL_VERBOSE SGEMM(N,N,784,512,128,0x7fffa4eb4ce0,0x27808e80,784,0x287d3b00,128,0x7fffa4eb4d00,0x27f3f880,784) 834.52us CNR:OFF Dyn:0 FastMM:1 TID:0  NThr:1
MKL_VERBOSE SGEMM(N,N,784,128,512,0x7fffa4eb4ce0,0x28162bc0,784,0x288165c0,512,0x7fffa4eb4d00,0x274a95c0,784) 797.66us CNR:OFF Dyn:0 FastMM:1 TID:0  NThr:1
onednn_verbose,v1,primitive,exec,cpu,reorder,jit:blk,undef,src:f32::blocked:abcd::f0 dst:f32::blocked:aBcd16b::f0,attr-scratchpad:user,,1x128x28x28,0.0209961
onednn_verbose,v1,primitive,exec,cpu,reorder,jit:uni,undef,src:f32::blocked:abcd::f0 dst:f32::blocked:ABcd16b16a::f0,attr-scratchpad:user,,128x128x3x3,0.0749512
onednn_verbose,v1,primitive,exec,cpu,convolution,jit:avx512_core,forward_training,src:f32:a:blocked:aBcd16b::f0 wei:f32:a:blocked:ABcd16b16a::f0 bia:undef::undef::: dst:f32:a:blocked:aBcd16b::f0,attr-scratchpad:user,alg:convolution_direct,mb1_ic128oc128_ih28oh28kh3sh1dh0ph1_iw28ow28kw3sw1dw0pw1,1.70386
onednn_verbose,v1,primitive,exec,cpu,reorder,jit:blk,undef,src:f32::blocked:aBcd16b::f0 dst:f32::blocked:abcd::f0,attr-scratchpad:user,,1x128x28x28,0.0200195
MKL_VERBOSE SGEMM(N,N,784,512,128,0x7fffa4eb4ce0,0x282eac00,784,0x288e8b40,128,0x7fffa4eb4d00,0x27f3f880,784) 827.51us CNR:OFF Dyn:0 FastMM:1 TID:0  NThr:1
MKL_VERBOSE SGEMM(N,N,784,128,512,0x7fffa4eb4ce0,0x27680e40,784,0x2892b600,512,0x7fffa4eb4d00,0x274a95c0,784) 802.06us CNR:OFF Dyn:0 FastMM:1 TID:0  NThr:1
onednn_verbose,v1,primitive,exec,cpu,reorder,jit:blk,undef,src:f32::blocked:abcd::f0 dst:f32::blocked:aBcd16b::f0,attr-scratchpad:user,,1x128x28x28,0.0209961
onednn_verbose,v1,primitive,exec,cpu,reorder,jit:uni,undef,src:f32::blocked:abcd::f0 dst:f32::blocked:ABcd16b16a::f0,attr-scratchpad:user,,128x128x3x3,0.0739746
onednn_verbose,v1,primitive,exec,cpu,convolution,jit:avx512_core,forward_training,src:f32:a:blocked:aBcd16b::f0 wei:f32:a:blocked:ABcd16b16a::f0 bia:undef::undef::: dst:f32:a:blocked:aBcd16b::f0,attr-scratchpad:user,alg:convolution_direct,mb1_ic128oc128_ih28oh28kh3sh1dh0ph1_iw28ow28kw3sw1dw0pw1,1.71704
onednn_verbose,v1,primitive,exec,cpu,reorder,jit:blk,undef,src:f32::blocked:aBcd16b::f0 dst:f32::blocked:abcd::f0,attr-scratchpad:user,,1x128x28x28,0.0209961
MKL_VERBOSE SGEMM(N,N,784,512,128,0x7fffa4eb4ce0,0x27808e80,784,0x289fdb80,128,0x7fffa4eb4d00,0x27f3f880,784) 829.55us CNR:OFF Dyn:0 FastMM:1 TID:0  NThr:1
MKL_VERBOSE SGEMM(N,N,784,256,512,0x7fffa4eb4ce0,0x28162bc0,784,0x28a450c0,512,0x7fffa4eb4d00,0x282eac00,784) 1.75ms CNR:OFF Dyn:0 FastMM:1 TID:0  NThr:1
onednn_verbose,v1,primitive,exec,cpu,reorder,jit:blk,undef,src:f32::blocked:abcd::f0 dst:f32::blocked:aBcd16b::f0,attr-scratchpad:user,,1x256x28x28,0.0610352
onednn_verbose,v1,primitive,exec,cpu,reorder,jit:uni,undef,src:f32::blocked:abcd::f0 dst:f32::blocked:ABcd16b16a::f0,attr-scratchpad:user,,256x256x3x3,0.291992
onednn_verbose,v1,primitive,exec,cpu,convolution,jit:avx512_core,forward_training,src:f32:a:blocked:aBcd16b::f0 wei:f32:a:blocked:ABcd16b16a::f0 bia:undef::undef::: dst:f32:a:blocked:aBcd16b::f0,attr-scratchpad:user,alg:convolution_direct,mb1_ic256oc256_ih28oh14kh3sh2dh0ph1_iw28ow14kw3sw2dw0pw1,1.77808
onednn_verbose,v1,primitive,exec,cpu,reorder,jit:blk,undef,src:f32::blocked:aBcd16b::f0 dst:f32::blocked:abcd::f0,attr-scratchpad:user,,1x256x14x14,0.0239258
MKL_VERBOSE SGEMM(N,N,196,1024,256,0x7fffa4eb4ce0,0x274da600,196,0x28ac8600,256,0x7fffa4eb4d00,0x282eac00,196) 958.05us CNR:OFF Dyn:0 FastMM:1 TID:0  NThr:1
onednn_verbose,v1,primitive,exec,cpu,reorder,jit:blk,undef,src:f32::blocked:abcd::f0 dst:f32::blocked:aBcd16b::f0,attr-scratchpad:user,,1x512x28x28,0.156006
onednn_verbose,v1,primitive,exec,cpu,reorder,jit:blk,undef,src:f32::blocked:abcd::f0 dst:f32::blocked:ABcd16b16a::f0,attr-scratchpad:user,,1024x512x1x1,0.226074
onednn_verbose,v1,primitive,exec,cpu,convolution,jit_1x1:avx512_core,forward_training,src:f32:a:blocked:aBcd16b::f0 wei:f32:a:blocked:ABcd16b16a::f0 bia:undef::undef::: dst:f32:a:blocked:aBcd16b::f0,attr-scratchpad:user,alg:convolution_direct,mb1_ic512oc1024_ih28oh14kh1sh2dh0ph0_iw28ow14kw1sw2dw0pw0,1.65112
onednn_verbose,v1,primitive,exec,cpu,reorder,jit:blk,undef,src:f32::blocked:aBcd16b::f0 dst:f32::blocked:abcd::f0,attr-scratchpad:user,,1x1024x14x14,0.092041
MKL_VERBOSE SGEMM(N,N,196,256,1024,0x7fffa4eb4ce0,0x283aec40,196,0x28bcd0c0,1024,0x7fffa4eb4d00,0x27539cc0,196) 1.00ms CNR:OFF Dyn:0 FastMM:1 TID:0  NThr:1
onednn_verbose,v1,primitive,exec,cpu,reorder,jit:blk,undef,src:f32::blocked:abcd::f0 dst:f32::blocked:aBcd16b::f0,attr-scratchpad:user,,1x256x14x14,0.0148926
onednn_verbose,v1,primitive,exec,cpu,reorder,jit:uni,undef,src:f32::blocked:abcd::f0 dst:f32::blocked:ABcd16b16a::f0,attr-scratchpad:user,,256x256x3x3,0.287109
onednn_verbose,v1,primitive,exec,cpu,convolution,jit:avx512_core,forward_training,src:f32:a:blocked:aBcd16b::f0 wei:f32:a:blocked:ABcd16b16a::f0 bia:undef::undef::: dst:f32:a:blocked:aBcd16b::f0,attr-scratchpad:user,alg:convolution_direct,mb1_ic256oc256_ih14oh14kh3sh1dh0ph1_iw14ow14kw3sw1dw0pw1,1.62622
onednn_verbose,v1,primitive,exec,cpu,reorder,jit:blk,undef,src:f32::blocked:aBcd16b::f0 dst:f32::blocked:abcd::f0,attr-scratchpad:user,,1x256x14x14,0.0219727
MKL_VERBOSE SGEMM(N,N,196,1024,256,0x7fffa4eb4ce0,0x27443940,196,0x28cd0600,256,0x7fffa4eb4d00,0x27f3f880,196) 957.83us CNR:OFF Dyn:0 FastMM:1 TID:0  NThr:1
MKL_VERBOSE SGEMM(N,N,196,256,1024,0x7fffa4eb4ce0,0x280038c0,196,0x28dd50c0,1024,0x7fffa4eb4d00,0x27539cc0,196) 1.00ms CNR:OFF Dyn:0 FastMM:1 TID:0  NThr:1
onednn_verbose,v1,primitive,exec,cpu,reorder,jit:blk,undef,src:f32::blocked:abcd::f0 dst:f32::blocked:aBcd16b::f0,attr-scratchpad:user,,1x256x14x14,0.0109863
onednn_verbose,v1,primitive,exec,cpu,reorder,jit:uni,undef,src:f32::blocked:abcd::f0 dst:f32::blocked:ABcd16b16a::f0,attr-scratchpad:user,,256x256x3x3,0.285889
onednn_verbose,v1,primitive,exec,cpu,convolution,jit:avx512_core,forward_training,src:f32:a:blocked:aBcd16b::f0 wei:f32:a:blocked:ABcd16b16a::f0 bia:undef::undef::: dst:f32:a:blocked:aBcd16b::f0,attr-scratchpad:user,alg:convolution_direct,mb1_ic256oc256_ih14oh14kh3sh1dh0ph1_iw14ow14kw3sw1dw0pw1,1.62695
onednn_verbose,v1,primitive,exec,cpu,reorder,jit:blk,undef,src:f32::blocked:aBcd16b::f0 dst:f32::blocked:abcd::f0,attr-scratchpad:user,,1x256x14x14,0.0219727
MKL_VERBOSE SGEMM(N,N,196,1024,256,0x7fffa4eb4ce0,0x27539cc0,196,0x28ed8600,256,0x7fffa4eb4d00,0x282eac00,196) 950.49us CNR:OFF Dyn:0 FastMM:1 TID:0  NThr:1
MKL_VERBOSE SGEMM(N,N,196,256,1024,0x7fffa4eb4ce0,0x283aec40,196,0x28fdd0c0,1024,0x7fffa4eb4d00,0x27539cc0,196) 991.88us CNR:OFF Dyn:0 FastMM:1 TID:0  NThr:1
onednn_verbose,v1,primitive,exec,cpu,reorder,jit:blk,undef,src:f32::blocked:abcd::f0 dst:f32::blocked:aBcd16b::f0,attr-scratchpad:user,,1x256x14x14,0.0100098
onednn_verbose,v1,primitive,exec,cpu,reorder,jit:uni,undef,src:f32::blocked:abcd::f0 dst:f32::blocked:ABcd16b16a::f0,attr-scratchpad:user,,256x256x3x3,0.290039
onednn_verbose,v1,primitive,exec,cpu,convolution,jit:avx512_core,forward_training,src:f32:a:blocked:aBcd16b::f0 wei:f32:a:blocked:ABcd16b16a::f0 bia:undef::undef::: dst:f32:a:blocked:aBcd16b::f0,attr-scratchpad:user,alg:convolution_direct,mb1_ic256oc256_ih14oh14kh3sh1dh0ph1_iw14ow14kw3sw1dw0pw1,1.62891
onednn_verbose,v1,primitive,exec,cpu,reorder,jit:blk,undef,src:f32::blocked:aBcd16b::f0 dst:f32::blocked:abcd::f0,attr-scratchpad:user,,1x256x14x14,0.0209961
MKL_VERBOSE SGEMM(N,N,196,1024,256,0x7fffa4eb4ce0,0x27539cc0,196,0x290e0600,256,0x7fffa4eb4d00,0x27f3f880,196) 947.96us CNR:OFF Dyn:0 FastMM:1 TID:0  NThr:1
MKL_VERBOSE SGEMM(N,N,196,256,1024,0x7fffa4eb4ce0,0x280038c0,196,0x291e50c0,1024,0x7fffa4eb4d00,0x27539cc0,196) 989.65us CNR:OFF Dyn:0 FastMM:1 TID:0  NThr:1
onednn_verbose,v1,primitive,exec,cpu,reorder,jit:blk,undef,src:f32::blocked:abcd::f0 dst:f32::blocked:aBcd16b::f0,attr-scratchpad:user,,1x256x14x14,0.0100098
onednn_verbose,v1,primitive,exec,cpu,reorder,jit:uni,undef,src:f32::blocked:abcd::f0 dst:f32::blocked:ABcd16b16a::f0,attr-scratchpad:user,,256x256x3x3,0.283936
onednn_verbose,v1,primitive,exec,cpu,convolution,jit:avx512_core,forward_training,src:f32:a:blocked:aBcd16b::f0 wei:f32:a:blocked:ABcd16b16a::f0 bia:undef::undef::: dst:f32:a:blocked:aBcd16b::f0,attr-scratchpad:user,alg:convolution_direct,mb1_ic256oc256_ih14oh14kh3sh1dh0ph1_iw14ow14kw3sw1dw0pw1,1.65991
onednn_verbose,v1,primitive,exec,cpu,reorder,jit:blk,undef,src:f32::blocked:aBcd16b::f0 dst:f32::blocked:abcd::f0,attr-scratchpad:user,,1x256x14x14,0.0231934
MKL_VERBOSE SGEMM(N,N,196,1024,256,0x7fffa4eb4ce0,0x27539cc0,196,0x292e8600,256,0x7fffa4eb4d00,0x282eac00,196) 950.19us CNR:OFF Dyn:0 FastMM:1 TID:0  NThr:1
MKL_VERBOSE SGEMM(N,N,196,256,1024,0x7fffa4eb4ce0,0x283aec40,196,0x293ed0c0,1024,0x7fffa4eb4d00,0x27539cc0,196) 1.01ms CNR:OFF Dyn:0 FastMM:1 TID:0  NThr:1
onednn_verbose,v1,primitive,exec,cpu,reorder,jit:blk,undef,src:f32::blocked:abcd::f0 dst:f32::blocked:aBcd16b::f0,attr-scratchpad:user,,1x256x14x14,0.0100098
onednn_verbose,v1,primitive,exec,cpu,reorder,jit:uni,undef,src:f32::blocked:abcd::f0 dst:f32::blocked:ABcd16b16a::f0,attr-scratchpad:user,,256x256x3x3,0.289062
onednn_verbose,v1,primitive,exec,cpu,convolution,jit:avx512_core,forward_training,src:f32:a:blocked:aBcd16b::f0 wei:f32:a:blocked:ABcd16b16a::f0 bia:undef::undef::: dst:f32:a:blocked:aBcd16b::f0,attr-scratchpad:user,alg:convolution_direct,mb1_ic256oc256_ih14oh14kh3sh1dh0ph1_iw14ow14kw3sw1dw0pw1,1.62817
onednn_verbose,v1,primitive,exec,cpu,reorder,jit:blk,undef,src:f32::blocked:aBcd16b::f0 dst:f32::blocked:abcd::f0,attr-scratchpad:user,,1x256x14x14,0.0219727
MKL_VERBOSE SGEMM(N,N,196,1024,256,0x7fffa4eb4ce0,0x27539cc0,196,0x294f0600,256,0x7fffa4eb4d00,0x27f3f880,196) 947.98us CNR:OFF Dyn:0 FastMM:1 TID:0  NThr:1
MKL_VERBOSE SGEMM(N,N,196,512,1024,0x7fffa4eb4ce0,0x280038c0,196,0x7df84d464040,1024,0x7fffa4eb4d00,0x27412900,196) 1.95ms CNR:OFF Dyn:0 FastMM:1 TID:0  NThr:1
onednn_verbose,v1,primitive,exec,cpu,reorder,jit:blk,undef,src:f32::blocked:abcd::f0 dst:f32::blocked:aBcd16b::f0,attr-scratchpad:user,,1x512x14x14,0.0251465
onednn_verbose,v1,primitive,exec,cpu,reorder,jit:uni,undef,src:f32::blocked:abcd::f0 dst:f32::blocked:ABcd16b16a::f0,attr-scratchpad:user,,512x512x3x3,1.17603
onednn_verbose,v1,primitive,exec,cpu,convolution,jit:avx512_core,forward_training,src:f32:a:blocked:aBcd16b::f0 wei:f32:a:blocked:ABcd16b16a::f0 bia:undef::undef::: dst:f32:a:blocked:aBcd16b::f0,attr-scratchpad:user,alg:convolution_direct,mb1_ic512oc512_ih14oh7kh3sh2dh0ph1_iw14ow7kw3sw2dw0pw1,2.41187
onednn_verbose,v1,primitive,exec,cpu,reorder,jit:blk,undef,src:f32::blocked:aBcd16b::f0 dst:f32::blocked:abcd::f0,attr-scratchpad:user,,1x512x7x7,0.0141602
MKL_VERBOSE SGEMM(N,N,49,2048,512,0x7fffa4eb4ce0,0x28142180,49,0x7df84c762040,512,0x7fffa4eb4d00,0x274a95c0,49) 1.29ms CNR:OFF Dyn:0 FastMM:1 TID:0  NThr:1
onednn_verbose,v1,primitive,exec,cpu,reorder,jit:blk,undef,src:f32::blocked:abcd::f0 dst:f32::blocked:aBcd16b::f0,attr-scratchpad:user,,1x1024x14x14,0.0759277
onednn_verbose,v1,primitive,exec,cpu,reorder,jit:blk,undef,src:f32::blocked:abcd::f0 dst:f32::blocked:ABcd16b16a::f0,attr-scratchpad:user,,2048x1024x1x1,0.976807
onednn_verbose,v1,primitive,exec,cpu,convolution,jit_1x1:avx512_core,forward_training,src:f32:a:blocked:aBcd16b::f0 wei:f32:a:blocked:ABcd16b16a::f0 bia:undef::undef::: dst:f32:a:blocked:aBcd16b::f0,attr-scratchpad:user,alg:convolution_direct,mb1_ic1024oc2048_ih14oh7kh1sh2dh0ph0_iw14ow7kw1sw2dw0pw0,1.92188
onednn_verbose,v1,primitive,exec,cpu,reorder,jit:blk,undef,src:f32::blocked:aBcd16b::f0 dst:f32::blocked:abcd::f0,attr-scratchpad:user,,1x2048x7x7,0.0441895
MKL_VERBOSE SGEMM(N,N,49,512,2048,0x7fffa4eb4ce0,0x280c7900,49,0x7df84c361040,2048,0x7fffa4eb4d00,0x27477440,49) 1.25ms CNR:OFF Dyn:0 FastMM:1 TID:0  NThr:1
onednn_verbose,v1,primitive,exec,cpu,reorder,jit:blk,undef,src:f32::blocked:abcd::f0 dst:f32::blocked:aBcd16b::f0,attr-scratchpad:user,,1x512x7x7,0.00683594
onednn_verbose,v1,primitive,exec,cpu,reorder,jit:uni,undef,src:f32::blocked:abcd::f0 dst:f32::blocked:ABcd16b16a::f0,attr-scratchpad:user,,512x512x3x3,1.12598
onednn_verbose,v1,primitive,exec,cpu,convolution,jit:avx512_core,forward_training,src:f32:a:blocked:aBcd16b::f0 wei:f32:a:blocked:ABcd16b16a::f0 bia:undef::undef::: dst:f32:a:blocked:aBcd16b::f0,attr-scratchpad:user,alg:convolution_direct,mb1_ic512oc512_ih7oh7kh3sh1dh0ph1_iw7ow7kw3sw1dw0pw1,2.07593
onednn_verbose,v1,primitive,exec,cpu,reorder,jit:blk,undef,src:f32::blocked:aBcd16b::f0 dst:f32::blocked:abcd::f0,attr-scratchpad:user,,1x512x7x7,0.0090332
MKL_VERBOSE SGEMM(N,N,49,2048,512,0x7fffa4eb4ce0,0x2753fa40,49,0x7df84b65f040,512,0x7fffa4eb4d00,0x27412900,49) 1.29ms CNR:OFF Dyn:0 FastMM:1 TID:0  NThr:1
MKL_VERBOSE SGEMM(N,N,49,512,2048,0x7fffa4eb4ce0,0x27f3f880,49,0x7df84b15e040,2048,0x7fffa4eb4d00,0x27477440,49) 1.23ms CNR:OFF Dyn:0 FastMM:1 TID:0  NThr:1
onednn_verbose,v1,primitive,exec,cpu,reorder,jit:blk,undef,src:f32::blocked:abcd::f0 dst:f32::blocked:aBcd16b::f0,attr-scratchpad:user,,1x512x7x7,0.00585938
onednn_verbose,v1,primitive,exec,cpu,reorder,jit:uni,undef,src:f32::blocked:abcd::f0 dst:f32::blocked:ABcd16b16a::f0,attr-scratchpad:user,,512x512x3x3,1.11499
onednn_verbose,v1,primitive,exec,cpu,convolution,jit:avx512_core,forward_training,src:f32:a:blocked:aBcd16b::f0 wei:f32:a:blocked:ABcd16b16a::f0 bia:undef::undef::: dst:f32:a:blocked:aBcd16b::f0,attr-scratchpad:user,alg:convolution_direct,mb1_ic512oc512_ih7oh7kh3sh1dh0ph1_iw7ow7kw3sw1dw0pw1,2.08105
onednn_verbose,v1,primitive,exec,cpu,reorder,jit:blk,undef,src:f32::blocked:aBcd16b::f0 dst:f32::blocked:abcd::f0,attr-scratchpad:user,,1x512x7x7,0.0129395
MKL_VERBOSE SGEMM(N,N,49,2048,512,0x7fffa4eb4ce0,0x27477440,49,0x7df84a45c040,512,0x7fffa4eb4d00,0x27412900,49) 1.30ms CNR:OFF Dyn:0 FastMM:1 TID:0  NThr:1
MKL_VERBOSE SGEMM(T,N,1000,1,2048,0x7fffa4eb6f20,0x7df849c8b040,2048,0x28151dc0,2048,0x7fffa4eb6f40,0x28157180,1000) 478.15us CNR:OFF Dyn:0 FastMM:1 TID:0  NThr:1
onednn_verbose,v1,primitive,exec,cpu,reorder,jit:uni,undef,src:f32::blocked:abcd::f0 dst:f32::blocked:Acdb16a::f0,attr-scratchpad:user,,64x3x7x7,0.00878906
onednn_verbose,v1,primitive,exec,cpu,convolution,jit:avx512_core,forward_training,src:f32:a:blocked:abcd::f0 wei:f32:a:blocked:Acdb16a::f0 bia:undef::undef::: dst:f32:a:blocked:aBcd16b::f0,attr-scratchpad:user,alg:convolution_direct,mb1_ic3oc64_ih224oh112kh7sh2dh0ph3_iw224ow112kw7sw2dw0pw3,1.76807
onednn_verbose,v1,primitive,exec,cpu,reorder,jit:blk,undef,src:f32::blocked:aBcd16b::f0 dst:f32::blocked:abcd::f0,attr-scratchpad:user,,1x64x112x112,0.307861
MKL_VERBOSE SGEMM(N,N,3136,64,64,0x7fffa4eb4ce0,0x27f3f880,3136,0x284bf1c0,64,0x7fffa4eb4d00,0x280038c0,3136) 237.72us CNR:OFF Dyn:0 FastMM:1 TID:0  NThr:1
onednn_verbose,v1,primitive,exec,cpu,reorder,jit:blk,undef,src:f32::blocked:abcd::f0 dst:f32::blocked:aBcd16b::f0,attr-scratchpad:user,,1x64x56x56,0.0510254
onednn_verbose,v1,primitive,exec,cpu,reorder,jit:uni,undef,src:f32::blocked:abcd::f0 dst:f32::blocked:ABcd16b16a::f0,attr-scratchpad:user,,64x64x3x3,0.0239258
onednn_verbose,v1,primitive,exec,cpu,convolution,jit:avx512_core,forward_training,src:f32:a:blocked:aBcd16b::f0 wei:f32:a:blocked:ABcd16b16a::f0 bia:undef::undef::: dst:f32:a:blocked:aBcd16b::f0,attr-scratchpad:user,alg:convolution_direct,mb1_ic64oc64_ih56oh56kh3sh1dh0ph1_iw56ow56kw3sw1dw0pw1,1.74707
onednn_verbose,v1,primitive,exec,cpu,reorder,jit:blk,undef,src:f32::blocked:aBcd16b::f0 dst:f32::blocked:abcd::f0,attr-scratchpad:user,,1x64x56x56,0.0500488
MKL_VERBOSE SGEMM(N,N,3136,256,64,0x7fffa4eb4ce0,0x28226c00,3136,0x284e8f40,64,0x7fffa4eb4d00,0x275bce00,3136) 886.08us CNR:OFF Dyn:0 FastMM:1 TID:0  NThr:1
MKL_VERBOSE SGEMM(N,N,3136,256,64,0x7fffa4eb45b0,0x27f3f880,3136,0x284ad700,64,0x7fffa4eb45d0,0x275bce00,3136) 856.11us CNR:OFF Dyn:0 FastMM:1 TID:0  NThr:1
MKL_VERBOSE SGEMM(N,N,3136,64,256,0x7fffa4eb4ce0,0x2963d500,3136,0x284faa00,256,0x7fffa4eb4d00,0x280038c0,3136) 786.49us CNR:OFF Dyn:0 FastMM:1 TID:0  NThr:1
onednn_verbose,v1,primitive,exec,cpu,reorder,jit:blk,undef,src:f32::blocked:abcd::f0 dst:f32::blocked:aBcd16b::f0,attr-scratchpad:user,,1x64x56x56,0.0490723
onednn_verbose,v1,primitive,exec,cpu,reorder,jit:uni,undef,src:f32::blocked:abcd::f0 dst:f32::blocked:ABcd16b16a::f0,attr-scratchpad:user,,64x64x3x3,0.0219727
onednn_verbose,v1,primitive,exec,cpu,convolution,jit:avx512_core,forward_training,src:f32:a:blocked:aBcd16b::f0 wei:f32:a:blocked:ABcd16b16a::f0 bia:undef::undef::: dst:f32:a:blocked:aBcd16b::f0,attr-scratchpad:user,alg:convolution_direct,mb1_ic64oc64_ih56oh56kh3sh1dh0ph1_iw56ow56kw3sw1dw0pw1,1.7439
onednn_verbose,v1,primitive,exec,cpu,reorder,jit:blk,undef,src:f32::blocked:aBcd16b::f0 dst:f32::blocked:abcd::f0,attr-scratchpad:user,,1x64x56x56,0.0671387
MKL_VERBOSE SGEMM(N,N,3136,256,64,0x7fffa4eb4ce0,0x280038c0,3136,0x28530780,64,0x7fffa4eb4d00,0x28162bc0,3136) 833.38us CNR:OFF Dyn:0 FastMM:1 TID:0  NThr:1
MKL_VERBOSE SGEMM(N,N,3136,64,256,0x7fffa4eb4ce0,0x275bce00,3136,0x28542240,256,0x7fffa4eb4d00,0x280038c0,3136) 788.68us CNR:OFF Dyn:0 FastMM:1 TID:0  NThr:1
onednn_verbose,v1,primitive,exec,cpu,reorder,jit:blk,undef,src:f32::blocked:abcd::f0 dst:f32::blocked:aBcd16b::f0,attr-scratchpad:user,,1x64x56x56,0.0539551
onednn_verbose,v1,primitive,exec,cpu,reorder,jit:uni,undef,src:f32::blocked:abcd::f0 dst:f32::blocked:ABcd16b16a::f0,attr-scratchpad:user,,64x64x3x3,0.0209961
onednn_verbose,v1,primitive,exec,cpu,convolution,jit:avx512_core,forward_training,src:f32:a:blocked:aBcd16b::f0 wei:f32:a:blocked:ABcd16b16a::f0 bia:undef::undef::: dst:f32:a:blocked:aBcd16b::f0,attr-scratchpad:user,alg:convolution_direct,mb1_ic64oc64_ih56oh56kh3sh1dh0ph1_iw56ow56kw3sw1dw0pw1,1.73413
onednn_verbose,v1,primitive,exec,cpu,reorder,jit:blk,undef,src:f32::blocked:aBcd16b::f0 dst:f32::blocked:abcd::f0,attr-scratchpad:user,,1x64x56x56,0.0490723
MKL_VERBOSE SGEMM(N,N,3136,256,64,0x7fffa4eb4ce0,0x28226c00,3136,0x28577fc0,64,0x7fffa4eb4d00,0x2963d500,3136) 827.22us CNR:OFF Dyn:0 FastMM:1 TID:0  NThr:1
MKL_VERBOSE SGEMM(N,N,3136,128,256,0x7fffa4eb4ce0,0x2994d540,3136,0x2860c540,256,0x7fffa4eb4d00,0x2963d500,3136) 1.58ms CNR:OFF Dyn:0 FastMM:1 TID:0  NThr:1
onednn_verbose,v1,primitive,exec,cpu,reorder,jit:blk,undef,src:f32::blocked:abcd::f0 dst:f32::blocked:aBcd16b::f0,attr-scratchpad:user,,1x128x56x56,0.138916
onednn_verbose,v1,primitive,exec,cpu,reorder,jit:uni,undef,src:f32::blocked:abcd::f0 dst:f32::blocked:ABcd16b16a::f0,attr-scratchpad:user,,128x128x3x3,0.072998
onednn_verbose,v1,primitive,exec,cpu,convolution,jit:avx512_core,forward_training,src:f32:a:blocked:aBcd16b::f0 wei:f32:a:blocked:ABcd16b16a::f0 bia:undef::undef::: dst:f32:a:blocked:aBcd16b::f0,attr-scratchpad:user,alg:convolution_direct,mb1_ic128oc128_ih56oh28kh3sh2dh0ph1_iw56ow28kw3sw2dw0pw1,1.79907
onednn_verbose,v1,primitive,exec,cpu,reorder,jit:blk,undef,src:f32::blocked:aBcd16b::f0 dst:f32::blocked:abcd::f0,attr-scratchpad:user,,1x128x28x28,0.0368652
MKL_VERBOSE SGEMM(N,N,784,512,128,0x7fffa4eb4ce0,0x27412900,784,0x286beac0,128,0x7fffa4eb4d00,0x2963d500,784) 834.78us CNR:OFF Dyn:0 FastMM:1 TID:0  NThr:1
onednn_verbose,v1,primitive,exec,cpu,reorder,jit:blk,undef,src:f32::blocked:abcd::f0 dst:f32::blocked:aBcd16b::f0,attr-scratchpad:user,,1x256x56x56,0.305908
onednn_verbose,v1,primitive,exec,cpu,reorder,jit:blk,undef,src:f32::blocked:abcd::f0 dst:f32::blocked:ABcd16b16a::f0,attr-scratchpad:user,,512x256x1x1,0.065918
onednn_verbose,v1,primitive,exec,cpu,convolution,jit_1x1:avx512_core,forward_training,src:f32:a:blocked:aBcd16b::f0 wei:f32:a:blocked:ABcd16b16a::f0 bia:undef::undef::: dst:f32:a:blocked:aBcd16b::f0,attr-scratchpad:user,alg:convolution_direct,mb1_ic256oc512_ih56oh28kh1sh2dh0ph0_iw56ow28kw1sw2dw0pw0,1.69312
onednn_verbose,v1,primitive,exec,cpu,reorder,jit:blk,undef,src:f32::blocked:aBcd16b::f0 dst:f32::blocked:abcd::f0,attr-scratchpad:user,,1x512x28x28,0.149902
MKL_VERBOSE SGEMM(N,N,784,128,512,0x7fffa4eb4ce0,0x28162bc0,784,0x28701580,512,0x7fffa4eb4d00,0x27412900,784) 807.32us CNR:OFF Dyn:0 FastMM:1 TID:0  NThr:1
onednn_verbose,v1,primitive,exec,cpu,reorder,jit:blk,undef,src:f32::blocked:abcd::f0 dst:f32::blocked:aBcd16b::f0,attr-scratchpad:user,,1x128x28x28,0.0209961
onednn_verbose,v1,primitive,exec,cpu,reorder,jit:uni,undef,src:f32::blocked:abcd::f0 dst:f32::blocked:ABcd16b16a::f0,attr-scratchpad:user,,128x128x3x3,0.0759277
onednn_verbose,v1,primitive,exec,cpu,convolution,jit:avx512_core,forward_training,src:f32:a:blocked:aBcd16b::f0 wei:f32:a:blocked:ABcd16b16a::f0 bia:undef::undef::: dst:f32:a:blocked:aBcd16b::f0,attr-scratchpad:user,alg:convolution_direct,mb1_ic128oc128_ih28oh28kh3sh1dh0ph1_iw28ow28kw3sw1dw0pw1,1.71118
onednn_verbose,v1,primitive,exec,cpu,reorder,jit:blk,undef,src:f32::blocked:aBcd16b::f0 dst:f32::blocked:abcd::f0,attr-scratchpad:user,,1x128x28x28,0.0209961
MKL_VERBOSE SGEMM(N,N,784,512,128,0x7fffa4eb4ce0,0x28065900,784,0x287d3b00,128,0x7fffa4eb4d00,0x282eac00,784) 833.17us CNR:OFF Dyn:0 FastMM:1 TID:0  NThr:1
MKL_VERBOSE SGEMM(N,N,784,128,512,0x7fffa4eb4ce0,0x2963d500,784,0x288165c0,512,0x7fffa4eb4d00,0x27412900,784) 794.98us CNR:OFF Dyn:0 FastMM:1 TID:0  NThr:1
onednn_verbose,v1,primitive,exec,cpu,reorder,jit:blk,undef,src:f32::blocked:abcd::f0 dst:f32::blocked:aBcd16b::f0,attr-scratchpad:user,,1x128x28x28,0.0200195
onednn_verbose,v1,primitive,exec,cpu,reorder,jit:uni,undef,src:f32::blocked:abcd::f0 dst:f32::blocked:ABcd16b16a::f0,attr-scratchpad:user,,128x128x3x3,0.0739746
onednn_verbose,v1,primitive,exec,cpu,convolution,jit:avx512_core,forward_training,src:f32:a:blocked:aBcd16b::f0 wei:f32:a:blocked:ABcd16b16a::f0 bia:undef::undef::: dst:f32:a:blocked:aBcd16b::f0,attr-scratchpad:user,alg:convolution_direct,mb1_ic128oc128_ih28oh28kh3sh1dh0ph1_iw28ow28kw3sw1dw0pw1,1.70703
onednn_verbose,v1,primitive,exec,cpu,reorder,jit:blk,undef,src:f32::blocked:aBcd16b::f0 dst:f32::blocked:abcd::f0,attr-scratchpad:user,,1x128x28x28,0.0197754
MKL_VERBOSE SGEMM(N,N,784,512,128,0x7fffa4eb4ce0,0x28065900,784,0x288e8b40,128,0x7fffa4eb4d00,0x28162bc0,784) 831.13us CNR:OFF Dyn:0 FastMM:1 TID:0  NThr:1
MKL_VERBOSE SGEMM(N,N,784,128,512,0x7fffa4eb4ce0,0x282eac00,784,0x2892b600,512,0x7fffa4eb4d00,0x27412900,784) 799.93us CNR:OFF Dyn:0 FastMM:1 TID:0  NThr:1
onednn_verbose,v1,primitive,exec,cpu,reorder,jit:blk,undef,src:f32::blocked:abcd::f0 dst:f32::blocked:aBcd16b::f0,attr-scratchpad:user,,1x128x28x28,0.0212402
onednn_verbose,v1,primitive,exec,cpu,reorder,jit:uni,undef,src:f32::blocked:abcd::f0 dst:f32::blocked:ABcd16b16a::f0,attr-scratchpad:user,,128x128x3x3,0.0739746
onednn_verbose,v1,primitive,exec,cpu,convolution,jit:avx512_core,forward_training,src:f32:a:blocked:aBcd16b::f0 wei:f32:a:blocked:ABcd16b16a::f0 bia:undef::undef::: dst:f32:a:blocked:aBcd16b::f0,attr-scratchpad:user,alg:convolution_direct,mb1_ic128oc128_ih28oh28kh3sh1dh0ph1_iw28ow28kw3sw1dw0pw1,1.70898
onednn_verbose,v1,primitive,exec,cpu,reorder,jit:blk,undef,src:f32::blocked:aBcd16b::f0 dst:f32::blocked:abcd::f0,attr-scratchpad:user,,1x128x28x28,0.0200195
MKL_VERBOSE SGEMM(N,N,784,512,128,0x7fffa4eb4ce0,0x28065900,784,0x289fdb80,128,0x7fffa4eb4d00,0x2963d500,784) 832.72us CNR:OFF Dyn:0 FastMM:1 TID:0  NThr:1
MKL_VERBOSE SGEMM(N,N,784,256,512,0x7fffa4eb4ce0,0x275bce00,784,0x28a450c0,512,0x7fffa4eb4d00,0x280038c0,784) 1.73ms CNR:OFF Dyn:0 FastMM:1 TID:0  NThr:1
onednn_verbose,v1,primitive,exec,cpu,reorder,jit:blk,undef,src:f32::blocked:abcd::f0 dst:f32::blocked:aBcd16b::f0,attr-scratchpad:user,,1x256x28x28,0.0471191
onednn_verbose,v1,primitive,exec,cpu,reorder,jit:uni,undef,src:f32::blocked:abcd::f0 dst:f32::blocked:ABcd16b16a::f0,attr-scratchpad:user,,256x256x3x3,0.286865
onednn_verbose,v1,primitive,exec,cpu,convolution,jit:avx512_core,forward_training,src:f32:a:blocked:aBcd16b::f0 wei:f32:a:blocked:ABcd16b16a::f0 bia:undef::undef::: dst:f32:a:blocked:aBcd16b::f0,attr-scratchpad:user,alg:convolution_direct,mb1_ic256oc256_ih28oh14kh3sh2dh0ph1_iw28ow14kw3sw2dw0pw1,1.72803
onednn_verbose,v1,primitive,exec,cpu,reorder,jit:blk,undef,src:f32::blocked:aBcd16b::f0 dst:f32::blocked:abcd::f0,attr-scratchpad:user,,1x256x14x14,0.026123
MKL_VERBOSE SGEMM(N,N,196,1024,256,0x7fffa4eb4ce0,0x27558280,196,0x28ac8600,256,0x7fffa4eb4d00,0x280038c0,196) 953.11us CNR:OFF Dyn:0 FastMM:1 TID:0  NThr:1
onednn_verbose,v1,primitive,exec,cpu,reorder,jit:blk,undef,src:f32::blocked:abcd::f0 dst:f32::blocked:aBcd16b::f0,attr-scratchpad:user,,1x512x28x28,0.151123
onednn_verbose,v1,primitive,exec,cpu,reorder,jit:blk,undef,src:f32::blocked:abcd::f0 dst:f32::blocked:ABcd16b16a::f0,attr-scratchpad:user,,1024x512x1x1,0.224121
onednn_verbose,v1,primitive,exec,cpu,convolution,jit_1x1:avx512_core,forward_training,src:f32:a:blocked:aBcd16b::f0 wei:f32:a:blocked:ABcd16b16a::f0 bia:undef::undef::: dst:f32:a:blocked:aBcd16b::f0,attr-scratchpad:user,alg:convolution_direct,mb1_ic512oc1024_ih28oh14kh1sh2dh0ph0_iw28ow14kw1sw2dw0pw0,1.64697
onednn_verbose,v1,primitive,exec,cpu,reorder,jit:blk,undef,src:f32::blocked:aBcd16b::f0 dst:f32::blocked:abcd::f0,attr-scratchpad:user,,1x1024x14x14,0.0930176
MKL_VERBOSE SGEMM(N,N,196,256,1024,0x7fffa4eb4ce0,0x27744e40,196,0x28bcd0c0,1024,0x7fffa4eb4d00,0x27558280,196) 1.01ms CNR:OFF Dyn:0 FastMM:1 TID:0  NThr:1
onednn_verbose,v1,primitive,exec,cpu,reorder,jit:blk,undef,src:f32::blocked:abcd::f0 dst:f32::blocked:aBcd16b::f0,attr-scratchpad:user,,1x256x14x14,0.0100098
onednn_verbose,v1,primitive,exec,cpu,reorder,jit:uni,undef,src:f32::blocked:abcd::f0 dst:f32::blocked:ABcd16b16a::f0,attr-scratchpad:user,,256x256x3x3,0.286865
onednn_verbose,v1,primitive,exec,cpu,convolution,jit:avx512_core,forward_training,src:f32:a:blocked:aBcd16b::f0 wei:f32:a:blocked:ABcd16b16a::f0 bia:undef::undef::: dst:f32:a:blocked:aBcd16b::f0,attr-scratchpad:user,alg:convolution_direct,mb1_ic256oc256_ih14oh14kh3sh1dh0ph1_iw14ow14kw3sw1dw0pw1,1.62988
onednn_verbose,v1,primitive,exec,cpu,reorder,jit:blk,undef,src:f32::blocked:aBcd16b::f0 dst:f32::blocked:abcd::f0,attr-scratchpad:user,,1x256x14x14,0.0219727
MKL_VERBOSE SGEMM(N,N,196,1024,256,0x7fffa4eb4ce0,0x27558280,196,0x28cd0600,256,0x7fffa4eb4d00,0x280038c0,196) 951.72us CNR:OFF Dyn:0 FastMM:1 TID:0  NThr:1
MKL_VERBOSE SGEMM(N,N,196,256,1024,0x7fffa4eb4ce0,0x27808e80,196,0x28dd50c0,1024,0x7fffa4eb4d00,0x27558280,196) 1.01ms CNR:OFF Dyn:0 FastMM:1 TID:0  NThr:1
onednn_verbose,v1,primitive,exec,cpu,reorder,jit:blk,undef,src:f32::blocked:abcd::f0 dst:f32::blocked:aBcd16b::f0,attr-scratchpad:user,,1x256x14x14,0.0109863
onednn_verbose,v1,primitive,exec,cpu,reorder,jit:uni,undef,src:f32::blocked:abcd::f0 dst:f32::blocked:ABcd16b16a::f0,attr-scratchpad:user,,256x256x3x3,0.290771
onednn_verbose,v1,primitive,exec,cpu,convolution,jit:avx512_core,forward_training,src:f32:a:blocked:aBcd16b::f0 wei:f32:a:blocked:ABcd16b16a::f0 bia:undef::undef::: dst:f32:a:blocked:aBcd16b::f0,attr-scratchpad:user,alg:convolution_direct,mb1_ic256oc256_ih14oh14kh3sh1dh0ph1_iw14ow14kw3sw1dw0pw1,1.62793
onednn_verbose,v1,primitive,exec,cpu,reorder,jit:blk,undef,src:f32::blocked:aBcd16b::f0 dst:f32::blocked:abcd::f0,attr-scratchpad:user,,1x256x14x14,0.0219727
MKL_VERBOSE SGEMM(N,N,196,1024,256,0x7fffa4eb4ce0,0x27558280,196,0x28ed8600,256,0x7fffa4eb4d00,0x280038c0,196) 960.39us CNR:OFF Dyn:0 FastMM:1 TID:0  NThr:1
MKL_VERBOSE SGEMM(N,N,196,256,1024,0x7fffa4eb4ce0,0x28162bc0,196,0x28fdd0c0,1024,0x7fffa4eb4d00,0x27558280,196) 999.18us CNR:OFF Dyn:0 FastMM:1 TID:0  NThr:1
onednn_verbose,v1,primitive,exec,cpu,reorder,jit:blk,undef,src:f32::blocked:abcd::f0 dst:f32::blocked:aBcd16b::f0,attr-scratchpad:user,,1x256x14x14,0.0109863
onednn_verbose,v1,primitive,exec,cpu,reorder,jit:uni,undef,src:f32::blocked:abcd::f0 dst:f32::blocked:ABcd16b16a::f0,attr-scratchpad:user,,256x256x3x3,0.289062
onednn_verbose,v1,primitive,exec,cpu,convolution,jit:avx512_core,forward_training,src:f32:a:blocked:aBcd16b::f0 wei:f32:a:blocked:ABcd16b16a::f0 bia:undef::undef::: dst:f32:a:blocked:aBcd16b::f0,attr-scratchpad:user,alg:convolution_direct,mb1_ic256oc256_ih14oh14kh3sh1dh0ph1_iw14ow14kw3sw1dw0pw1,1.65991
onednn_verbose,v1,primitive,exec,cpu,reorder,jit:blk,undef,src:f32::blocked:aBcd16b::f0 dst:f32::blocked:abcd::f0,attr-scratchpad:user,,1x256x14x14,0.0209961
MKL_VERBOSE SGEMM(N,N,196,1024,256,0x7fffa4eb4ce0,0x27558280,196,0x290e0600,256,0x7fffa4eb4d00,0x280038c0,196) 951.68us CNR:OFF Dyn:0 FastMM:1 TID:0  NThr:1
MKL_VERBOSE SGEMM(N,N,196,256,1024,0x7fffa4eb4ce0,0x27744e40,196,0x291e50c0,1024,0x7fffa4eb4d00,0x27558280,196) 994.16us CNR:OFF Dyn:0 FastMM:1 TID:0  NThr:1
onednn_verbose,v1,primitive,exec,cpu,reorder,jit:blk,undef,src:f32::blocked:abcd::f0 dst:f32::blocked:aBcd16b::f0,attr-scratchpad:user,,1x256x14x14,0.0100098
onednn_verbose,v1,primitive,exec,cpu,reorder,jit:uni,undef,src:f32::blocked:abcd::f0 dst:f32::blocked:ABcd16b16a::f0,attr-scratchpad:user,,256x256x3x3,0.289795
onednn_verbose,v1,primitive,exec,cpu,convolution,jit:avx512_core,forward_training,src:f32:a:blocked:aBcd16b::f0 wei:f32:a:blocked:ABcd16b16a::f0 bia:undef::undef::: dst:f32:a:blocked:aBcd16b::f0,attr-scratchpad:user,alg:convolution_direct,mb1_ic256oc256_ih14oh14kh3sh1dh0ph1_iw14ow14kw3sw1dw0pw1,1.62695
onednn_verbose,v1,primitive,exec,cpu,reorder,jit:blk,undef,src:f32::blocked:aBcd16b::f0 dst:f32::blocked:abcd::f0,attr-scratchpad:user,,1x256x14x14,0.0231934
MKL_VERBOSE SGEMM(N,N,196,1024,256,0x7fffa4eb4ce0,0x27558280,196,0x292e8600,256,0x7fffa4eb4d00,0x280038c0,196) 949.36us CNR:OFF Dyn:0 FastMM:1 TID:0  NThr:1
MKL_VERBOSE SGEMM(N,N,196,256,1024,0x7fffa4eb4ce0,0x27808e80,196,0x293ed0c0,1024,0x7fffa4eb4d00,0x27558280,196) 1.01ms CNR:OFF Dyn:0 FastMM:1 TID:0  NThr:1
onednn_verbose,v1,primitive,exec,cpu,reorder,jit:blk,undef,src:f32::blocked:abcd::f0 dst:f32::blocked:aBcd16b::f0,attr-scratchpad:user,,1x256x14x14,0.0109863
onednn_verbose,v1,primitive,exec,cpu,reorder,jit:uni,undef,src:f32::blocked:abcd::f0 dst:f32::blocked:ABcd16b16a::f0,attr-scratchpad:user,,256x256x3x3,0.285889
onednn_verbose,v1,primitive,exec,cpu,convolution,jit:avx512_core,forward_training,src:f32:a:blocked:aBcd16b::f0 wei:f32:a:blocked:ABcd16b16a::f0 bia:undef::undef::: dst:f32:a:blocked:aBcd16b::f0,attr-scratchpad:user,alg:convolution_direct,mb1_ic256oc256_ih14oh14kh3sh1dh0ph1_iw14ow14kw3sw1dw0pw1,1.62915
onednn_verbose,v1,primitive,exec,cpu,reorder,jit:blk,undef,src:f32::blocked:aBcd16b::f0 dst:f32::blocked:abcd::f0,attr-scratchpad:user,,1x256x14x14,0.0219727
MKL_VERBOSE SGEMM(N,N,196,1024,256,0x7fffa4eb4ce0,0x27558280,196,0x294f0600,256,0x7fffa4eb4d00,0x280038c0,196) 950.63us CNR:OFF Dyn:0 FastMM:1 TID:0  NThr:1
MKL_VERBOSE SGEMM(N,N,196,512,1024,0x7fffa4eb4ce0,0x28162bc0,196,0x7df84d464040,1024,0x7fffa4eb4d00,0x27412900,196) 1.95ms CNR:OFF Dyn:0 FastMM:1 TID:0  NThr:1
onednn_verbose,v1,primitive,exec,cpu,reorder,jit:blk,undef,src:f32::blocked:abcd::f0 dst:f32::blocked:aBcd16b::f0,attr-scratchpad:user,,1x512x14x14,0.0209961
onednn_verbose,v1,primitive,exec,cpu,reorder,jit:uni,undef,src:f32::blocked:abcd::f0 dst:f32::blocked:ABcd16b16a::f0,attr-scratchpad:user,,512x512x3x3,1.13599
onednn_verbose,v1,primitive,exec,cpu,convolution,jit:avx512_core,forward_training,src:f32:a:blocked:aBcd16b::f0 wei:f32:a:blocked:ABcd16b16a::f0 bia:undef::undef::: dst:f32:a:blocked:aBcd16b::f0,attr-scratchpad:user,alg:convolution_direct,mb1_ic512oc512_ih14oh7kh3sh2dh0ph1_iw14ow7kw3sw2dw0pw1,2.31006
onednn_verbose,v1,primitive,exec,cpu,reorder,jit:blk,undef,src:f32::blocked:aBcd16b::f0 dst:f32::blocked:abcd::f0,attr-scratchpad:user,,1x512x7x7,0.0131836
MKL_VERBOSE SGEMM(N,N,49,2048,512,0x7fffa4eb4ce0,0x27570ac0,49,0x7df84c762040,512,0x7fffa4eb4d00,0x27412900,49) 1.29ms CNR:OFF Dyn:0 FastMM:1 TID:0  NThr:1
onednn_verbose,v1,primitive,exec,cpu,reorder,jit:blk,undef,src:f32::blocked:abcd::f0 dst:f32::blocked:aBcd16b::f0,attr-scratchpad:user,,1x1024x14x14,0.0739746
onednn_verbose,v1,primitive,exec,cpu,reorder,jit:blk,undef,src:f32::blocked:abcd::f0 dst:f32::blocked:ABcd16b16a::f0,attr-scratchpad:user,,2048x1024x1x1,0.903076
onednn_verbose,v1,primitive,exec,cpu,convolution,jit_1x1:avx512_core,forward_training,src:f32:a:blocked:aBcd16b::f0 wei:f32:a:blocked:ABcd16b16a::f0 bia:undef::undef::: dst:f32:a:blocked:aBcd16b::f0,attr-scratchpad:user,alg:convolution_direct,mb1_ic1024oc2048_ih14oh7kh1sh2dh0ph0_iw14ow7kw1sw2dw0pw0,1.78784
onednn_verbose,v1,primitive,exec,cpu,reorder,jit:blk,undef,src:f32::blocked:aBcd16b::f0 dst:f32::blocked:abcd::f0,attr-scratchpad:user,,1x2048x7x7,0.0439453
MKL_VERBOSE SGEMM(N,N,49,512,2048,0x7fffa4eb4ce0,0x280038c0,49,0x7df84c361040,2048,0x7fffa4eb4d00,0x27477440,49) 1.23ms CNR:OFF Dyn:0 FastMM:1 TID:0  NThr:1
onednn_verbose,v1,primitive,exec,cpu,reorder,jit:blk,undef,src:f32::blocked:abcd::f0 dst:f32::blocked:aBcd16b::f0,attr-scratchpad:user,,1x512x7x7,0.00805664
onednn_verbose,v1,primitive,exec,cpu,reorder,jit:uni,undef,src:f32::blocked:abcd::f0 dst:f32::blocked:ABcd16b16a::f0,attr-scratchpad:user,,512x512x3x3,1.13306
onednn_verbose,v1,primitive,exec,cpu,convolution,jit:avx512_core,forward_training,src:f32:a:blocked:aBcd16b::f0 wei:f32:a:blocked:ABcd16b16a::f0 bia:undef::undef::: dst:f32:a:blocked:aBcd16b::f0,attr-scratchpad:user,alg:convolution_direct,mb1_ic512oc512_ih7oh7kh3sh1dh0ph1_iw7ow7kw3sw1dw0pw1,2.09106
onednn_verbose,v1,primitive,exec,cpu,reorder,jit:blk,undef,src:f32::blocked:aBcd16b::f0 dst:f32::blocked:abcd::f0,attr-scratchpad:user,,1x512x7x7,0.0100098
MKL_VERBOSE SGEMM(N,N,49,2048,512,0x7fffa4eb4ce0,0x27477440,49,0x7df84b65f040,512,0x7fffa4eb4d00,0x27412900,49) 1.28ms CNR:OFF Dyn:0 FastMM:1 TID:0  NThr:1
MKL_VERBOSE SGEMM(N,N,49,512,2048,0x7fffa4eb4ce0,0x28065900,49,0x7df84b15e040,2048,0x7fffa4eb4d00,0x27477440,49) 1.24ms CNR:OFF Dyn:0 FastMM:1 TID:0  NThr:1
onednn_verbose,v1,primitive,exec,cpu,reorder,jit:blk,undef,src:f32::blocked:abcd::f0 dst:f32::blocked:aBcd16b::f0,attr-scratchpad:user,,1x512x7x7,0.0090332
onednn_verbose,v1,primitive,exec,cpu,reorder,jit:uni,undef,src:f32::blocked:abcd::f0 dst:f32::blocked:ABcd16b16a::f0,attr-scratchpad:user,,512x512x3x3,1.11694
onednn_verbose,v1,primitive,exec,cpu,convolution,jit:avx512_core,forward_training,src:f32:a:blocked:aBcd16b::f0 wei:f32:a:blocked:ABcd16b16a::f0 bia:undef::undef::: dst:f32:a:blocked:aBcd16b::f0,attr-scratchpad:user,alg:convolution_direct,mb1_ic512oc512_ih7oh7kh3sh1dh0ph1_iw7ow7kw3sw1dw0pw1,2.06104
onednn_verbose,v1,primitive,exec,cpu,reorder,jit:blk,undef,src:f32::blocked:aBcd16b::f0 dst:f32::blocked:abcd::f0,attr-scratchpad:user,,1x512x7x7,0.0100098
MKL_VERBOSE SGEMM(N,N,49,2048,512,0x7fffa4eb4ce0,0x27477440,49,0x7df84a45c040,512,0x7fffa4eb4d00,0x27412900,49) 1.30ms CNR:OFF Dyn:0 FastMM:1 TID:0  NThr:1
MKL_VERBOSE SGEMM(T,N,1000,1,2048,0x7fffa4eb6f20,0x7df849c8b040,2048,0x28151dc0,2048,0x7fffa4eb6f40,0x28157180,1000) 471.66us CNR:OFF Dyn:0 FastMM:1 TID:0  NThr:1
onednn_verbose,v1,primitive,exec,cpu,reorder,jit:uni,undef,src:f32::blocked:abcd::f0 dst:f32::blocked:Acdb16a::f0,attr-scratchpad:user,,64x3x7x7,0.0109863
onednn_verbose,v1,primitive,exec,cpu,convolution,jit:avx512_core,forward_training,src:f32:a:blocked:abcd::f0 wei:f32:a:blocked:Acdb16a::f0 bia:undef::undef::: dst:f32:a:blocked:aBcd16b::f0,attr-scratchpad:user,alg:convolution_direct,mb1_ic3oc64_ih224oh112kh7sh2dh0ph3_iw224ow112kw7sw2dw0pw3,1.76392
onednn_verbose,v1,primitive,exec,cpu,reorder,jit:blk,undef,src:f32::blocked:aBcd16b::f0 dst:f32::blocked:abcd::f0,attr-scratchpad:user,,1x64x112x112,0.351074
MKL_VERBOSE SGEMM(N,N,3136,64,64,0x7fffa4eb4ce0,0x27f3f880,3136,0x284bf1c0,64,0x7fffa4eb4d00,0x280038c0,3136) 240.81us CNR:OFF Dyn:0 FastMM:1 TID:0  NThr:1
onednn_verbose,v1,primitive,exec,cpu,reorder,jit:blk,undef,src:f32::blocked:abcd::f0 dst:f32::blocked:aBcd16b::f0,attr-scratchpad:user,,1x64x56x56,0.0490723
onednn_verbose,v1,primitive,exec,cpu,reorder,jit:uni,undef,src:f32::blocked:abcd::f0 dst:f32::blocked:ABcd16b16a::f0,attr-scratchpad:user,,64x64x3x3,0.0219727
onednn_verbose,v1,primitive,exec,cpu,convolution,jit:avx512_core,forward_training,src:f32:a:blocked:aBcd16b::f0 wei:f32:a:blocked:ABcd16b16a::f0 bia:undef::undef::: dst:f32:a:blocked:aBcd16b::f0,attr-scratchpad:user,alg:convolution_direct,mb1_ic64oc64_ih56oh56kh3sh1dh0ph1_iw56ow56kw3sw1dw0pw1,1.7439
onednn_verbose,v1,primitive,exec,cpu,reorder,jit:blk,undef,src:f32::blocked:aBcd16b::f0 dst:f32::blocked:abcd::f0,attr-scratchpad:user,,1x64x56x56,0.0500488
MKL_VERBOSE SGEMM(N,N,3136,256,64,0x7fffa4eb4ce0,0x28226c00,3136,0x284e8f40,64,0x7fffa4eb4d00,0x275bce00,3136) 842.51us CNR:OFF Dyn:0 FastMM:1 TID:0  NThr:1
MKL_VERBOSE SGEMM(N,N,3136,256,64,0x7fffa4eb45b0,0x27f3f880,3136,0x284ad700,64,0x7fffa4eb45d0,0x275bce00,3136) 857.00us CNR:OFF Dyn:0 FastMM:1 TID:0  NThr:1
MKL_VERBOSE SGEMM(N,N,3136,64,256,0x7fffa4eb4ce0,0x2963d500,3136,0x284faa00,256,0x7fffa4eb4d00,0x280038c0,3136) 790.00us CNR:OFF Dyn:0 FastMM:1 TID:0  NThr:1
onednn_verbose,v1,primitive,exec,cpu,reorder,jit:blk,undef,src:f32::blocked:abcd::f0 dst:f32::blocked:aBcd16b::f0,attr-scratchpad:user,,1x64x56x56,0.0490723
onednn_verbose,v1,primitive,exec,cpu,reorder,jit:uni,undef,src:f32::blocked:abcd::f0 dst:f32::blocked:ABcd16b16a::f0,attr-scratchpad:user,,64x64x3x3,0.0209961
onednn_verbose,v1,primitive,exec,cpu,convolution,jit:avx512_core,forward_training,src:f32:a:blocked:aBcd16b::f0 wei:f32:a:blocked:ABcd16b16a::f0 bia:undef::undef::: dst:f32:a:blocked:aBcd16b::f0,attr-scratchpad:user,alg:convolution_direct,mb1_ic64oc64_ih56oh56kh3sh1dh0ph1_iw56ow56kw3sw1dw0pw1,1.74097
onednn_verbose,v1,primitive,exec,cpu,reorder,jit:blk,undef,src:f32::blocked:aBcd16b::f0 dst:f32::blocked:abcd::f0,attr-scratchpad:user,,1x64x56x56,0.0651855
MKL_VERBOSE SGEMM(N,N,3136,256,64,0x7fffa4eb4ce0,0x280038c0,3136,0x28530780,64,0x7fffa4eb4d00,0x28162bc0,3136) 827.95us CNR:OFF Dyn:0 FastMM:1 TID:0  NThr:1
MKL_VERBOSE SGEMM(N,N,3136,64,256,0x7fffa4eb4ce0,0x275bce00,3136,0x28542240,256,0x7fffa4eb4d00,0x280038c0,3136) 789.88us CNR:OFF Dyn:0 FastMM:1 TID:0  NThr:1
onednn_verbose,v1,primitive,exec,cpu,reorder,jit:blk,undef,src:f32::blocked:abcd::f0 dst:f32::blocked:aBcd16b::f0,attr-scratchpad:user,,1x64x56x56,0.0490723
onednn_verbose,v1,primitive,exec,cpu,reorder,jit:uni,undef,src:f32::blocked:abcd::f0 dst:f32::blocked:ABcd16b16a::f0,attr-scratchpad:user,,64x64x3x3,0.0209961
onednn_verbose,v1,primitive,exec,cpu,convolution,jit:avx512_core,forward_training,src:f32:a:blocked:aBcd16b::f0 wei:f32:a:blocked:ABcd16b16a::f0 bia:undef::undef::: dst:f32:a:blocked:aBcd16b::f0,attr-scratchpad:user,alg:convolution_direct,mb1_ic64oc64_ih56oh56kh3sh1dh0ph1_iw56ow56kw3sw1dw0pw1,1.73999
onednn_verbose,v1,primitive,exec,cpu,reorder,jit:blk,undef,src:f32::blocked:aBcd16b::f0 dst:f32::blocked:abcd::f0,attr-scratchpad:user,,1x64x56x56,0.0490723
MKL_VERBOSE SGEMM(N,N,3136,256,64,0x7fffa4eb4ce0,0x28226c00,3136,0x28577fc0,64,0x7fffa4eb4d00,0x2963d500,3136) 832.30us CNR:OFF Dyn:0 FastMM:1 TID:0  NThr:1
MKL_VERBOSE SGEMM(N,N,3136,128,256,0x7fffa4eb4ce0,0x2994d540,3136,0x2860c540,256,0x7fffa4eb4d00,0x2963d500,3136) 1.57ms CNR:OFF Dyn:0 FastMM:1 TID:0  NThr:1
onednn_verbose,v1,primitive,exec,cpu,reorder,jit:blk,undef,src:f32::blocked:abcd::f0 dst:f32::blocked:aBcd16b::f0,attr-scratchpad:user,,1x128x56x56,0.138916
onednn_verbose,v1,primitive,exec,cpu,reorder,jit:uni,undef,src:f32::blocked:abcd::f0 dst:f32::blocked:ABcd16b16a::f0,attr-scratchpad:user,,128x128x3x3,0.0739746
onednn_verbose,v1,primitive,exec,cpu,convolution,jit:avx512_core,forward_training,src:f32:a:blocked:aBcd16b::f0 wei:f32:a:blocked:ABcd16b16a::f0 bia:undef::undef::: dst:f32:a:blocked:aBcd16b::f0,attr-scratchpad:user,alg:convolution_direct,mb1_ic128oc128_ih56oh28kh3sh2dh0ph1_iw56ow28kw3sw2dw0pw1,1.78809
onednn_verbose,v1,primitive,exec,cpu,reorder,jit:blk,undef,src:f32::blocked:aBcd16b::f0 dst:f32::blocked:abcd::f0,attr-scratchpad:user,,1x128x28x28,0.0351562
MKL_VERBOSE SGEMM(N,N,784,512,128,0x7fffa4eb4ce0,0x27412900,784,0x286beac0,128,0x7fffa4eb4d00,0x2963d500,784) 832.38us CNR:OFF Dyn:0 FastMM:1 TID:0  NThr:1
onednn_verbose,v1,primitive,exec,cpu,reorder,jit:blk,undef,src:f32::blocked:abcd::f0 dst:f32::blocked:aBcd16b::f0,attr-scratchpad:user,,1x256x56x56,0.302002
onednn_verbose,v1,primitive,exec,cpu,reorder,jit:blk,undef,src:f32::blocked:abcd::f0 dst:f32::blocked:ABcd16b16a::f0,attr-scratchpad:user,,512x256x1x1,0.0649414
onednn_verbose,v1,primitive,exec,cpu,convolution,jit_1x1:avx512_core,forward_training,src:f32:a:blocked:aBcd16b::f0 wei:f32:a:blocked:ABcd16b16a::f0 bia:undef::undef::: dst:f32:a:blocked:aBcd16b::f0,attr-scratchpad:user,alg:convolution_direct,mb1_ic256oc512_ih56oh28kh1sh2dh0ph0_iw56ow28kw1sw2dw0pw0,1.69287
onednn_verbose,v1,primitive,exec,cpu,reorder,jit:blk,undef,src:f32::blocked:aBcd16b::f0 dst:f32::blocked:abcd::f0,attr-scratchpad:user,,1x512x28x28,0.148926
MKL_VERBOSE SGEMM(N,N,784,128,512,0x7fffa4eb4ce0,0x28162bc0,784,0x28701580,512,0x7fffa4eb4d00,0x27412900,784) 798.49us CNR:OFF Dyn:0 FastMM:1 TID:0  NThr:1
onednn_verbose,v1,primitive,exec,cpu,reorder,jit:blk,undef,src:f32::blocked:abcd::f0 dst:f32::blocked:aBcd16b::f0,attr-scratchpad:user,,1x128x28x28,0.0219727
onednn_verbose,v1,primitive,exec,cpu,reorder,jit:uni,undef,src:f32::blocked:abcd::f0 dst:f32::blocked:ABcd16b16a::f0,attr-scratchpad:user,,128x128x3x3,0.0749512
onednn_verbose,v1,primitive,exec,cpu,convolution,jit:avx512_core,forward_training,src:f32:a:blocked:aBcd16b::f0 wei:f32:a:blocked:ABcd16b16a::f0 bia:undef::undef::: dst:f32:a:blocked:aBcd16b::f0,attr-scratchpad:user,alg:convolution_direct,mb1_ic128oc128_ih28oh28kh3sh1dh0ph1_iw28ow28kw3sw1dw0pw1,1.70703
onednn_verbose,v1,primitive,exec,cpu,reorder,jit:blk,undef,src:f32::blocked:aBcd16b::f0 dst:f32::blocked:abcd::f0,attr-scratchpad:user,,1x128x28x28,0.0200195
MKL_VERBOSE SGEMM(N,N,784,512,128,0x7fffa4eb4ce0,0x28065900,784,0x287d3b00,128,0x7fffa4eb4d00,0x282eac00,784) 827.21us CNR:OFF Dyn:0 FastMM:1 TID:0  NThr:1
MKL_VERBOSE SGEMM(N,N,784,128,512,0x7fffa4eb4ce0,0x2963d500,784,0x288165c0,512,0x7fffa4eb4d00,0x27412900,784) 800.73us CNR:OFF Dyn:0 FastMM:1 TID:0  NThr:1
onednn_verbose,v1,primitive,exec,cpu,reorder,jit:blk,undef,src:f32::blocked:abcd::f0 dst:f32::blocked:aBcd16b::f0,attr-scratchpad:user,,1x128x28x28,0.0209961
onednn_verbose,v1,primitive,exec,cpu,reorder,jit:uni,undef,src:f32::blocked:abcd::f0 dst:f32::blocked:ABcd16b16a::f0,attr-scratchpad:user,,128x128x3x3,0.0739746
onednn_verbose,v1,primitive,exec,cpu,convolution,jit:avx512_core,forward_training,src:f32:a:blocked:aBcd16b::f0 wei:f32:a:blocked:ABcd16b16a::f0 bia:undef::undef::: dst:f32:a:blocked:aBcd16b::f0,attr-scratchpad:user,alg:convolution_direct,mb1_ic128oc128_ih28oh28kh3sh1dh0ph1_iw28ow28kw3sw1dw0pw1,1.70898
onednn_verbose,v1,primitive,exec,cpu,reorder,jit:blk,undef,src:f32::blocked:aBcd16b::f0 dst:f32::blocked:abcd::f0,attr-scratchpad:user,,1x128x28x28,0.019043
MKL_VERBOSE SGEMM(N,N,784,512,128,0x7fffa4eb4ce0,0x28065900,784,0x288e8b40,128,0x7fffa4eb4d00,0x28162bc0,784) 832.67us CNR:OFF Dyn:0 FastMM:1 TID:0  NThr:1
MKL_VERBOSE SGEMM(N,N,784,128,512,0x7fffa4eb4ce0,0x282eac00,784,0x2892b600,512,0x7fffa4eb4d00,0x27412900,784) 800.23us CNR:OFF Dyn:0 FastMM:1 TID:0  NThr:1
onednn_verbose,v1,primitive,exec,cpu,reorder,jit:blk,undef,src:f32::blocked:abcd::f0 dst:f32::blocked:aBcd16b::f0,attr-scratchpad:user,,1x128x28x28,0.0209961
onednn_verbose,v1,primitive,exec,cpu,reorder,jit:uni,undef,src:f32::blocked:abcd::f0 dst:f32::blocked:ABcd16b16a::f0,attr-scratchpad:user,,128x128x3x3,0.072998
onednn_verbose,v1,primitive,exec,cpu,convolution,jit:avx512_core,forward_training,src:f32:a:blocked:aBcd16b::f0 wei:f32:a:blocked:ABcd16b16a::f0 bia:undef::undef::: dst:f32:a:blocked:aBcd16b::f0,attr-scratchpad:user,alg:convolution_direct,mb1_ic128oc128_ih28oh28kh3sh1dh0ph1_iw28ow28kw3sw1dw0pw1,1.70703
onednn_verbose,v1,primitive,exec,cpu,reorder,jit:blk,undef,src:f32::blocked:aBcd16b::f0 dst:f32::blocked:abcd::f0,attr-scratchpad:user,,1x128x28x28,0.0209961
MKL_VERBOSE SGEMM(N,N,784,512,128,0x7fffa4eb4ce0,0x28065900,784,0x289fdb80,128,0x7fffa4eb4d00,0x2963d500,784) 833.45us CNR:OFF Dyn:0 FastMM:1 TID:0  NThr:1
MKL_VERBOSE SGEMM(N,N,784,256,512,0x7fffa4eb4ce0,0x275bce00,784,0x28a450c0,512,0x7fffa4eb4d00,0x280038c0,784) 1.73ms CNR:OFF Dyn:0 FastMM:1 TID:0  NThr:1
onednn_verbose,v1,primitive,exec,cpu,reorder,jit:blk,undef,src:f32::blocked:abcd::f0 dst:f32::blocked:aBcd16b::f0,attr-scratchpad:user,,1x256x28x28,0.0461426
onednn_verbose,v1,primitive,exec,cpu,reorder,jit:uni,undef,src:f32::blocked:abcd::f0 dst:f32::blocked:ABcd16b16a::f0,attr-scratchpad:user,,256x256x3x3,0.291016
onednn_verbose,v1,primitive,exec,cpu,convolution,jit:avx512_core,forward_training,src:f32:a:blocked:aBcd16b::f0 wei:f32:a:blocked:ABcd16b16a::f0 bia:undef::undef::: dst:f32:a:blocked:aBcd16b::f0,attr-scratchpad:user,alg:convolution_direct,mb1_ic256oc256_ih28oh14kh3sh2dh0ph1_iw28ow14kw3sw2dw0pw1,1.729
onednn_verbose,v1,primitive,exec,cpu,reorder,jit:blk,undef,src:f32::blocked:aBcd16b::f0 dst:f32::blocked:abcd::f0,attr-scratchpad:user,,1x256x14x14,0.0249023
MKL_VERBOSE SGEMM(N,N,196,1024,256,0x7fffa4eb4ce0,0x27558280,196,0x28ac8600,256,0x7fffa4eb4d00,0x280038c0,196) 951.48us CNR:OFF Dyn:0 FastMM:1 TID:0  NThr:1
onednn_verbose,v1,primitive,exec,cpu,reorder,jit:blk,undef,src:f32::blocked:abcd::f0 dst:f32::blocked:aBcd16b::f0,attr-scratchpad:user,,1x512x28x28,0.151855
onednn_verbose,v1,primitive,exec,cpu,reorder,jit:blk,undef,src:f32::blocked:abcd::f0 dst:f32::blocked:ABcd16b16a::f0,attr-scratchpad:user,,1024x512x1x1,0.2229
onednn_verbose,v1,primitive,exec,cpu,convolution,jit_1x1:avx512_core,forward_training,src:f32:a:blocked:aBcd16b::f0 wei:f32:a:blocked:ABcd16b16a::f0 bia:undef::undef::: dst:f32:a:blocked:aBcd16b::f0,attr-scratchpad:user,alg:convolution_direct,mb1_ic512oc1024_ih28oh14kh1sh2dh0ph0_iw28ow14kw1sw2dw0pw0,1.64795
onednn_verbose,v1,primitive,exec,cpu,reorder,jit:blk,undef,src:f32::blocked:aBcd16b::f0 dst:f32::blocked:abcd::f0,attr-scratchpad:user,,1x1024x14x14,0.0910645
MKL_VERBOSE SGEMM(N,N,196,256,1024,0x7fffa4eb4ce0,0x27744e40,196,0x28bcd0c0,1024,0x7fffa4eb4d00,0x27558280,196) 1.01ms CNR:OFF Dyn:0 FastMM:1 TID:0  NThr:1
onednn_verbose,v1,primitive,exec,cpu,reorder,jit:blk,undef,src:f32::blocked:abcd::f0 dst:f32::blocked:aBcd16b::f0,attr-scratchpad:user,,1x256x14x14,0.0109863
onednn_verbose,v1,primitive,exec,cpu,reorder,jit:uni,undef,src:f32::blocked:abcd::f0 dst:f32::blocked:ABcd16b16a::f0,attr-scratchpad:user,,256x256x3x3,0.290039
onednn_verbose,v1,primitive,exec,cpu,convolution,jit:avx512_core,forward_training,src:f32:a:blocked:aBcd16b::f0 wei:f32:a:blocked:ABcd16b16a::f0 bia:undef::undef::: dst:f32:a:blocked:aBcd16b::f0,attr-scratchpad:user,alg:convolution_direct,mb1_ic256oc256_ih14oh14kh3sh1dh0ph1_iw14ow14kw3sw1dw0pw1,1.62598
onednn_verbose,v1,primitive,exec,cpu,reorder,jit:blk,undef,src:f32::blocked:aBcd16b::f0 dst:f32::blocked:abcd::f0,attr-scratchpad:user,,1x256x14x14,0.0219727
MKL_VERBOSE SGEMM(N,N,196,1024,256,0x7fffa4eb4ce0,0x27558280,196,0x28cd0600,256,0x7fffa4eb4d00,0x280038c0,196) 950.02us CNR:OFF Dyn:0 FastMM:1 TID:0  NThr:1
MKL_VERBOSE SGEMM(N,N,196,256,1024,0x7fffa4eb4ce0,0x27808e80,196,0x28dd50c0,1024,0x7fffa4eb4d00,0x27558280,196) 994.93us CNR:OFF Dyn:0 FastMM:1 TID:0  NThr:1
onednn_verbose,v1,primitive,exec,cpu,reorder,jit:blk,undef,src:f32::blocked:abcd::f0 dst:f32::blocked:aBcd16b::f0,attr-scratchpad:user,,1x256x14x14,0.0109863
onednn_verbose,v1,primitive,exec,cpu,reorder,jit:uni,undef,src:f32::blocked:abcd::f0 dst:f32::blocked:ABcd16b16a::f0,attr-scratchpad:user,,256x256x3x3,0.286133
onednn_verbose,v1,primitive,exec,cpu,convolution,jit:avx512_core,forward_training,src:f32:a:blocked:aBcd16b::f0 wei:f32:a:blocked:ABcd16b16a::f0 bia:undef::undef::: dst:f32:a:blocked:aBcd16b::f0,attr-scratchpad:user,alg:convolution_direct,mb1_ic256oc256_ih14oh14kh3sh1dh0ph1_iw14ow14kw3sw1dw0pw1,1.63403
onednn_verbose,v1,primitive,exec,cpu,reorder,jit:blk,undef,src:f32::blocked:aBcd16b::f0 dst:f32::blocked:abcd::f0,attr-scratchpad:user,,1x256x14x14,0.0219727
MKL_VERBOSE SGEMM(N,N,196,1024,256,0x7fffa4eb4ce0,0x27558280,196,0x28ed8600,256,0x7fffa4eb4d00,0x280038c0,196) 951.98us CNR:OFF Dyn:0 FastMM:1 TID:0  NThr:1
MKL_VERBOSE SGEMM(N,N,196,256,1024,0x7fffa4eb4ce0,0x28162bc0,196,0x28fdd0c0,1024,0x7fffa4eb4d00,0x27558280,196) 1.00ms CNR:OFF Dyn:0 FastMM:1 TID:0  NThr:1
onednn_verbose,v1,primitive,exec,cpu,reorder,jit:blk,undef,src:f32::blocked:abcd::f0 dst:f32::blocked:aBcd16b::f0,attr-scratchpad:user,,1x256x14x14,0.0109863
onednn_verbose,v1,primitive,exec,cpu,reorder,jit:uni,undef,src:f32::blocked:abcd::f0 dst:f32::blocked:ABcd16b16a::f0,attr-scratchpad:user,,256x256x3x3,0.288086
onednn_verbose,v1,primitive,exec,cpu,convolution,jit:avx512_core,forward_training,src:f32:a:blocked:aBcd16b::f0 wei:f32:a:blocked:ABcd16b16a::f0 bia:undef::undef::: dst:f32:a:blocked:aBcd16b::f0,attr-scratchpad:user,alg:convolution_direct,mb1_ic256oc256_ih14oh14kh3sh1dh0ph1_iw14ow14kw3sw1dw0pw1,1.66211
onednn_verbose,v1,primitive,exec,cpu,reorder,jit:blk,undef,src:f32::blocked:aBcd16b::f0 dst:f32::blocked:abcd::f0,attr-scratchpad:user,,1x256x14x14,0.0209961
MKL_VERBOSE SGEMM(N,N,196,1024,256,0x7fffa4eb4ce0,0x27558280,196,0x290e0600,256,0x7fffa4eb4d00,0x280038c0,196) 950.53us CNR:OFF Dyn:0 FastMM:1 TID:0  NThr:1
MKL_VERBOSE SGEMM(N,N,196,256,1024,0x7fffa4eb4ce0,0x27744e40,196,0x291e50c0,1024,0x7fffa4eb4d00,0x27558280,196) 1.01ms CNR:OFF Dyn:0 FastMM:1 TID:0  NThr:1
onednn_verbose,v1,primitive,exec,cpu,reorder,jit:blk,undef,src:f32::blocked:abcd::f0 dst:f32::blocked:aBcd16b::f0,attr-scratchpad:user,,1x256x14x14,0.0129395
onednn_verbose,v1,primitive,exec,cpu,reorder,jit:uni,undef,src:f32::blocked:abcd::f0 dst:f32::blocked:ABcd16b16a::f0,attr-scratchpad:user,,256x256x3x3,0.286133
onednn_verbose,v1,primitive,exec,cpu,convolution,jit:avx512_core,forward_training,src:f32:a:blocked:aBcd16b::f0 wei:f32:a:blocked:ABcd16b16a::f0 bia:undef::undef::: dst:f32:a:blocked:aBcd16b::f0,attr-scratchpad:user,alg:convolution_direct,mb1_ic256oc256_ih14oh14kh3sh1dh0ph1_iw14ow14kw3sw1dw0pw1,1.6311
onednn_verbose,v1,primitive,exec,cpu,reorder,jit:blk,undef,src:f32::blocked:aBcd16b::f0 dst:f32::blocked:abcd::f0,attr-scratchpad:user,,1x256x14x14,0.0229492
MKL_VERBOSE SGEMM(N,N,196,1024,256,0x7fffa4eb4ce0,0x27558280,196,0x292e8600,256,0x7fffa4eb4d00,0x280038c0,196) 1.01ms CNR:OFF Dyn:0 FastMM:1 TID:0  NThr:1
MKL_VERBOSE SGEMM(N,N,196,256,1024,0x7fffa4eb4ce0,0x27808e80,196,0x293ed0c0,1024,0x7fffa4eb4d00,0x27558280,196) 1.03ms CNR:OFF Dyn:0 FastMM:1 TID:0  NThr:1
onednn_verbose,v1,primitive,exec,cpu,reorder,jit:blk,undef,src:f32::blocked:abcd::f0 dst:f32::blocked:aBcd16b::f0,attr-scratchpad:user,,1x256x14x14,0.0129395
onednn_verbose,v1,primitive,exec,cpu,reorder,jit:uni,undef,src:f32::blocked:abcd::f0 dst:f32::blocked:ABcd16b16a::f0,attr-scratchpad:user,,256x256x3x3,0.318848
onednn_verbose,v1,primitive,exec,cpu,convolution,jit:avx512_core,forward_training,src:f32:a:blocked:aBcd16b::f0 wei:f32:a:blocked:ABcd16b16a::f0 bia:undef::undef::: dst:f32:a:blocked:aBcd16b::f0,attr-scratchpad:user,alg:convolution_direct,mb1_ic256oc256_ih14oh14kh3sh1dh0ph1_iw14ow14kw3sw1dw0pw1,1.71411
onednn_verbose,v1,primitive,exec,cpu,reorder,jit:blk,undef,src:f32::blocked:aBcd16b::f0 dst:f32::blocked:abcd::f0,attr-scratchpad:user,,1x256x14x14,0.0239258
MKL_VERBOSE SGEMM(N,N,196,1024,256,0x7fffa4eb4ce0,0x27558280,196,0x294f0600,256,0x7fffa4eb4d00,0x280038c0,196) 953.69us CNR:OFF Dyn:0 FastMM:1 TID:0  NThr:1
MKL_VERBOSE SGEMM(N,N,196,512,1024,0x7fffa4eb4ce0,0x28162bc0,196,0x7df84d464040,1024,0x7fffa4eb4d00,0x27412900,196) 1.96ms CNR:OFF Dyn:0 FastMM:1 TID:0  NThr:1
onednn_verbose,v1,primitive,exec,cpu,reorder,jit:blk,undef,src:f32::blocked:abcd::f0 dst:f32::blocked:aBcd16b::f0,attr-scratchpad:user,,1x512x14x14,0.0209961
onednn_verbose,v1,primitive,exec,cpu,reorder,jit:uni,undef,src:f32::blocked:abcd::f0 dst:f32::blocked:ABcd16b16a::f0,attr-scratchpad:user,,512x512x3x3,1.18701
onednn_verbose,v1,primitive,exec,cpu,convolution,jit:avx512_core,forward_training,src:f32:a:blocked:aBcd16b::f0 wei:f32:a:blocked:ABcd16b16a::f0 bia:undef::undef::: dst:f32:a:blocked:aBcd16b::f0,attr-scratchpad:user,alg:convolution_direct,mb1_ic512oc512_ih14oh7kh3sh2dh0ph1_iw14ow7kw3sw2dw0pw1,2.51904
onednn_verbose,v1,primitive,exec,cpu,reorder,jit:blk,undef,src:f32::blocked:aBcd16b::f0 dst:f32::blocked:abcd::f0,attr-scratchpad:user,,1x512x7x7,0.013916
MKL_VERBOSE SGEMM(N,N,49,2048,512,0x7fffa4eb4ce0,0x27570ac0,49,0x7df84c762040,512,0x7fffa4eb4d00,0x27412900,49) 1.29ms CNR:OFF Dyn:0 FastMM:1 TID:0  NThr:1
onednn_verbose,v1,primitive,exec,cpu,reorder,jit:blk,undef,src:f32::blocked:abcd::f0 dst:f32::blocked:aBcd16b::f0,attr-scratchpad:user,,1x1024x14x14,0.0771484
onednn_verbose,v1,primitive,exec,cpu,reorder,jit:blk,undef,src:f32::blocked:abcd::f0 dst:f32::blocked:ABcd16b16a::f0,attr-scratchpad:user,,2048x1024x1x1,0.999023
onednn_verbose,v1,primitive,exec,cpu,convolution,jit_1x1:avx512_core,forward_training,src:f32:a:blocked:aBcd16b::f0 wei:f32:a:blocked:ABcd16b16a::f0 bia:undef::undef::: dst:f32:a:blocked:aBcd16b::f0,attr-scratchpad:user,alg:convolution_direct,mb1_ic1024oc2048_ih14oh7kh1sh2dh0ph0_iw14ow7kw1sw2dw0pw0,1.93994
onednn_verbose,v1,primitive,exec,cpu,reorder,jit:blk,undef,src:f32::blocked:aBcd16b::f0 dst:f32::blocked:abcd::f0,attr-scratchpad:user,,1x2048x7x7,0.0439453
MKL_VERBOSE SGEMM(N,N,49,512,2048,0x7fffa4eb4ce0,0x280038c0,49,0x7df84c361040,2048,0x7fffa4eb4d00,0x27477440,49) 1.23ms CNR:OFF Dyn:0 FastMM:1 TID:0  NThr:1
onednn_verbose,v1,primitive,exec,cpu,reorder,jit:blk,undef,src:f32::blocked:abcd::f0 dst:f32::blocked:aBcd16b::f0,attr-scratchpad:user,,1x512x7x7,0.0078125
onednn_verbose,v1,primitive,exec,cpu,reorder,jit:uni,undef,src:f32::blocked:abcd::f0 dst:f32::blocked:ABcd16b16a::f0,attr-scratchpad:user,,512x512x3x3,1.146
onednn_verbose,v1,primitive,exec,cpu,convolution,jit:avx512_core,forward_training,src:f32:a:blocked:aBcd16b::f0 wei:f32:a:blocked:ABcd16b16a::f0 bia:undef::undef::: dst:f32:a:blocked:aBcd16b::f0,attr-scratchpad:user,alg:convolution_direct,mb1_ic512oc512_ih7oh7kh3sh1dh0ph1_iw7ow7kw3sw1dw0pw1,2.17407
onednn_verbose,v1,primitive,exec,cpu,reorder,jit:blk,undef,src:f32::blocked:aBcd16b::f0 dst:f32::blocked:abcd::f0,attr-scratchpad:user,,1x512x7x7,0.0100098
MKL_VERBOSE SGEMM(N,N,49,2048,512,0x7fffa4eb4ce0,0x27477440,49,0x7df84b65f040,512,0x7fffa4eb4d00,0x27412900,49) 1.28ms CNR:OFF Dyn:0 FastMM:1 TID:0  NThr:1
MKL_VERBOSE SGEMM(N,N,49,512,2048,0x7fffa4eb4ce0,0x28065900,49,0x7df84b15e040,2048,0x7fffa4eb4d00,0x27477440,49) 1.23ms CNR:OFF Dyn:0 FastMM:1 TID:0  NThr:1
onednn_verbose,v1,primitive,exec,cpu,reorder,jit:blk,undef,src:f32::blocked:abcd::f0 dst:f32::blocked:aBcd16b::f0,attr-scratchpad:user,,1x512x7x7,0.0078125
onednn_verbose,v1,primitive,exec,cpu,reorder,jit:uni,undef,src:f32::blocked:abcd::f0 dst:f32::blocked:ABcd16b16a::f0,attr-scratchpad:user,,512x512x3x3,1.13794
onednn_verbose,v1,primitive,exec,cpu,convolution,jit:avx512_core,forward_training,src:f32:a:blocked:aBcd16b::f0 wei:f32:a:blocked:ABcd16b16a::f0 bia:undef::undef::: dst:f32:a:blocked:aBcd16b::f0,attr-scratchpad:user,alg:convolution_direct,mb1_ic512oc512_ih7oh7kh3sh1dh0ph1_iw7ow7kw3sw1dw0pw1,2.15088
onednn_verbose,v1,primitive,exec,cpu,reorder,jit:blk,undef,src:f32::blocked:aBcd16b::f0 dst:f32::blocked:abcd::f0,attr-scratchpad:user,,1x512x7x7,0.0100098
MKL_VERBOSE SGEMM(N,N,49,2048,512,0x7fffa4eb4ce0,0x27477440,49,0x7df84a45c040,512,0x7fffa4eb4d00,0x27412900,49) 1.29ms CNR:OFF Dyn:0 FastMM:1 TID:0  NThr:1
MKL_VERBOSE SGEMM(T,N,1000,1,2048,0x7fffa4eb6f20,0x7df849c8b040,2048,0x28151dc0,2048,0x7fffa4eb6f40,0x28157180,1000) 475.24us CNR:OFF Dyn:0 FastMM:1 TID:0  NThr:1
@@INFERENCE_BEGIN
@@LEAF_BEGIN conv1
onednn_verbose,v1,primitive,exec,cpu,reorder,jit:uni,undef,src:f32::blocked:abcd::f0 dst:f32::blocked:Acdb16a::f0,attr-scratchpad:user,,64x3x7x7,0.0090332
onednn_verbose,v1,primitive,exec,cpu,convolution,jit:avx512_core,forward_training,src:f32:a:blocked:abcd::f0 wei:f32:a:blocked:Acdb16a::f0 bia:undef::undef::: dst:f32:a:blocked:aBcd16b::f0,attr-scratchpad:user,alg:convolution_direct,mb1_ic3oc64_ih224oh112kh7sh2dh0ph3_iw224ow112kw7sw2dw0pw3,1.76685
onednn_verbose,v1,primitive,exec,cpu,reorder,jit:blk,undef,src:f32::blocked:aBcd16b::f0 dst:f32::blocked:abcd::f0,attr-scratchpad:user,,1x64x112x112,0.332031
@@LEAF_END conv1
@@LEAF_BEGIN bn1
@@LEAF_END bn1
@@LEAF_BEGIN relu
@@LEAF_END relu
@@LEAF_BEGIN maxpool
@@LEAF_END maxpool
@@LEAF_BEGIN layer1.0.conv1
MKL_VERBOSE SGEMM(N,N,3136,64,64,0x7fffa4eb4ce0,0x27f3f880,3136,0x284bf1c0,64,0x7fffa4eb4d00,0x280038c0,3136) 238.00us CNR:OFF Dyn:0 FastMM:1 TID:0  NThr:1
@@LEAF_END layer1.0.conv1
@@LEAF_BEGIN layer1.0.bn1
@@LEAF_END layer1.0.bn1
@@LEAF_BEGIN layer1.0.relu1
@@LEAF_END layer1.0.relu1
@@LEAF_BEGIN layer1.0.conv2
onednn_verbose,v1,primitive,exec,cpu,reorder,jit:blk,undef,src:f32::blocked:abcd::f0 dst:f32::blocked:aBcd16b::f0,attr-scratchpad:user,,1x64x56x56,0.0510254
onednn_verbose,v1,primitive,exec,cpu,reorder,jit:uni,undef,src:f32::blocked:abcd::f0 dst:f32::blocked:ABcd16b16a::f0,attr-scratchpad:user,,64x64x3x3,0.0219727
onednn_verbose,v1,primitive,exec,cpu,convolution,jit:avx512_core,forward_training,src:f32:a:blocked:aBcd16b::f0 wei:f32:a:blocked:ABcd16b16a::f0 bia:undef::undef::: dst:f32:a:blocked:aBcd16b::f0,attr-scratchpad:user,alg:convolution_direct,mb1_ic64oc64_ih56oh56kh3sh1dh0ph1_iw56ow56kw3sw1dw0pw1,1.74097
onednn_verbose,v1,primitive,exec,cpu,reorder,jit:blk,undef,src:f32::blocked:aBcd16b::f0 dst:f32::blocked:abcd::f0,attr-scratchpad:user,,1x64x56x56,0.0488281
@@LEAF_END layer1.0.conv2
@@LEAF_BEGIN layer1.0.bn2
@@LEAF_END layer1.0.bn2
@@LEAF_BEGIN layer1.0.relu2
@@LEAF_END layer1.0.relu2
@@LEAF_BEGIN layer1.0.conv3
MKL_VERBOSE SGEMM(N,N,3136,256,64,0x7fffa4eb4ce0,0x28226c00,3136,0x284e8f40,64,0x7fffa4eb4d00,0x275bce00,3136) 837.75us CNR:OFF Dyn:0 FastMM:1 TID:0  NThr:1
@@LEAF_END layer1.0.conv3
@@LEAF_BEGIN layer1.0.bn3
@@LEAF_END layer1.0.bn3
@@LEAF_BEGIN layer1.0.downsample.0
MKL_VERBOSE SGEMM(N,N,3136,256,64,0x7fffa4eb45b0,0x27f3f880,3136,0x284ad700,64,0x7fffa4eb45d0,0x28162bc0,3136) 847.31us CNR:OFF Dyn:0 FastMM:1 TID:0  NThr:1
@@LEAF_END layer1.0.downsample.0
@@LEAF_BEGIN layer1.0.downsample.1
@@LEAF_END layer1.0.downsample.1
@@LEAF_BEGIN layer1.0.add
@@LEAF_END layer1.0.add
@@LEAF_BEGIN layer1.0.relu3
@@LEAF_END layer1.0.relu3
@@LEAF_BEGIN layer1.1.conv1
MKL_VERBOSE SGEMM(N,N,3136,64,256,0x7fffa4eb4ce0,0x2963d500,3136,0x284faa00,256,0x7fffa4eb4d00,0x280038c0,3136) 788.41us CNR:OFF Dyn:0 FastMM:1 TID:0  NThr:1
@@LEAF_END layer1.1.conv1
@@LEAF_BEGIN layer1.1.bn1
@@LEAF_END layer1.1.bn1
@@LEAF_BEGIN layer1.1.relu1
@@LEAF_END layer1.1.relu1
@@LEAF_BEGIN layer1.1.conv2
onednn_verbose,v1,primitive,exec,cpu,reorder,jit:blk,undef,src:f32::blocked:abcd::f0 dst:f32::blocked:aBcd16b::f0,attr-scratchpad:user,,1x64x56x56,0.0549316
onednn_verbose,v1,primitive,exec,cpu,reorder,jit:uni,undef,src:f32::blocked:abcd::f0 dst:f32::blocked:ABcd16b16a::f0,attr-scratchpad:user,,64x64x3x3,0.0219727
onednn_verbose,v1,primitive,exec,cpu,convolution,jit:avx512_core,forward_training,src:f32:a:blocked:aBcd16b::f0 wei:f32:a:blocked:ABcd16b16a::f0 bia:undef::undef::: dst:f32:a:blocked:aBcd16b::f0,attr-scratchpad:user,alg:convolution_direct,mb1_ic64oc64_ih56oh56kh3sh1dh0ph1_iw56ow56kw3sw1dw0pw1,1.73608
onednn_verbose,v1,primitive,exec,cpu,reorder,jit:blk,undef,src:f32::blocked:aBcd16b::f0 dst:f32::blocked:abcd::f0,attr-scratchpad:user,,1x64x56x56,0.0490723
@@LEAF_END layer1.1.conv2
@@LEAF_BEGIN layer1.1.bn2
@@LEAF_END layer1.1.bn2
@@LEAF_BEGIN layer1.1.relu2
@@LEAF_END layer1.1.relu2
@@LEAF_BEGIN layer1.1.conv3
MKL_VERBOSE SGEMM(N,N,3136,256,64,0x7fffa4eb4ce0,0x28226c00,3136,0x28530780,64,0x7fffa4eb4d00,0x275bce00,3136) 828.27us CNR:OFF Dyn:0 FastMM:1 TID:0  NThr:1
@@LEAF_END layer1.1.conv3
@@LEAF_BEGIN layer1.1.bn3
@@LEAF_END layer1.1.bn3
@@LEAF_BEGIN layer1.1.add
@@LEAF_END layer1.1.add
@@LEAF_BEGIN layer1.1.relu3
@@LEAF_END layer1.1.relu3
@@LEAF_BEGIN layer1.2.conv1
MKL_VERBOSE SGEMM(N,N,3136,64,256,0x7fffa4eb4ce0,0x2994d540,3136,0x28542240,256,0x7fffa4eb4d00,0x280038c0,3136) 790.21us CNR:OFF Dyn:0 FastMM:1 TID:0  NThr:1
@@LEAF_END layer1.2.conv1
@@LEAF_BEGIN layer1.2.bn1
@@LEAF_END layer1.2.bn1
@@LEAF_BEGIN layer1.2.relu1
@@LEAF_END layer1.2.relu1
@@LEAF_BEGIN layer1.2.conv2
onednn_verbose,v1,primitive,exec,cpu,reorder,jit:blk,undef,src:f32::blocked:abcd::f0 dst:f32::blocked:aBcd16b::f0,attr-scratchpad:user,,1x64x56x56,0.0510254
onednn_verbose,v1,primitive,exec,cpu,reorder,jit:uni,undef,src:f32::blocked:abcd::f0 dst:f32::blocked:ABcd16b16a::f0,attr-scratchpad:user,,64x64x3x3,0.0209961
onednn_verbose,v1,primitive,exec,cpu,convolution,jit:avx512_core,forward_training,src:f32:a:blocked:aBcd16b::f0 wei:f32:a:blocked:ABcd16b16a::f0 bia:undef::undef::: dst:f32:a:blocked:aBcd16b::f0,attr-scratchpad:user,alg:convolution_direct,mb1_ic64oc64_ih56oh56kh3sh1dh0ph1_iw56ow56kw3sw1dw0pw1,1.73706
onednn_verbose,v1,primitive,exec,cpu,reorder,jit:blk,undef,src:f32::blocked:aBcd16b::f0 dst:f32::blocked:abcd::f0,attr-scratchpad:user,,1x64x56x56,0.0671387
@@LEAF_END layer1.2.conv2
@@LEAF_BEGIN layer1.2.bn2
@@LEAF_END layer1.2.bn2
@@LEAF_BEGIN layer1.2.relu2
@@LEAF_END layer1.2.relu2
@@LEAF_BEGIN layer1.2.conv3
MKL_VERBOSE SGEMM(N,N,3136,256,64,0x7fffa4eb4ce0,0x280038c0,3136,0x28577fc0,64,0x7fffa4eb4d00,0x28162bc0,3136) 830.34us CNR:OFF Dyn:0 FastMM:1 TID:0  NThr:1
@@LEAF_END layer1.2.conv3
@@LEAF_BEGIN layer1.2.bn3
@@LEAF_END layer1.2.bn3
@@LEAF_BEGIN layer1.2.add
@@LEAF_END layer1.2.add
@@LEAF_BEGIN layer1.2.relu3
@@LEAF_END layer1.2.relu3
@@LEAF_BEGIN layer2.0.conv1
MKL_VERBOSE SGEMM(N,N,3136,128,256,0x7fffa4eb4ce0,0x275bce00,3136,0x2860c540,256,0x7fffa4eb4d00,0x28162bc0,3136) 1.57ms CNR:OFF Dyn:0 FastMM:1 TID:0  NThr:1
@@LEAF_END layer2.0.conv1
@@LEAF_BEGIN layer2.0.bn1
@@LEAF_END layer2.0.bn1
@@LEAF_BEGIN layer2.0.relu1
@@LEAF_END layer2.0.relu1
@@LEAF_BEGIN layer2.0.conv2
onednn_verbose,v1,primitive,exec,cpu,reorder,jit:blk,undef,src:f32::blocked:abcd::f0 dst:f32::blocked:aBcd16b::f0,attr-scratchpad:user,,1x128x56x56,0.140869
onednn_verbose,v1,primitive,exec,cpu,reorder,jit:uni,undef,src:f32::blocked:abcd::f0 dst:f32::blocked:ABcd16b16a::f0,attr-scratchpad:user,,128x128x3x3,0.079834
onednn_verbose,v1,primitive,exec,cpu,convolution,jit:avx512_core,forward_training,src:f32:a:blocked:aBcd16b::f0 wei:f32:a:blocked:ABcd16b16a::f0 bia:undef::undef::: dst:f32:a:blocked:aBcd16b::f0,attr-scratchpad:user,alg:convolution_direct,mb1_ic128oc128_ih56oh28kh3sh2dh0ph1_iw56ow28kw3sw2dw0pw1,1.80298
onednn_verbose,v1,primitive,exec,cpu,reorder,jit:blk,undef,src:f32::blocked:aBcd16b::f0 dst:f32::blocked:abcd::f0,attr-scratchpad:user,,1x128x28x28,0.0361328
@@LEAF_END layer2.0.conv2
@@LEAF_BEGIN layer2.0.bn2
@@LEAF_END layer2.0.bn2
@@LEAF_BEGIN layer2.0.relu2
@@LEAF_END layer2.0.relu2
@@LEAF_BEGIN layer2.0.conv3
MKL_VERBOSE SGEMM(N,N,784,512,128,0x7fffa4eb4ce0,0x27412900,784,0x286beac0,128,0x7fffa4eb4d00,0x28162bc0,784) 831.61us CNR:OFF Dyn:0 FastMM:1 TID:0  NThr:1
@@LEAF_END layer2.0.conv3
@@LEAF_BEGIN layer2.0.bn3
@@LEAF_END layer2.0.bn3
@@LEAF_BEGIN layer2.0.downsample.0
onednn_verbose,v1,primitive,exec,cpu,reorder,jit:blk,undef,src:f32::blocked:abcd::f0 dst:f32::blocked:aBcd16b::f0,attr-scratchpad:user,,1x256x56x56,0.301025
onednn_verbose,v1,primitive,exec,cpu,reorder,jit:blk,undef,src:f32::blocked:abcd::f0 dst:f32::blocked:ABcd16b16a::f0,attr-scratchpad:user,,512x256x1x1,0.0598145
onednn_verbose,v1,primitive,exec,cpu,convolution,jit_1x1:avx512_core,forward_training,src:f32:a:blocked:aBcd16b::f0 wei:f32:a:blocked:ABcd16b16a::f0 bia:undef::undef::: dst:f32:a:blocked:aBcd16b::f0,attr-scratchpad:user,alg:convolution_direct,mb1_ic256oc512_ih56oh28kh1sh2dh0ph0_iw56ow28kw1sw2dw0pw0,1.68408
onednn_verbose,v1,primitive,exec,cpu,reorder,jit:blk,undef,src:f32::blocked:aBcd16b::f0 dst:f32::blocked:abcd::f0,attr-scratchpad:user,,1x512x28x28,0.148926
@@LEAF_END layer2.0.downsample.0
@@LEAF_BEGIN layer2.0.downsample.1
@@LEAF_END layer2.0.downsample.1
@@LEAF_BEGIN layer2.0.add
@@LEAF_END layer2.0.add
@@LEAF_BEGIN layer2.0.relu3
@@LEAF_END layer2.0.relu3
@@LEAF_BEGIN layer2.1.conv1
MKL_VERBOSE SGEMM(N,N,784,128,512,0x7fffa4eb4ce0,0x282eac00,784,0x28701580,512,0x7fffa4eb4d00,0x27412900,784) 805.72us CNR:OFF Dyn:0 FastMM:1 TID:0  NThr:1
@@LEAF_END layer2.1.conv1
@@LEAF_BEGIN layer2.1.bn1
@@LEAF_END layer2.1.bn1
@@LEAF_BEGIN layer2.1.relu1
@@LEAF_END layer2.1.relu1
@@LEAF_BEGIN layer2.1.conv2
onednn_verbose,v1,primitive,exec,cpu,reorder,jit:blk,undef,src:f32::blocked:abcd::f0 dst:f32::blocked:aBcd16b::f0,attr-scratchpad:user,,1x128x28x28,0.0222168
onednn_verbose,v1,primitive,exec,cpu,reorder,jit:uni,undef,src:f32::blocked:abcd::f0 dst:f32::blocked:ABcd16b16a::f0,attr-scratchpad:user,,128x128x3x3,0.0749512
onednn_verbose,v1,primitive,exec,cpu,convolution,jit:avx512_core,forward_training,src:f32:a:blocked:aBcd16b::f0 wei:f32:a:blocked:ABcd16b16a::f0 bia:undef::undef::: dst:f32:a:blocked:aBcd16b::f0,attr-scratchpad:user,alg:convolution_direct,mb1_ic128oc128_ih28oh28kh3sh1dh0ph1_iw28ow28kw3sw1dw0pw1,1.70801
onednn_verbose,v1,primitive,exec,cpu,reorder,jit:blk,undef,src:f32::blocked:aBcd16b::f0 dst:f32::blocked:abcd::f0,attr-scratchpad:user,,1x128x28x28,0.0200195
@@LEAF_END layer2.1.conv2
@@LEAF_BEGIN layer2.1.bn2
@@LEAF_END layer2.1.bn2
@@LEAF_BEGIN layer2.1.relu2
@@LEAF_END layer2.1.relu2
@@LEAF_BEGIN layer2.1.conv3
MKL_VERBOSE SGEMM(N,N,784,512,128,0x7fffa4eb4ce0,0x280038c0,784,0x287d3b00,128,0x7fffa4eb4d00,0x2963d500,784) 828.64us CNR:OFF Dyn:0 FastMM:1 TID:0  NThr:1
@@LEAF_END layer2.1.conv3
@@LEAF_BEGIN layer2.1.bn3
@@LEAF_END layer2.1.bn3
@@LEAF_BEGIN layer2.1.add
@@LEAF_END layer2.1.add
@@LEAF_BEGIN layer2.1.relu3
@@LEAF_END layer2.1.relu3
@@LEAF_BEGIN layer2.2.conv1
MKL_VERBOSE SGEMM(N,N,784,128,512,0x7fffa4eb4ce0,0x297c5540,784,0x288165c0,512,0x7fffa4eb4d00,0x27412900,784) 802.61us CNR:OFF Dyn:0 FastMM:1 TID:0  NThr:1
@@LEAF_END layer2.2.conv1
@@LEAF_BEGIN layer2.2.bn1
@@LEAF_END layer2.2.bn1
@@LEAF_BEGIN layer2.2.relu1
@@LEAF_END layer2.2.relu1
@@LEAF_BEGIN layer2.2.conv2
onednn_verbose,v1,primitive,exec,cpu,reorder,jit:blk,undef,src:f32::blocked:abcd::f0 dst:f32::blocked:aBcd16b::f0,attr-scratchpad:user,,1x128x28x28,0.0209961
onednn_verbose,v1,primitive,exec,cpu,reorder,jit:uni,undef,src:f32::blocked:abcd::f0 dst:f32::blocked:ABcd16b16a::f0,attr-scratchpad:user,,128x128x3x3,0.0771484
onednn_verbose,v1,primitive,exec,cpu,convolution,jit:avx512_core,forward_training,src:f32:a:blocked:aBcd16b::f0 wei:f32:a:blocked:ABcd16b16a::f0 bia:undef::undef::: dst:f32:a:blocked:aBcd16b::f0,attr-scratchpad:user,alg:convolution_direct,mb1_ic128oc128_ih28oh28kh3sh1dh0ph1_iw28ow28kw3sw1dw0pw1,1.70386
onednn_verbose,v1,primitive,exec,cpu,reorder,jit:blk,undef,src:f32::blocked:aBcd16b::f0 dst:f32::blocked:abcd::f0,attr-scratchpad:user,,1x128x28x28,0.0197754
@@LEAF_END layer2.2.conv2
@@LEAF_BEGIN layer2.2.bn2
@@LEAF_END layer2.2.bn2
@@LEAF_BEGIN layer2.2.relu2
@@LEAF_END layer2.2.relu2
@@LEAF_BEGIN layer2.2.conv3
MKL_VERBOSE SGEMM(N,N,784,512,128,0x7fffa4eb4ce0,0x280038c0,784,0x288e8b40,128,0x7fffa4eb4d00,0x28162bc0,784) 848.76us CNR:OFF Dyn:0 FastMM:1 TID:0  NThr:1
@@LEAF_END layer2.2.conv3
@@LEAF_BEGIN layer2.2.bn3
@@LEAF_END layer2.2.bn3
@@LEAF_BEGIN layer2.2.add
@@LEAF_END layer2.2.add
@@LEAF_BEGIN layer2.2.relu3
@@LEAF_END layer2.2.relu3
@@LEAF_BEGIN layer2.3.conv1
MKL_VERBOSE SGEMM(N,N,784,128,512,0x7fffa4eb4ce0,0x282eac00,784,0x2892b600,512,0x7fffa4eb4d00,0x27412900,784) 800.29us CNR:OFF Dyn:0 FastMM:1 TID:0  NThr:1
@@LEAF_END layer2.3.conv1
@@LEAF_BEGIN layer2.3.bn1
@@LEAF_END layer2.3.bn1
@@LEAF_BEGIN layer2.3.relu1
@@LEAF_END layer2.3.relu1
@@LEAF_BEGIN layer2.3.conv2
onednn_verbose,v1,primitive,exec,cpu,reorder,jit:blk,undef,src:f32::blocked:abcd::f0 dst:f32::blocked:aBcd16b::f0,attr-scratchpad:user,,1x128x28x28,0.0209961
onednn_verbose,v1,primitive,exec,cpu,reorder,jit:uni,undef,src:f32::blocked:abcd::f0 dst:f32::blocked:ABcd16b16a::f0,attr-scratchpad:user,,128x128x3x3,0.0742188
onednn_verbose,v1,primitive,exec,cpu,convolution,jit:avx512_core,forward_training,src:f32:a:blocked:aBcd16b::f0 wei:f32:a:blocked:ABcd16b16a::f0 bia:undef::undef::: dst:f32:a:blocked:aBcd16b::f0,attr-scratchpad:user,alg:convolution_direct,mb1_ic128oc128_ih28oh28kh3sh1dh0ph1_iw28ow28kw3sw1dw0pw1,1.70312
onednn_verbose,v1,primitive,exec,cpu,reorder,jit:blk,undef,src:f32::blocked:aBcd16b::f0 dst:f32::blocked:abcd::f0,attr-scratchpad:user,,1x128x28x28,0.0200195
@@LEAF_END layer2.3.conv2
@@LEAF_BEGIN layer2.3.bn2
@@LEAF_END layer2.3.bn2
@@LEAF_BEGIN layer2.3.relu2
@@LEAF_END layer2.3.relu2
@@LEAF_BEGIN layer2.3.conv3
MKL_VERBOSE SGEMM(N,N,784,512,128,0x7fffa4eb4ce0,0x280038c0,784,0x289fdb80,128,0x7fffa4eb4d00,0x2963d500,784) 829.24us CNR:OFF Dyn:0 FastMM:1 TID:0  NThr:1
@@LEAF_END layer2.3.conv3
@@LEAF_BEGIN layer2.3.bn3
@@LEAF_END layer2.3.bn3
@@LEAF_BEGIN layer2.3.add
@@LEAF_END layer2.3.add
@@LEAF_BEGIN layer2.3.relu3
@@LEAF_END layer2.3.relu3
@@LEAF_BEGIN layer3.0.conv1
MKL_VERBOSE SGEMM(N,N,784,256,512,0x7fffa4eb4ce0,0x297c5540,784,0x28a450c0,512,0x7fffa4eb4d00,0x280038c0,784) 1.70ms CNR:OFF Dyn:0 FastMM:1 TID:0  NThr:1
@@LEAF_END layer3.0.conv1
@@LEAF_BEGIN layer3.0.bn1
@@LEAF_END layer3.0.bn1
@@LEAF_BEGIN layer3.0.relu1
@@LEAF_END layer3.0.relu1
@@LEAF_BEGIN layer3.0.conv2
onednn_verbose,v1,primitive,exec,cpu,reorder,jit:blk,undef,src:f32::blocked:abcd::f0 dst:f32::blocked:aBcd16b::f0,attr-scratchpad:user,,1x256x28x28,0.052002
onednn_verbose,v1,primitive,exec,cpu,reorder,jit:uni,undef,src:f32::blocked:abcd::f0 dst:f32::blocked:ABcd16b16a::f0,attr-scratchpad:user,,256x256x3x3,0.296143
onednn_verbose,v1,primitive,exec,cpu,convolution,jit:avx512_core,forward_training,src:f32:a:blocked:aBcd16b::f0 wei:f32:a:blocked:ABcd16b16a::f0 bia:undef::undef::: dst:f32:a:blocked:aBcd16b::f0,attr-scratchpad:user,alg:convolution_direct,mb1_ic256oc256_ih28oh14kh3sh2dh0ph1_iw28ow14kw3sw2dw0pw1,1.82104
onednn_verbose,v1,primitive,exec,cpu,reorder,jit:blk,undef,src:f32::blocked:aBcd16b::f0 dst:f32::blocked:abcd::f0,attr-scratchpad:user,,1x256x14x14,0.0258789
@@LEAF_END layer3.0.conv2
@@LEAF_BEGIN layer3.0.bn2
@@LEAF_END layer3.0.bn2
@@LEAF_BEGIN layer3.0.relu2
@@LEAF_END layer3.0.relu2
@@LEAF_BEGIN layer3.0.conv3
MKL_VERBOSE SGEMM(N,N,196,1024,256,0x7fffa4eb4ce0,0x27558280,196,0x28ac8600,256,0x7fffa4eb4d00,0x280038c0,196) 961.25us CNR:OFF Dyn:0 FastMM:1 TID:0  NThr:1
@@LEAF_END layer3.0.conv3
@@LEAF_BEGIN layer3.0.bn3
@@LEAF_END layer3.0.bn3
@@LEAF_BEGIN layer3.0.downsample.0
onednn_verbose,v1,primitive,exec,cpu,reorder,jit:blk,undef,src:f32::blocked:abcd::f0 dst:f32::blocked:aBcd16b::f0,attr-scratchpad:user,,1x512x28x28,0.171875
onednn_verbose,v1,primitive,exec,cpu,reorder,jit:blk,undef,src:f32::blocked:abcd::f0 dst:f32::blocked:ABcd16b16a::f0,attr-scratchpad:user,,1024x512x1x1,0.25
onednn_verbose,v1,primitive,exec,cpu,convolution,jit_1x1:avx512_core,forward_training,src:f32:a:blocked:aBcd16b::f0 wei:f32:a:blocked:ABcd16b16a::f0 bia:undef::undef::: dst:f32:a:blocked:aBcd16b::f0,attr-scratchpad:user,alg:convolution_direct,mb1_ic512oc1024_ih28oh14kh1sh2dh0ph0_iw28ow14kw1sw2dw0pw0,1.68799
onednn_verbose,v1,primitive,exec,cpu,reorder,jit:blk,undef,src:f32::blocked:aBcd16b::f0 dst:f32::blocked:abcd::f0,attr-scratchpad:user,,1x1024x14x14,0.0900879
@@LEAF_END layer3.0.downsample.0
@@LEAF_BEGIN layer3.0.downsample.1
@@LEAF_END layer3.0.downsample.1
@@LEAF_BEGIN layer3.0.add
@@LEAF_END layer3.0.add
@@LEAF_BEGIN layer3.0.relu3
@@LEAF_END layer3.0.relu3
@@LEAF_BEGIN layer3.1.conv1
MKL_VERBOSE SGEMM(N,N,196,256,1024,0x7fffa4eb4ce0,0x2963d500,196,0x28bcd0c0,1024,0x7fffa4eb4d00,0x27558280,196) 1.01ms CNR:OFF Dyn:0 FastMM:1 TID:0  NThr:1
@@LEAF_END layer3.1.conv1
@@LEAF_BEGIN layer3.1.bn1
@@LEAF_END layer3.1.bn1
@@LEAF_BEGIN layer3.1.relu1
@@LEAF_END layer3.1.relu1
@@LEAF_BEGIN layer3.1.conv2
onednn_verbose,v1,primitive,exec,cpu,reorder,jit:blk,undef,src:f32::blocked:abcd::f0 dst:f32::blocked:aBcd16b::f0,attr-scratchpad:user,,1x256x14x14,0.0100098
onednn_verbose,v1,primitive,exec,cpu,reorder,jit:uni,undef,src:f32::blocked:abcd::f0 dst:f32::blocked:ABcd16b16a::f0,attr-scratchpad:user,,256x256x3x3,0.292969
onednn_verbose,v1,primitive,exec,cpu,convolution,jit:avx512_core,forward_training,src:f32:a:blocked:aBcd16b::f0 wei:f32:a:blocked:ABcd16b16a::f0 bia:undef::undef::: dst:f32:a:blocked:aBcd16b::f0,attr-scratchpad:user,alg:convolution_direct,mb1_ic256oc256_ih14oh14kh3sh1dh0ph1_iw14ow14kw3sw1dw0pw1,1.65698
onednn_verbose,v1,primitive,exec,cpu,reorder,jit:blk,undef,src:f32::blocked:aBcd16b::f0 dst:f32::blocked:abcd::f0,attr-scratchpad:user,,1x256x14x14,0.0229492
@@LEAF_END layer3.1.conv2
@@LEAF_BEGIN layer3.1.bn2
@@LEAF_END layer3.1.bn2
@@LEAF_BEGIN layer3.1.relu2
@@LEAF_END layer3.1.relu2
@@LEAF_BEGIN layer3.1.conv3
MKL_VERBOSE SGEMM(N,N,196,1024,256,0x7fffa4eb4ce0,0x27558280,196,0x28cd0600,256,0x7fffa4eb4d00,0x280038c0,196) 953.20us CNR:OFF Dyn:0 FastMM:1 TID:0  NThr:1
@@LEAF_END layer3.1.conv3
@@LEAF_BEGIN layer3.1.bn3
@@LEAF_END layer3.1.bn3
@@LEAF_BEGIN layer3.1.add
@@LEAF_END layer3.1.add
@@LEAF_BEGIN layer3.1.relu3
@@LEAF_END layer3.1.relu3
@@LEAF_BEGIN layer3.2.conv1
MKL_VERBOSE SGEMM(N,N,196,256,1024,0x7fffa4eb4ce0,0x28162bc0,196,0x28dd50c0,1024,0x7fffa4eb4d00,0x27558280,196) 990.67us CNR:OFF Dyn:0 FastMM:1 TID:0  NThr:1
@@LEAF_END layer3.2.conv1
@@LEAF_BEGIN layer3.2.bn1
@@LEAF_END layer3.2.bn1
@@LEAF_BEGIN layer3.2.relu1
@@LEAF_END layer3.2.relu1
@@LEAF_BEGIN layer3.2.conv2
onednn_verbose,v1,primitive,exec,cpu,reorder,jit:blk,undef,src:f32::blocked:abcd::f0 dst:f32::blocked:aBcd16b::f0,attr-scratchpad:user,,1x256x14x14,0.0100098
onednn_verbose,v1,primitive,exec,cpu,reorder,jit:uni,undef,src:f32::blocked:abcd::f0 dst:f32::blocked:ABcd16b16a::f0,attr-scratchpad:user,,256x256x3x3,0.291992
onednn_verbose,v1,primitive,exec,cpu,convolution,jit:avx512_core,forward_training,src:f32:a:blocked:aBcd16b::f0 wei:f32:a:blocked:ABcd16b16a::f0 bia:undef::undef::: dst:f32:a:blocked:aBcd16b::f0,attr-scratchpad:user,alg:convolution_direct,mb1_ic256oc256_ih14oh14kh3sh1dh0ph1_iw14ow14kw3sw1dw0pw1,1.69019
onednn_verbose,v1,primitive,exec,cpu,reorder,jit:blk,undef,src:f32::blocked:aBcd16b::f0 dst:f32::blocked:abcd::f0,attr-scratchpad:user,,1x256x14x14,0.0151367
@@LEAF_END layer3.2.conv2
@@LEAF_BEGIN layer3.2.bn2
@@LEAF_END layer3.2.bn2
@@LEAF_BEGIN layer3.2.relu2
@@LEAF_END layer3.2.relu2
@@LEAF_BEGIN layer3.2.conv3
MKL_VERBOSE SGEMM(N,N,196,1024,256,0x7fffa4eb4ce0,0x27412900,196,0x28ed8600,256,0x7fffa4eb4d00,0x280038c0,196) 950.98us CNR:OFF Dyn:0 FastMM:1 TID:0  NThr:1
@@LEAF_END layer3.2.conv3
@@LEAF_BEGIN layer3.2.bn3
@@LEAF_END layer3.2.bn3
@@LEAF_BEGIN layer3.2.add
@@LEAF_END layer3.2.add
@@LEAF_BEGIN layer3.2.relu3
@@LEAF_END layer3.2.relu3
@@LEAF_BEGIN layer3.3.conv1
MKL_VERBOSE SGEMM(N,N,196,256,1024,0x7fffa4eb4ce0,0x2963d500,196,0x28fdd0c0,1024,0x7fffa4eb4d00,0x27558280,196) 1.00ms CNR:OFF Dyn:0 FastMM:1 TID:0  NThr:1
@@LEAF_END layer3.3.conv1
@@LEAF_BEGIN layer3.3.bn1
@@LEAF_END layer3.3.bn1
@@LEAF_BEGIN layer3.3.relu1
@@LEAF_END layer3.3.relu1
@@LEAF_BEGIN layer3.3.conv2
onednn_verbose,v1,primitive,exec,cpu,reorder,jit:blk,undef,src:f32::blocked:abcd::f0 dst:f32::blocked:aBcd16b::f0,attr-scratchpad:user,,1x256x14x14,0.0109863
onednn_verbose,v1,primitive,exec,cpu,reorder,jit:uni,undef,src:f32::blocked:abcd::f0 dst:f32::blocked:ABcd16b16a::f0,attr-scratchpad:user,,256x256x3x3,0.287109
onednn_verbose,v1,primitive,exec,cpu,convolution,jit:avx512_core,forward_training,src:f32:a:blocked:aBcd16b::f0 wei:f32:a:blocked:ABcd16b16a::f0 bia:undef::undef::: dst:f32:a:blocked:aBcd16b::f0,attr-scratchpad:user,alg:convolution_direct,mb1_ic256oc256_ih14oh14kh3sh1dh0ph1_iw14ow14kw3sw1dw0pw1,1.64502
onednn_verbose,v1,primitive,exec,cpu,reorder,jit:blk,undef,src:f32::blocked:aBcd16b::f0 dst:f32::blocked:abcd::f0,attr-scratchpad:user,,1x256x14x14,0.0219727
@@LEAF_END layer3.3.conv2
@@LEAF_BEGIN layer3.3.bn2
@@LEAF_END layer3.3.bn2
@@LEAF_BEGIN layer3.3.relu2
@@LEAF_END layer3.3.relu2
@@LEAF_BEGIN layer3.3.conv3
MKL_VERBOSE SGEMM(N,N,196,1024,256,0x7fffa4eb4ce0,0x27558280,196,0x290e0600,256,0x7fffa4eb4d00,0x280038c0,196) 950.53us CNR:OFF Dyn:0 FastMM:1 TID:0  NThr:1
@@LEAF_END layer3.3.conv3
@@LEAF_BEGIN layer3.3.bn3
@@LEAF_END layer3.3.bn3
@@LEAF_BEGIN layer3.3.add
@@LEAF_END layer3.3.add
@@LEAF_BEGIN layer3.3.relu3
@@LEAF_END layer3.3.relu3
@@LEAF_BEGIN layer3.4.conv1
MKL_VERBOSE SGEMM(N,N,196,256,1024,0x7fffa4eb4ce0,0x28162bc0,196,0x291e50c0,1024,0x7fffa4eb4d00,0x27558280,196) 1.00ms CNR:OFF Dyn:0 FastMM:1 TID:0  NThr:1
@@LEAF_END layer3.4.conv1
@@LEAF_BEGIN layer3.4.bn1
@@LEAF_END layer3.4.bn1
@@LEAF_BEGIN layer3.4.relu1
@@LEAF_END layer3.4.relu1
@@LEAF_BEGIN layer3.4.conv2
onednn_verbose,v1,primitive,exec,cpu,reorder,jit:blk,undef,src:f32::blocked:abcd::f0 dst:f32::blocked:aBcd16b::f0,attr-scratchpad:user,,1x256x14x14,0.0109863
onednn_verbose,v1,primitive,exec,cpu,reorder,jit:uni,undef,src:f32::blocked:abcd::f0 dst:f32::blocked:ABcd16b16a::f0,attr-scratchpad:user,,256x256x3x3,0.291016
onednn_verbose,v1,primitive,exec,cpu,convolution,jit:avx512_core,forward_training,src:f32:a:blocked:aBcd16b::f0 wei:f32:a:blocked:ABcd16b16a::f0 bia:undef::undef::: dst:f32:a:blocked:aBcd16b::f0,attr-scratchpad:user,alg:convolution_direct,mb1_ic256oc256_ih14oh14kh3sh1dh0ph1_iw14ow14kw3sw1dw0pw1,1.68213
onednn_verbose,v1,primitive,exec,cpu,reorder,jit:blk,undef,src:f32::blocked:aBcd16b::f0 dst:f32::blocked:abcd::f0,attr-scratchpad:user,,1x256x14x14,0.0141602
@@LEAF_END layer3.4.conv2
@@LEAF_BEGIN layer3.4.bn2
@@LEAF_END layer3.4.bn2
@@LEAF_BEGIN layer3.4.relu2
@@LEAF_END layer3.4.relu2
@@LEAF_BEGIN layer3.4.conv3
MKL_VERBOSE SGEMM(N,N,196,1024,256,0x7fffa4eb4ce0,0x27412900,196,0x292e8600,256,0x7fffa4eb4d00,0x280038c0,196) 953.31us CNR:OFF Dyn:0 FastMM:1 TID:0  NThr:1
@@LEAF_END layer3.4.conv3
@@LEAF_BEGIN layer3.4.bn3
@@LEAF_END layer3.4.bn3
@@LEAF_BEGIN layer3.4.add
@@LEAF_END layer3.4.add
@@LEAF_BEGIN layer3.4.relu3
@@LEAF_END layer3.4.relu3
@@LEAF_BEGIN layer3.5.conv1
MKL_VERBOSE SGEMM(N,N,196,256,1024,0x7fffa4eb4ce0,0x2963d500,196,0x293ed0c0,1024,0x7fffa4eb4d00,0x27558280,196) 989.74us CNR:OFF Dyn:0 FastMM:1 TID:0  NThr:1
@@LEAF_END layer3.5.conv1
@@LEAF_BEGIN layer3.5.bn1
@@LEAF_END layer3.5.bn1
@@LEAF_BEGIN layer3.5.relu1
@@LEAF_END layer3.5.relu1
@@LEAF_BEGIN layer3.5.conv2
onednn_verbose,v1,primitive,exec,cpu,reorder,jit:blk,undef,src:f32::blocked:abcd::f0 dst:f32::blocked:aBcd16b::f0,attr-scratchpad:user,,1x256x14x14,0.0100098
onednn_verbose,v1,primitive,exec,cpu,reorder,jit:uni,undef,src:f32::blocked:abcd::f0 dst:f32::blocked:ABcd16b16a::f0,attr-scratchpad:user,,256x256x3x3,0.292969
onednn_verbose,v1,primitive,exec,cpu,convolution,jit:avx512_core,forward_training,src:f32:a:blocked:aBcd16b::f0 wei:f32:a:blocked:ABcd16b16a::f0 bia:undef::undef::: dst:f32:a:blocked:aBcd16b::f0,attr-scratchpad:user,alg:convolution_direct,mb1_ic256oc256_ih14oh14kh3sh1dh0ph1_iw14ow14kw3sw1dw0pw1,1.63501
onednn_verbose,v1,primitive,exec,cpu,reorder,jit:blk,undef,src:f32::blocked:aBcd16b::f0 dst:f32::blocked:abcd::f0,attr-scratchpad:user,,1x256x14x14,0.0219727
@@LEAF_END layer3.5.conv2
@@LEAF_BEGIN layer3.5.bn2
@@LEAF_END layer3.5.bn2
@@LEAF_BEGIN layer3.5.relu2
@@LEAF_END layer3.5.relu2
@@LEAF_BEGIN layer3.5.conv3
MKL_VERBOSE SGEMM(N,N,196,1024,256,0x7fffa4eb4ce0,0x27558280,196,0x294f0600,256,0x7fffa4eb4d00,0x280038c0,196) 949.78us CNR:OFF Dyn:0 FastMM:1 TID:0  NThr:1
@@LEAF_END layer3.5.conv3
@@LEAF_BEGIN layer3.5.bn3
@@LEAF_END layer3.5.bn3
@@LEAF_BEGIN layer3.5.add
@@LEAF_END layer3.5.add
@@LEAF_BEGIN layer3.5.relu3
@@LEAF_END layer3.5.relu3
@@LEAF_BEGIN layer4.0.conv1
MKL_VERBOSE SGEMM(N,N,196,512,1024,0x7fffa4eb4ce0,0x28162bc0,196,0x7df84d464040,1024,0x7fffa4eb4d00,0x27412900,196) 1.96ms CNR:OFF Dyn:0 FastMM:1 TID:0  NThr:1
@@LEAF_END layer4.0.conv1
@@LEAF_BEGIN layer4.0.bn1
@@LEAF_END layer4.0.bn1
@@LEAF_BEGIN layer4.0.relu1
@@LEAF_END layer4.0.relu1
@@LEAF_BEGIN layer4.0.conv2
onednn_verbose,v1,primitive,exec,cpu,reorder,jit:blk,undef,src:f32::blocked:abcd::f0 dst:f32::blocked:aBcd16b::f0,attr-scratchpad:user,,1x512x14x14,0.0219727
onednn_verbose,v1,primitive,exec,cpu,reorder,jit:uni,undef,src:f32::blocked:abcd::f0 dst:f32::blocked:ABcd16b16a::f0,attr-scratchpad:user,,512x512x3x3,1.17896
onednn_verbose,v1,primitive,exec,cpu,convolution,jit:avx512_core,forward_training,src:f32:a:blocked:aBcd16b::f0 wei:f32:a:blocked:ABcd16b16a::f0 bia:undef::undef::: dst:f32:a:blocked:aBcd16b::f0,attr-scratchpad:user,alg:convolution_direct,mb1_ic512oc512_ih14oh7kh3sh2dh0ph1_iw14ow7kw3sw2dw0pw1,2.46606
onednn_verbose,v1,primitive,exec,cpu,reorder,jit:blk,undef,src:f32::blocked:aBcd16b::f0 dst:f32::blocked:abcd::f0,attr-scratchpad:user,,1x512x7x7,0.0129395
@@LEAF_END layer4.0.conv2
@@LEAF_BEGIN layer4.0.bn2
@@LEAF_END layer4.0.bn2
@@LEAF_BEGIN layer4.0.relu2
@@LEAF_END layer4.0.relu2
@@LEAF_BEGIN layer4.0.conv3
MKL_VERBOSE SGEMM(N,N,49,2048,512,0x7fffa4eb4ce0,0x27570ac0,49,0x7df84c762040,512,0x7fffa4eb4d00,0x27412900,49) 1.30ms CNR:OFF Dyn:0 FastMM:1 TID:0  NThr:1
@@LEAF_END layer4.0.conv3
@@LEAF_BEGIN layer4.0.bn3
@@LEAF_END layer4.0.bn3
@@LEAF_BEGIN layer4.0.downsample.0
onednn_verbose,v1,primitive,exec,cpu,reorder,jit:blk,undef,src:f32::blocked:abcd::f0 dst:f32::blocked:aBcd16b::f0,attr-scratchpad:user,,1x1024x14x14,0.0739746
onednn_verbose,v1,primitive,exec,cpu,reorder,jit:blk,undef,src:f32::blocked:abcd::f0 dst:f32::blocked:ABcd16b16a::f0,attr-scratchpad:user,,2048x1024x1x1,0.951904
onednn_verbose,v1,primitive,exec,cpu,convolution,jit_1x1:avx512_core,forward_training,src:f32:a:blocked:aBcd16b::f0 wei:f32:a:blocked:ABcd16b16a::f0 bia:undef::undef::: dst:f32:a:blocked:aBcd16b::f0,attr-scratchpad:user,alg:convolution_direct,mb1_ic1024oc2048_ih14oh7kh1sh2dh0ph0_iw14ow7kw1sw2dw0pw0,1.87598
onednn_verbose,v1,primitive,exec,cpu,reorder,jit:blk,undef,src:f32::blocked:aBcd16b::f0 dst:f32::blocked:abcd::f0,attr-scratchpad:user,,1x2048x7x7,0.045166
@@LEAF_END layer4.0.downsample.0
@@LEAF_BEGIN layer4.0.downsample.1
@@LEAF_END layer4.0.downsample.1
@@LEAF_BEGIN layer4.0.add
@@LEAF_END layer4.0.add
@@LEAF_BEGIN layer4.0.relu3
@@LEAF_END layer4.0.relu3
@@LEAF_BEGIN layer4.1.conv1
MKL_VERBOSE SGEMM(N,N,49,512,2048,0x7fffa4eb4ce0,0x280038c0,49,0x7df84c361040,2048,0x7fffa4eb4d00,0x27477440,49) 1.23ms CNR:OFF Dyn:0 FastMM:1 TID:0  NThr:1
@@LEAF_END layer4.1.conv1
@@LEAF_BEGIN layer4.1.bn1
@@LEAF_END layer4.1.bn1
@@LEAF_BEGIN layer4.1.relu1
@@LEAF_END layer4.1.relu1
@@LEAF_BEGIN layer4.1.conv2
onednn_verbose,v1,primitive,exec,cpu,reorder,jit:blk,undef,src:f32::blocked:abcd::f0 dst:f32::blocked:aBcd16b::f0,attr-scratchpad:user,,1x512x7x7,0.0090332
onednn_verbose,v1,primitive,exec,cpu,reorder,jit:uni,undef,src:f32::blocked:abcd::f0 dst:f32::blocked:ABcd16b16a::f0,attr-scratchpad:user,,512x512x3x3,1.13184
onednn_verbose,v1,primitive,exec,cpu,convolution,jit:avx512_core,forward_training,src:f32:a:blocked:aBcd16b::f0 wei:f32:a:blocked:ABcd16b16a::f0 bia:undef::undef::: dst:f32:a:blocked:aBcd16b::f0,attr-scratchpad:user,alg:convolution_direct,mb1_ic512oc512_ih7oh7kh3sh1dh0ph1_iw7ow7kw3sw1dw0pw1,2.12891
onednn_verbose,v1,primitive,exec,cpu,reorder,jit:blk,undef,src:f32::blocked:aBcd16b::f0 dst:f32::blocked:abcd::f0,attr-scratchpad:user,,1x512x7x7,0.0100098
@@LEAF_END layer4.1.conv2
@@LEAF_BEGIN layer4.1.bn2
@@LEAF_END layer4.1.bn2
@@LEAF_BEGIN layer4.1.relu2
@@LEAF_END layer4.1.relu2
@@LEAF_BEGIN layer4.1.conv3
MKL_VERBOSE SGEMM(N,N,49,2048,512,0x7fffa4eb4ce0,0x27477440,49,0x7df84b65f040,512,0x7fffa4eb4d00,0x27412900,49) 1.28ms CNR:OFF Dyn:0 FastMM:1 TID:0  NThr:1
@@LEAF_END layer4.1.conv3
@@LEAF_BEGIN layer4.1.bn3
@@LEAF_END layer4.1.bn3
@@LEAF_BEGIN layer4.1.add
@@LEAF_END layer4.1.add
@@LEAF_BEGIN layer4.1.relu3
@@LEAF_END layer4.1.relu3
@@LEAF_BEGIN layer4.2.conv1
MKL_VERBOSE SGEMM(N,N,49,512,2048,0x7fffa4eb4ce0,0x28065900,49,0x7df84b15e040,2048,0x7fffa4eb4d00,0x27477440,49) 1.22ms CNR:OFF Dyn:0 FastMM:1 TID:0  NThr:1
@@LEAF_END layer4.2.conv1
@@LEAF_BEGIN layer4.2.bn1
@@LEAF_END layer4.2.bn1
@@LEAF_BEGIN layer4.2.relu1
@@LEAF_END layer4.2.relu1
@@LEAF_BEGIN layer4.2.conv2
onednn_verbose,v1,primitive,exec,cpu,reorder,jit:blk,undef,src:f32::blocked:abcd::f0 dst:f32::blocked:aBcd16b::f0,attr-scratchpad:user,,1x512x7x7,0.00805664
onednn_verbose,v1,primitive,exec,cpu,reorder,jit:uni,undef,src:f32::blocked:abcd::f0 dst:f32::blocked:ABcd16b16a::f0,attr-scratchpad:user,,512x512x3x3,1.11694
onednn_verbose,v1,primitive,exec,cpu,convolution,jit:avx512_core,forward_training,src:f32:a:blocked:aBcd16b::f0 wei:f32:a:blocked:ABcd16b16a::f0 bia:undef::undef::: dst:f32:a:blocked:aBcd16b::f0,attr-scratchpad:user,alg:convolution_direct,mb1_ic512oc512_ih7oh7kh3sh1dh0ph1_iw7ow7kw3sw1dw0pw1,2.09692
onednn_verbose,v1,primitive,exec,cpu,reorder,jit:blk,undef,src:f32::blocked:aBcd16b::f0 dst:f32::blocked:abcd::f0,attr-scratchpad:user,,1x512x7x7,0.0100098
@@LEAF_END layer4.2.conv2
@@LEAF_BEGIN layer4.2.bn2
@@LEAF_END layer4.2.bn2
@@LEAF_BEGIN layer4.2.relu2
@@LEAF_END layer4.2.relu2
@@LEAF_BEGIN layer4.2.conv3
MKL_VERBOSE SGEMM(N,N,49,2048,512,0x7fffa4eb4ce0,0x27477440,49,0x7df84a45c040,512,0x7fffa4eb4d00,0x27412900,49) 1.29ms CNR:OFF Dyn:0 FastMM:1 TID:0  NThr:1
@@LEAF_END layer4.2.conv3
@@LEAF_BEGIN layer4.2.bn3
@@LEAF_END layer4.2.bn3
@@LEAF_BEGIN layer4.2.add
@@LEAF_END layer4.2.add
@@LEAF_BEGIN layer4.2.relu3
@@LEAF_END layer4.2.relu3
@@LEAF_BEGIN avgpool
@@LEAF_END avgpool
@@LEAF_BEGIN flatten
@@LEAF_END flatten
@@LEAF_BEGIN fc
MKL_VERBOSE SGEMM(T,N,1000,1,2048,0x7fffa4eb6f20,0x7df849c8b040,2048,0x28151dc0,2048,0x7fffa4eb6f40,0x28157180,1000) 469.45us CNR:OFF Dyn:0 FastMM:1 TID:0  NThr:1
@@LEAF_END fc
@@INFERENCE_END
