BUSY  2026-10-06T15:56:48+00:00 load1=6.20 dram_GBps=3.04 (limits: load<=4 dram<=2)
BUSY  2026-10-06T15:57:50+00:00 load1=10.81 dram_GBps=6.79 (limits: load<=4 dram<=2)
BUSY  2026-10-06T15:58:52+00:00 load1=8.41 dram_GBps=0.19 (limits: load<=4 dram<=2)
QUIET 2026-10-06T15:59:54+00:00 load1=3.09 dram_GBps=0.12 (limits: load<=4 dram<=2)
eager         median   98.63 ms  instr  475.02 M  gc/inf 0.000
eager_gc_off  median   98.57 ms  instr  475.02 M  gc/inf 0.000
jit_trace     median   97.05 ms  instr  469.20 M  gc/inf 0.000
Python layer (eager - jit_trace): 1.58 ms, 5.82 M instructions; GC (eager - gc_off): 0.06 ms
baseline N=1: e2e 99.77 ms  conv1x1=40.87  conv3x3=35.92  maxpool=10.18  batchnorm=4.98  conv7x7=2.18  add=2.03  relu=1.81  other=0.59
baseline N=4: e2e 33.02 ms  conv1x1=15.19  conv3x3=10.31  maxpool=2.38  batchnorm=1.93  relu=0.77  conv7x7=0.60  add=0.49  other=0.22
baseline N=16: e2e 16.50 ms  conv1x1=7.92  conv3x3=3.94  batchnorm=1.40  relu=0.89  maxpool=0.62  add=0.36  conv7x7=0.23  other=0.14
baseline N=26: e2e 16.09 ms  conv1x1=6.89  conv3x3=4.38  batchnorm=1.48  relu=0.93  maxpool=0.49  add=0.41  conv7x7=0.20  other=0.16
fold_bn+channels_last N=1: e2e 86.13 ms  conv1x1=44.37  conv3x3=33.57  add=2.07  conv7x7=1.99  relu=1.88  maxpool=0.65  other=0.58
fold_bn+channels_last N=4: e2e 27.04 ms  conv1x1=14.61  conv3x3=9.36  relu=0.67  conv7x7=0.57  add=0.49  other=0.23  maxpool=0.17
fold_bn+channels_last N=16: e2e 11.19 ms  conv1x1=5.73  conv3x3=3.32  relu=0.58  add=0.28  conv7x7=0.20  other=0.15  maxpool=0.07
fold_bn+channels_last N=26: e2e 10.47 ms  conv1x1=5.13  conv3x3=3.12  relu=0.62  add=0.30  conv7x7=0.17  other=0.16  maxpool=0.06
step,max_other_cpu_pct
python_overhead,5
breakdown_baseline_1,3
breakdown_baseline_4,1
breakdown_baseline_16,6
breakdown_baseline_26,3
breakdown_fold_bn+channels_last_1,4
breakdown_fold_bn+channels_last_4,3
breakdown_fold_bn+channels_last_16,3
breakdown_fold_bn+channels_last_26,2
done: /users/joshliu/cpu-inference/results/2026-10-06_followups
