time,load1,other_users_cpu_pct,dram_GBps
2026-10-06T15:33:57+00:00,2.40,3,0.17
2026-10-06T15:34:07+00:00,2.11,3,0.79
2026-10-06T15:34:17+00:00,2.02,3,3.72
2026-10-06T15:34:27+00:00,1.86,3,0.43
2026-10-06T15:34:37+00:00,1.73,3,3.52
2026-10-06T15:34:47+00:00,1.70,3,2.62
2026-10-06T15:34:57+00:00,1.59,3,2.03
2026-10-06T15:35:07+00:00,1.50,3,2.50
2026-10-06T15:35:17+00:00,1.42,3,3.29
2026-10-06T15:35:27+00:00,1.43,3,3.25
2026-10-06T15:35:37+00:00,1.36,3,2.08
2026-10-06T15:35:47+00:00,1.31,3,2.70
2026-10-06T15:35:57+00:00,1.26,3,2.48
2026-10-06T15:36:08+00:00,1.22,3,0.65
2026-10-06T15:36:18+00:00,1.18,3,0.28
2026-10-06T15:36:28+00:00,1.16,3,2.92
2026-10-06T15:36:38+00:00,1.13,3,0.80
2026-10-06T15:36:48+00:00,1.03,3,0.72
2026-10-06T15:36:58+00:00,5.33,1888,3.69
2026-10-06T15:37:08+00:00,9.05,2343,3.11
2026-10-06T15:37:18+00:00,12.43,2467,3.69
2026-10-06T15:37:28+00:00,16.88,2359,4.34
2026-10-06T15:37:38+00:00,20.02,2274,1.18
2026-10-06T15:37:48+00:00,24.30,4,0.88
2026-10-06T15:37:58+00:00,20.80,2,1.88
2026-10-06T15:38:08+00:00,17.83,2,0.96
2026-10-06T15:38:18+00:00,15.25,2,0.75
2026-10-06T15:38:28+00:00,13.05,2,0.16
2026-10-06T15:38:38+00:00,11.04,2,0.39
2026-10-06T15:38:48+00:00,9.42,2,0.36
2026-10-06T15:38:58+00:00,7.97,2,0.14
2026-10-06T15:39:08+00:00,6.75,2,0.16
2026-10-06T15:39:18+00:00,5.78,3,0.10
2026-10-06T15:39:28+00:00,4.89,2,0.65
2026-10-06T15:39:38+00:00,4.29,2,0.49
2026-10-06T15:39:48+00:00,3.79,2,0.77
2026-10-06T15:39:58+00:00,3.36,2,1.50
2026-10-06T15:40:09+00:00,3.15,2,0.85
2026-10-06T15:40:19+00:00,2.74,4,0.19
2026-10-06T15:40:29+00:00,2.29,2,1.30
2026-10-06T15:40:39+00:00,2.25,2,3.10
2026-10-06T15:40:49+00:00,2.28,2,0.81
2026-10-06T15:40:59+00:00,2.00,2,0.19
2026-10-06T15:41:09+00:00,1.77,2,1.85
2026-10-06T15:41:19+00:00,1.81,2,3.47
2026-10-06T15:41:29+00:00,1.68,2,3.74
2026-10-06T15:41:39+00:00,2.09,2,3.45
2026-10-06T15:41:49+00:00,1.93,2,0.85
2026-10-06T15:41:59+00:00,1.78,2,0.43
2026-10-06T15:42:09+00:00,1.66,2,1.35
2026-10-06T15:42:19+00:00,1.56,2,0.92
2026-10-06T15:42:29+00:00,1.47,2,1.88
2026-10-06T15:42:39+00:00,1.40,2,1.14
2026-10-06T15:42:49+00:00,1.34,2,0.74
2026-10-06T15:42:59+00:00,1.29,2,1.52
2026-10-06T15:43:09+00:00,1.24,4,0.52
2026-10-06T15:43:19+00:00,1.20,2,0.88
2026-10-06T15:43:29+00:00,1.25,2,0.70
2026-10-06T15:43:39+00:00,1.06,2,0.20
2026-10-06T15:43:49+00:00,1.05,2,1.50
2026-10-06T15:43:59+00:00,1.04,2,1.40
2026-10-06T15:44:09+00:00,1.19,2,3.99
2026-10-06T15:44:19+00:00,1.31,2,4.10
2026-10-06T15:44:30+00:00,1.26,2,1.13
2026-10-06T15:44:40+00:00,1.46,2,12.16
2026-10-06T15:44:50+00:00,1.93,2,12.01
2026-10-06T15:45:00+00:00,2.57,2,7.78
2026-10-06T15:45:10+00:00,3.41,2,31.66
2026-10-06T15:45:20+00:00,4.11,2,32.00
2026-10-06T15:45:30+00:00,5.43,2,74.58
2026-10-06T15:45:40+00:00,7.06,2,77.16
2026-10-06T15:45:50+00:00,8.43,2,77.23
2026-10-06T15:46:00+00:00,9.05,2,0.20
2026-10-06T15:46:10+00:00,11.66,2,128.00
2026-10-06T15:46:20+00:00,13.86,2,128.55
2026-10-06T15:46:30+00:00,11.89,2,2.05
2026-10-06T15:46:40+00:00,10.21,2,1.78
2026-10-06T15:46:50+00:00,8.87,2,0.51
2026-10-06T15:47:00+00:00,7.81,2,5.72
2026-10-06T15:47:10+00:00,6.92,2,5.69
2026-10-06T15:47:20+00:00,6.32,2,4.09
2026-10-06T15:47:30+00:00,5.67,2,13.34
2026-10-06T15:47:40+00:00,5.41,2,13.08
2026-10-06T15:47:50+00:00,5.52,2,35.23
2026-10-06T15:48:00+00:00,5.90,2,29.43
2026-10-06T15:48:10+00:00,6.22,2,29.37
2026-10-06T15:48:21+00:00,6.55,2,0.14
2026-10-06T15:48:31+00:00,8.00,2,69.55
2026-10-06T15:48:41+00:00,9.23,2,69.93
2026-10-06T15:48:51+00:00,9.73,2,16.06
2026-10-06T15:49:01+00:00,12.23,5,117.06
2026-10-06T15:49:11+00:00,14.35,2,112.10
2026-10-06T15:49:21+00:00,12.29,2,0.45
2026-10-06T15:49:31+00:00,10.64,2,1.62
2026-10-06T15:49:41+00:00,9.16,2,1.55
2026-10-06T15:49:51+00:00,7.90,2,0.84
2026-10-06T15:50:01+00:00,6.99,2,2.14
2026-10-06T15:50:11+00:00,6.39,2,3.46
2026-10-06T15:50:21+00:00,5.71,2,3.58
2026-10-06T15:50:31+00:00,4.98,2,3.67
2026-10-06T15:50:41+00:00,4.83,2,0.84
2026-10-06T15:50:51+00:00,4.41,2,7.45
2026-10-06T15:51:01+00:00,4.34,2,7.63
2026-10-06T15:51:11+00:00,4.68,2,9.69
2026-10-06T15:51:21+00:00,5.27,2,4.47
2026-10-06T15:51:31+00:00,5.69,2,17.26
2026-10-06T15:51:41+00:00,6.04,2,17.37
2026-10-06T15:51:51+00:00,6.47,2,13.25
2026-10-06T15:52:01+00:00,7.54,2,0.18
2026-10-06T15:52:11+00:00,8.84,2,35.95
2026-10-06T15:52:22+00:00,10.02,2,35.95
2026-10-06T15:52:32+00:00,10.56,2,5.08
2026-10-06T15:52:42+00:00,11.57,2,6.60
2026-10-06T15:52:52+00:00,13.79,2,61.54
2026-10-06T15:53:02+00:00,15.67,2,66.54
2026-10-06T15:53:12+00:00,15.32,2,0.19
2026-10-06T15:53:22+00:00,12.97,2,0.19
2026-10-06T15:53:32+00:00,10.97,2,0.14
2026-10-06T15:53:42+00:00,9.37,2,0.15
2026-10-06T15:53:52+00:00,7.93,2,0.19
2026-10-06T15:54:02+00:00,6.71,2,0.11
2026-10-06T15:54:12+00:00,5.68,2,0.15
2026-10-06T15:54:22+00:00,4.80,2,0.13
2026-10-06T15:54:32+00:00,4.06,2,0.15
2026-10-06T15:54:42+00:00,3.44,2,0.11
2026-10-06T15:54:52+00:00,2.91,3,0.13
2026-10-06T15:55:02+00:00,2.54,2,0.11
2026-10-06T15:55:12+00:00,2.15,2,0.14
2026-10-06T15:55:22+00:00,1.82,2,0.16
2026-10-06T15:55:32+00:00,1.54,2,0.14
2026-10-06T15:55:42+00:00,1.30,2,0.12
2026-10-06T15:55:52+00:00,1.10,2,0.11
2026-10-06T15:56:02+00:00,0.93,2,0.12
2026-10-06T15:56:12+00:00,0.79,2,0.13
2026-10-06T15:56:22+00:00,0.75,10,5.57
2026-10-06T15:56:33+00:00,4.94,21,6.42
2026-10-06T15:56:43+00:00,6.65,31,6.50
2026-10-06T15:56:53+00:00,5.78,44,6.67
2026-10-06T15:57:03+00:00,5.05,54,4.98
2026-10-06T15:57:13+00:00,6.59,65,4.22
2026-10-06T15:57:23+00:00,9.95,79,5.93
2026-10-06T15:57:33+00:00,10.82,92,6.52
2026-10-06T15:57:43+00:00,9.31,102,6.89
2026-10-06T15:57:53+00:00,12.18,111,6.83
2026-10-06T15:58:03+00:00,12.45,121,5.38
2026-10-06T15:58:13+00:00,10.69,131,5.93
2026-10-06T15:58:23+00:00,13.50,140,6.57
2026-10-06T15:58:33+00:00,11.66,150,6.09
2026-10-06T15:58:43+00:00,9.94,154,0.13
2026-10-06T15:58:53+00:00,8.41,153,0.17
2026-10-06T15:59:03+00:00,7.12,152,0.13
2026-10-06T15:59:13+00:00,6.02,150,0.15
2026-10-06T15:59:24+00:00,5.10,149,0.16
2026-10-06T15:59:34+00:00,4.31,148,0.13
2026-10-06T15:59:44+00:00,3.65,147,0.16
2026-10-06T15:59:54+00:00,3.09,145,0.12
2026-10-06T16:00:04+00:00,2.69,144,1.33
2026-10-06T16:00:14+00:00,2.43,147,1.45
2026-10-06T16:00:24+00:00,2.21,142,1.33
2026-10-06T16:00:34+00:00,2.02,141,1.34
2026-10-06T16:00:44+00:00,1.80,139,1.34
2026-10-06T16:00:54+00:00,1.67,138,1.43
2026-10-06T16:01:04+00:00,1.57,137,1.47
2026-10-06T16:01:14+00:00,1.48,136,0.59
2026-10-06T16:01:24+00:00,1.25,135,0.91
2026-10-06T16:01:34+00:00,1.14,134,1.88
2026-10-06T16:01:44+00:00,1.12,133,0.45
2026-10-06T16:01:54+00:00,1.03,132,0.20
2026-10-06T16:02:04+00:00,0.87,131,0.17
2026-10-06T16:02:14+00:00,2.98,130,0.68
2026-10-06T16:02:24+00:00,2.52,129,0.15
2026-10-06T16:02:34+00:00,2.21,128,0.20
2026-10-06T16:02:44+00:00,1.87,127,0.15
2026-10-06T16:02:54+00:00,1.58,126,0.14
2026-10-06T16:03:04+00:00,1.34,125,0.19
