variants: baseline fold_bn+channels_last inductor (from results/2026-10-06_optimizations)
QUIET 2026-10-06T15:40:19+00:00 load1=2.74 dram_GBps=0.29 (limits: load<=4 dram<=2)
== intra-op thread scaling
threads baseline               N= 1 median   98.91 ms  DRAM rd  127.5 MB/inf  ( 1.29 GB/s)
threads baseline               N= 2 median   56.44 ms  DRAM rd  139.3 MB/inf  ( 2.47 GB/s)
threads baseline               N= 4 median   31.95 ms  DRAM rd  127.9 MB/inf  ( 4.00 GB/s)
threads baseline               N= 8 median   20.52 ms  DRAM rd  133.9 MB/inf  ( 6.49 GB/s)
threads baseline               N=16 median   15.63 ms  DRAM rd  116.4 MB/inf  ( 7.40 GB/s)
threads baseline               N=26 median   15.26 ms  DRAM rd  117.8 MB/inf  ( 7.70 GB/s)
threads fold_bn+channels_last  N= 1 median   85.13 ms  DRAM rd  139.7 MB/inf  ( 1.64 GB/s)
threads fold_bn+channels_last  N= 2 median   47.28 ms  DRAM rd  141.3 MB/inf  ( 2.99 GB/s)
threads fold_bn+channels_last  N= 4 median   26.32 ms  DRAM rd  126.0 MB/inf  ( 4.78 GB/s)
threads fold_bn+channels_last  N= 8 median   15.33 ms  DRAM rd  115.9 MB/inf  ( 7.53 GB/s)
threads fold_bn+channels_last  N=16 median   10.57 ms  DRAM rd  117.3 MB/inf  (11.02 GB/s)
threads fold_bn+channels_last  N=26 median    9.91 ms  DRAM rd  117.8 MB/inf  (11.82 GB/s)
threads inductor               N= 1 median   70.15 ms  DRAM rd  114.6 MB/inf  ( 1.63 GB/s)
threads inductor               N= 2 median   37.37 ms  DRAM rd  105.9 MB/inf  ( 2.83 GB/s)
threads inductor               N= 4 median   20.18 ms  DRAM rd   91.7 MB/inf  ( 4.54 GB/s)
threads inductor               N= 8 median   11.79 ms  DRAM rd   89.9 MB/inf  ( 7.61 GB/s)
threads inductor               N=16 median    7.81 ms  DRAM rd   91.7 MB/inf  (11.68 GB/s)
threads inductor               N=26 median    7.63 ms  DRAM rd  125.8 MB/inf  (16.14 GB/s)
== independent single-thread instances
instances baseline N=1 done (1 results)
instances baseline N=2 done (2 results)
instances baseline N=4 done (4 results)
instances baseline N=8 done (8 results)
instances baseline N=16 done (16 results)
instances baseline N=26 done (26 results)
instances fold_bn+channels_last N=1 done (1 results)
instances fold_bn+channels_last N=2 done (2 results)
instances fold_bn+channels_last N=4 done (4 results)
instances fold_bn+channels_last N=8 done (8 results)
instances fold_bn+channels_last N=16 done (16 results)
instances fold_bn+channels_last N=26 done (26 results)
instances inductor N=1 done (1 results)
instances inductor N=2 done (2 results)
instances inductor N=4 done (4 results)
instances inductor N=8 done (8 results)
instances inductor N=16 done (16 results)
instances inductor N=26 done (26 results)
done: /users/joshliu/cpu-inference/results/2026-10-06_multicore
