== gate before: dispatch overhead
BUSY  2026-10-06T15:21:11+00:00 load1=26.55 dram_GBps=36.96 (limits: load<=4 dram<=2)
BUSY  2026-10-06T15:22:13+00:00 load1=27.53 dram_GBps=37.01 (limits: load<=4 dram<=2)
BUSY  2026-10-06T15:23:15+00:00 load1=27.83 dram_GBps=40.87 (limits: load<=4 dram<=2)
BUSY  2026-10-06T15:24:17+00:00 load1=28.52 dram_GBps=19.04 (limits: load<=4 dram<=2)
BUSY  2026-10-06T15:25:19+00:00 load1=28.35 dram_GBps=21.49 (limits: load<=4 dram<=2)
BUSY  2026-10-06T15:26:21+00:00 load1=28.70 dram_GBps=26.78 (limits: load<=4 dram<=2)
BUSY  2026-10-06T15:27:23+00:00 load1=27.26 dram_GBps=79.02 (limits: load<=4 dram<=2)
BUSY  2026-10-06T15:28:25+00:00 load1=24.12 dram_GBps=60.29 (limits: load<=4 dram<=2)
BUSY  2026-10-06T15:29:27+00:00 load1=25.89 dram_GBps=85.94 (limits: load<=4 dram<=2)
BUSY  2026-10-06T15:30:30+00:00 load1=20.81 dram_GBps=25.76 (limits: load<=4 dram<=2)
BUSY  2026-10-06T15:31:32+00:00 load1=17.98 dram_GBps=11.42 (limits: load<=4 dram<=2)
BUSY  2026-10-06T15:32:34+00:00 load1=8.47 dram_GBps=0.14 (limits: load<=4 dram<=2)
QUIET 2026-10-06T15:33:36+00:00 load1=2.86 dram_GBps=0.13 (limits: load<=4 dram<=2)
| torch.relu          |        2636.64 |      1.256 |                0.303 |              8328.6  |

done: /users/joshliu/cpu-inference/results/2026-10-06_dispatch_overhead
== gate before: optimizations
QUIET 2026-10-06T15:34:04+00:00 load1=2.29 dram_GBps=0.20 (limits: load<=4 dram<=2)

Input [1, 64, 112, 112] -> 200704 outputs; per-call medians of in-process counters, normalised per pooled output. Results identical to NCHW: {'channels_last': True, 'mkldnn': True}.

|               |   us_per_call |   cycles_per_output |   instructions_per_output |   ipc |   branches_per_output |   branch_misses_per_output |   loads_per_output |   stores_per_output |   fp_256b_per_output |   fp_512b_per_output |
|:--------------|--------------:|--------------------:|--------------------------:|------:|----------------------:|---------------------------:|-------------------:|--------------------:|---------------------:|---------------------:|
| nchw          |     10141.2   |             105.827 |                   213.559 | 2.018 |                39.181 |                      1.851 |             62.121 |              14.253 |                    0 |                    0 |
| channels_last |       610.398 |               6.373 |                    23.577 | 3.7   |                 2.114 |                      0     |              9.077 |               3.492 |                    0 |                    0 |
| mkldnn        |       476.656 |               4.976 |                     9.497 | 1.909 |                 0.448 |                      0     |              2.876 |               1.657 |                    0 |                    0 |
| to_cl         |       804.447 |               8.371 |                    28.654 | 3.423 |                 4.081 |                      0     |              4.026 |               4.015 |                    0 |                    0 |
| to_nchw       |       324.164 |               3.37  |                     7.073 | 2.099 |                 1.015 |                      0     |              1.02  |               1.011 |                    0 |                    0 |

## Mechanism check B: oneDNN primitives per inference

From ONEDNN verbose of one inference (exec times as reported by oneDNN). Weight reorders = conv weights converted to oneDNN's blocked layout on every call; activation reorders = NCHW <-> blocked conversions of activations. MKL SGEMM (unstrided 1x1 convs in eager NCHW) does not appear here.

| variant               |   convolution_calls |   convolution_ms |   reorder_weight_calls |   reorder_weight_ms |   reorder_weight_MB |   reorder_activation_calls |   reorder_activation_ms |   reorder_activation_MB |   other_onednn_ms |
|:----------------------|--------------------:|-----------------:|-----------------------:|--------------------:|--------------------:|---------------------------:|------------------------:|------------------------:|------------------:|
| baseline              |                  20 |            35.09 |                     20 |                6.48 |               56.32 |                         39 |                    2.02 |                   24.79 |              0    |
| channels_last         |                  20 |            34.93 |                     20 |                7.93 |               56.32 |                          0 |                    0    |                    0    |              0    |
| fold_bn+channels_last |                  20 |            34.66 |                     20 |                7.89 |               56.32 |                          0 |                    0    |                    0    |              0    |
| fold_bn               |                  20 |            36.02 |                     20 |                6.73 |               56.32 |                         39 |                    2.08 |                   24.79 |              0    |
| inductor              |                  53 |            66.25 |                      0 |                0    |                0    |                          0 |                    0    |                    0    |              0    |
| jit_freeze            |                  53 |            64.26 |                     53 |               11.79 |               93.82 |                          2 |                    0.07 |                    0.61 |              4.42 |
| maxpool_chlast        |                  20 |            35.05 |                     20 |                6.45 |               56.32 |                         39 |                    2.06 |                   24.79 |              0    |
| mkldnn_layout         |                  53 |            64.75 |                     53 |               12.06 |               93.82 |                          0 |                    0    |                    0    |             10.32 |

## Mechanism check C: ATen operators dispatched per inference (calls)

| variant               |   aten::_slow_conv2d_forward |   aten::add_ |   aten::addmm |   aten::clamp_min_ |   aten::copy_ |   aten::max_pool2d_with_indices |   aten::mkldnn_convolution |   aten::native_batch_norm |   aten::relu_ |   mkldnn::_convolution_pointwise |   mkldnn::_convolution_pointwise_ |
|:----------------------|-----------------------------:|-------------:|--------------:|-------------------:|--------------:|--------------------------------:|---------------------------:|--------------------------:|--------------:|---------------------------------:|----------------------------------:|
| baseline              |                           33 |           16 |             1 |                 49 |             2 |                               1 |                         20 |                        53 |            49 |                                0 |                                 0 |
| channels_last         |                           33 |           16 |             1 |                 49 |             2 |                               1 |                         20 |                        53 |            49 |                                0 |                                 0 |
| fold_bn               |                           33 |           16 |             1 |                 49 |            35 |                               1 |                         20 |                         0 |            49 |                                0 |                                 0 |
| fold_bn+channels_last |                           33 |           16 |             1 |                 49 |            35 |                               1 |                         20 |                         0 |            49 |                                0 |                                 0 |
| inductor              |                            0 |            0 |             0 |                  0 |             0 |                               0 |                          0 |                         0 |             0 |                               37 |                                16 |
| jit_freeze            |                            0 |           16 |             0 |                  0 |             0 |                               0 |                          0 |                         0 |            49 |                                0 |                                 0 |
| maxpool_chlast        |                           33 |           16 |             1 |                 49 |             4 |                               1 |                         20 |                        53 |            49 |                                0 |                                 0 |
| mkldnn_layout         |                            0 |           16 |             0 |                  0 |             0 |                               0 |                         53 |                        53 |            49 |                                0 |                                 0 |

done: /users/joshliu/cpu-inference/results/2026-10-06_optimizations
== gate before: multicore
QUIET 2026-10-06T15:36:45+00:00 load1=1.12 dram_GBps=0.29 (limits: load<=4 dram<=2)
variants: baseline fold_bn+channels_last inductor (from /users/joshliu/cpu-inference/results/2026-10-06_optimizations)
QUIET 2026-10-06T15:36:47+00:00 load1=1.03 dram_GBps=0.27 (limits: load<=4 dram<=2)
== intra-op thread scaling
threads baseline               N= 1 median  104.69 ms  DRAM rd  235.9 MB/inf  ( 2.26 GB/s)
threads baseline               N= 2 median   65.60 ms  DRAM rd  137.8 MB/inf  ( 2.09 GB/s)
threads baseline               N= 4 median   72.41 ms  DRAM rd  167.6 MB/inf  ( 2.34 GB/s)
threads baseline               N= 8 median   84.50 ms  DRAM rd  202.8 MB/inf  ( 2.00 GB/s)
threads baseline               N=16 median   15.46 ms  DRAM rd  215.6 MB/inf  ( 1.61 GB/s)
threads baseline               N=26 median   15.23 ms  DRAM rd  117.2 MB/inf  ( 7.67 GB/s)
threads fold_bn+channels_last  N= 1 median   85.35 ms  DRAM rd  150.2 MB/inf  ( 1.76 GB/s)
threads fold_bn+channels_last  N= 2 median   47.20 ms  DRAM rd  138.9 MB/inf  ( 2.94 GB/s)
threads fold_bn+channels_last  N= 4 median   26.27 ms  DRAM rd  116.8 MB/inf  ( 4.44 GB/s)
threads fold_bn+channels_last  N= 8 median   15.20 ms  DRAM rd  109.6 MB/inf  ( 7.19 GB/s)
