== gate before: tdgp re-run
BUSY  2026-10-06T00:35:14+00:00 load1=9.80 dram_GBps=0.19 (limits: load<=4 dram<=2)
QUIET 2026-10-06T00:36:16+00:00 load1=3.34 dram_GBps=0.15 (limits: load<=4 dram<=2)
== gate before: counter validation
QUIET 2026-10-06T00:38:38+00:00 load1=1.34 dram_GBps=0.18 (limits: load<=4 dram<=2)
== gate before: backend probe
QUIET 2026-10-06T00:38:51+00:00 load1=1.27 dram_GBps=0.34 (limits: load<=4 dram<=2)
== gate before: instruction profile
QUIET 2026-10-06T00:39:32+00:00 load1=1.14 dram_GBps=0.13 (limits: load<=4 dram<=2)
== gate before: dispatch overhead
BUSY  2026-10-06T00:45:12+00:00 load1=11.04 dram_GBps=0.69 (limits: load<=4 dram<=2)
BUSY  2026-10-06T00:46:14+00:00 load1=9.54 dram_GBps=1.04 (limits: load<=4 dram<=2)
== gate before: dispatch overhead
BUSY  2026-10-06T15:11:21+00:00 load1=12.31 dram_GBps=14.39 (limits: load<=4 dram<=2)
BUSY  2026-10-06T15:12:23+00:00 load1=11.58 dram_GBps=10.61 (limits: load<=4 dram<=2)
BUSY  2026-10-06T15:13:25+00:00 load1=12.83 dram_GBps=9.90 (limits: load<=4 dram<=2)
BUSY  2026-10-06T15:14:27+00:00 load1=11.14 dram_GBps=12.69 (limits: load<=4 dram<=2)
BUSY  2026-10-06T15:15:29+00:00 load1=9.10 dram_GBps=12.91 (limits: load<=4 dram<=2)
== gate before: dispatch overhead
BUSY  2026-10-06T15:21:11+00:00 load1=26.55 dram_GBps=36.96 (limits: load<=4 dram<=2)
BUSY  2026-10-06T15:22:13+00:00 load1=27.53 dram_GBps=37.01 (limits: load<=4 dram<=2)
BUSY  2026-10-06T15:23:15+00:00 load1=27.83 dram_GBps=40.87 (limits: load<=4 dram<=2)
BUSY  2026-10-06T15:24:17+00:00 load1=28.52 dram_GBps=19.04 (limits: load<=4 dram<=2)
BUSY  2026-10-06T15:25:19+00:00 load1=28.35 dram_GBps=21.49 (limits: load<=4 dram<=2)
BUSY  2026-10-06T15:26:21+00:00 load1=28.70 dram_GBps=26.78 (limits: load<=4 dram<=2)
BUSY  2026-10-06T15:27:23+00:00 load1=27.26 dram_GBps=79.02 (limits: load<=4 dram<=2)
BUSY  2026-10-06T15:28:25+00:00 load1=24.12 dram_GBps=60.29 (limits: load<=4 dram<=2)
BUSY  2026-10-06T15:29:27+00:00 load1=25.89 dram_GBps=85.94 (limits: load<=4 dram<=2)
BUSY  2026-10-06T15:30:30+00:00 load1=20.81 dram_GBps=25.76 (limits: load<=4 dram<=2)
BUSY  2026-10-06T15:31:32+00:00 load1=17.98 dram_GBps=11.42 (limits: load<=4 dram<=2)
BUSY  2026-10-06T15:32:34+00:00 load1=8.47 dram_GBps=0.14 (limits: load<=4 dram<=2)
QUIET 2026-10-06T15:33:36+00:00 load1=2.86 dram_GBps=0.13 (limits: load<=4 dram<=2)
== gate before: optimizations
QUIET 2026-10-06T15:34:04+00:00 load1=2.29 dram_GBps=0.20 (limits: load<=4 dram<=2)
== gate before: multicore
QUIET 2026-10-06T15:36:45+00:00 load1=1.12 dram_GBps=0.29 (limits: load<=4 dram<=2)
